func main()
stack_s5 = s5
stack_s10 = s10
stack_s3 = s3
stack_s1 = s1
stack_s1 = s1
stack_s10 = s10
stack_s5 = s5
stack_s11 = s11
stack_s7 = s7
stack_s6 = s6
stack_s11 = s11
stack_s9 = s9
stack_s8 = s8
stack_s11 = s11
stack_s1 = s1
stack_s8 = s8
stack_s2 = s2
stack_s7 = s7
stack_s9 = s9
stack_s6 = s6
stack_s4 = s4
stack_s4 = s4
stack_s10 = s10
stack_s3 = s3
stack_s6 = s6
stack_s8 = s8
stack_s7 = s7
stack_s9 = s9
stack_s5 = s5
stack_s1 = s1
stack_s5 = s5
stack_s2 = s2
stack_s11 = s11
stack_s6 = s6
stack_s10 = s10
stack_s8 = s8
stack_s11 = s11
stack_s2 = s2
stack_s9 = s9
stack_s7 = s7
stack_s10 = s10
stack_s1 = s1
stack_s3 = s3
stack_s4 = s4
stack_s7 = s7
stack_s4 = s4
stack_s9 = s9
stack_s8 = s8
stack_s1 = s1
stack_s3 = s3
stack_s4 = s4
stack_s2 = s2
stack_s3 = s3
stack_s4 = s4
stack_s6 = s6
stack_s11 = s11
stack_s2 = s2
stack_s5 = s5
stack_s6 = s6
stack_s4 = s4
stack_s10 = s10
stack_s3 = s3
stack_s7 = s7
stack_s9 = s9
stack_s1 = s1
stack_s10 = s10
stack_s3 = s3
stack_s4 = s4
stack_s6 = s6
stack_s7 = s7
stack_s3 = s3
stack_s1 = s1
stack_s5 = s5
stack_s9 = s9
stack_s8 = s8
stack_s5 = s5
stack_s9 = s9
stack_s6 = s6
stack_s8 = s8
stack_s2 = s2
stack_s7 = s7
stack_s2 = s2
stack_s11 = s11
t2 = 4
t3 = 4
t4 = alloc(t2)
t5 = alloc(t3)
s1 = @Mammal_eat
[t5 + 0] =s1
[t4 + 0] =t5
if0 t4 goto lbl_NullPtr_5
goto lbl_GoodPtr_6
lbl_NullPtr_5:
error ("null pointer")
lbl_GoodPtr_6:
t1 = t4
hm= t1
s3 = 8
s4 = 16
s2 = alloc(s3)
s5 = alloc(s4)
s6 = @Printer_logF
[s5 + 0] =s6
s7 = @Printer_print
[s5 + 4] =s7
s8 = @Printer_logT
[s5 + 8] =s8
s9 = @Printer_internal
[s5 + 12] =s9
[s2 + 0] =s5
if0 s2 goto lbl_NullPtr_15
goto lbl_GoodPtr_16
lbl_NullPtr_15:
error ("null pointer")
lbl_GoodPtr_16:
t1 = s2
log= t1
s11 = 5
t1 = s11
a= t1
t0 = a
t1 = a
t3 = t0 + t1
t1 = t3
a= t1
s1 = 5
s10 = s1
t5 = s10 * s10
s10 = t5
t0 = a
print (t0)
print (s10)
t1 = a
t4 = s10 - t1
print (t4)
s3 = 8
s4 = 12
t2 = alloc(s3)
s6 = alloc(s4)
s7 = @Aggregator_set
[s6 + 0] =s7
s8 = @Aggregator_get
[s6 + 4] =s8
s9 = @Aggregator_sum
[s6 + 8] =s9
[t2 + 0] =s6
if0 t2 goto lbl_NullPtr_29
goto lbl_GoodPtr_30
lbl_NullPtr_29:
error ("null pointer")
lbl_GoodPtr_30:
t1 = t2
agg= t1
t0 = agg
if0 t0 goto lbl_NullPtr_33
t0 = agg
s2 = [t0 + 0]
s2 = [s2 + 0]
s11 = 5
stack_a2 = a2
a2 = agg
stack_a3 = a3
a3 = s11
s5 = call s2()
a2 = stack_a2
a3 = stack_a3
goto lbl_GoodPtr_34
lbl_NullPtr_33:
error ("null pointer")
lbl_GoodPtr_34:
print (s5)
t0 = agg
if0 t0 goto lbl_NullPtr_38
t0 = agg
t3 = [t0 + 0]
t3 = [t3 + 8]
s1 = 5
stack_a2 = a2
a2 = agg
stack_a3 = a3
a3 = s1
t5 = call t3()
a2 = stack_a2
a3 = stack_a3
goto lbl_GoodPtr_39
lbl_NullPtr_38:
error ("null pointer")
lbl_GoodPtr_39:
print (t5)
t0 = agg
if0 t0 goto lbl_NullPtr_43
t0 = agg
s10 = [t0 + 0]
s10 = [s10 + 8]
t4 = 5
stack_a2 = a2
a2 = agg
stack_a3 = a3
a3 = t4
s3 = call s10()
a2 = stack_a2
a3 = stack_a3
goto lbl_GoodPtr_44
lbl_NullPtr_43:
error ("null pointer")
lbl_GoodPtr_44:
print (s3)
s4 = 4
s7 = 4
s8 = alloc(s4)
s9 = alloc(s7)
s6 = @Manip_doit
[s9 + 0] =s6
[s8 + 0] =s9
if0 s8 goto lbl_NullPtr_51
goto lbl_GoodPtr_52
lbl_NullPtr_51:
error ("null pointer")
lbl_GoodPtr_52:
t2 = s8
if0 t2 goto lbl_NullPtr_55
s2 = [t2 + 0]
s2 = [s2 + 0]
stack_t2 = t2
stack_a2 = a2
a2 = t2
stack_a3 = a3
a3 = agg
s11 = call s2()
a2 = stack_a2
a3 = stack_a3
t2 = stack_t2
goto lbl_GoodPtr_56
lbl_NullPtr_55:
error ("null pointer")
lbl_GoodPtr_56:
t1 = s11
a= t1
t0 = agg
if0 t0 goto lbl_NullPtr_59
t0 = agg
s5 = [t0 + 0]
s5 = [s5 + 4]
stack_t2 = t2
stack_a2 = a2
a2 = agg
t3 = call s5()
a2 = stack_a2
t2 = stack_t2
goto lbl_GoodPtr_60
lbl_NullPtr_59:
error ("null pointer")
lbl_GoodPtr_60:
print (t3)
if0 t2 goto lbl_NullPtr_63
s1 = [t2 + 0]
s1 = [s1 + 0]
stack_t2 = t2
stack_a2 = a2
a2 = t2
stack_a3 = a3
a3 = agg
t5 = call s1()
a2 = stack_a2
a3 = stack_a3
t2 = stack_t2
goto lbl_GoodPtr_64
lbl_NullPtr_63:
error ("null pointer")
lbl_GoodPtr_64:
t1 = t5
a= t1
t0 = agg
if0 t0 goto lbl_NullPtr_67
t0 = agg
s10 = [t0 + 0]
s10 = [s10 + 4]
stack_t2 = t2
stack_a2 = a2
a2 = agg
t4 = call s10()
a2 = stack_a2
t2 = stack_t2
goto lbl_GoodPtr_68
lbl_NullPtr_67:
error ("null pointer")
lbl_GoodPtr_68:
print (t4)
if0 t2 goto lbl_NullPtr_71
s3 = [t2 + 0]
s3 = [s3 + 0]
stack_a2 = a2
a2 = t2
stack_a3 = a3
a3 = agg
s4 = call s3()
a2 = stack_a2
a3 = stack_a3
goto lbl_GoodPtr_72
lbl_NullPtr_71:
error ("null pointer")
lbl_GoodPtr_72:
t1 = s4
a= t1
t0 = agg
if0 t0 goto lbl_NullPtr_75
t0 = agg
s7 = [t0 + 0]
s7 = [s7 + 4]
stack_a2 = a2
a2 = agg
s6 = call s7()
a2 = stack_a2
goto lbl_GoodPtr_76
lbl_NullPtr_75:
error ("null pointer")
lbl_GoodPtr_76:
print (s6)
t0 = log
if0 t0 goto lbl_NullPtr_85
t0 = log
s9 = [t0 + 0]
s9 = [s9 + 8]
stack_a2 = a2
a2 = log
s8 = call s9()
a2 = stack_a2
goto lbl_GoodPtr_86
lbl_NullPtr_85:
error ("null pointer")
lbl_GoodPtr_86:
if0 s8 goto lbl_FullAnd_81
t0 = log
if0 t0 goto lbl_NullPtr_89
t0 = log
s2 = [t0 + 0]
s2 = [s2 + 8]
stack_a2 = a2
a2 = log
s11 = call s2()
a2 = stack_a2
goto lbl_GoodPtr_90
lbl_NullPtr_89:
error ("null pointer")
lbl_GoodPtr_90:
s5 = s11
goto lbl_ShortAnd_82
lbl_FullAnd_81:
s5 = 0
lbl_ShortAnd_82:
if0 s5 goto lbl_FullAnd_78
t0 = log
if0 t0 goto lbl_NullPtr_93
t0 = log
t3 = [t0 + 0]
t3 = [t3 + 0]
stack_a2 = a2
a2 = log
s1 = call t3()
a2 = stack_a2
goto lbl_GoodPtr_94
lbl_NullPtr_93:
error ("null pointer")
lbl_GoodPtr_94:
t5 = s1
goto lbl_ShortAnd_79
lbl_FullAnd_78:
t5 = 0
lbl_ShortAnd_79:
t1 = t5
bb1= t1
t4 = 0
t2 = 1
s10 = t4 - t2
print (s10)
t0 = log
if0 t0 goto lbl_NullPtr_103
t0 = log
s3 = [t0 + 0]
s3 = [s3 + 0]
stack_a2 = a2
a2 = log
s4 = call s3()
a2 = stack_a2
goto lbl_GoodPtr_104
lbl_NullPtr_103:
error ("null pointer")
lbl_GoodPtr_104:
if0 s4 goto lbl_FullAnd_99
t0 = log
if0 t0 goto lbl_NullPtr_110
t0 = log
s7 = [t0 + 0]
s7 = [s7 + 8]
stack_a2 = a2
a2 = log
s6 = call s7()
a2 = stack_a2
goto lbl_GoodPtr_111
lbl_NullPtr_110:
error ("null pointer")
lbl_GoodPtr_111:
if0 s6 goto lbl_FullAnd_106
t0 = log
if0 t0 goto lbl_NullPtr_114
t0 = log
s9 = [t0 + 0]
s9 = [s9 + 0]
stack_a2 = a2
a2 = log
s8 = call s9()
a2 = stack_a2
goto lbl_GoodPtr_115
lbl_NullPtr_114:
error ("null pointer")
lbl_GoodPtr_115:
s2 = s8
goto lbl_ShortAnd_107
lbl_FullAnd_106:
s2 = 0
lbl_ShortAnd_107:
s11 = s2
goto lbl_ShortAnd_100
lbl_FullAnd_99:
s11 = 0
lbl_ShortAnd_100:
t1 = s11
bb1= t1
s5 = 0
t3 = 1
s1 = s5 - t3
print (s1)
t0 = log
if0 t0 goto lbl_NullPtr_124
t0 = log
t5 = [t0 + 0]
t5 = [t5 + 0]
stack_a2 = a2
a2 = log
t4 = call t5()
a2 = stack_a2
goto lbl_GoodPtr_125
lbl_NullPtr_124:
error ("null pointer")
lbl_GoodPtr_125:
if0 t4 goto lbl_FullAnd_120
t0 = log
if0 t0 goto lbl_NullPtr_128
t0 = log
t2 = [t0 + 0]
t2 = [t2 + 8]
stack_a2 = a2
a2 = log
s10 = call t2()
a2 = stack_a2
goto lbl_GoodPtr_129
lbl_NullPtr_128:
error ("null pointer")
lbl_GoodPtr_129:
s3 = s10
goto lbl_ShortAnd_121
lbl_FullAnd_120:
s3 = 0
lbl_ShortAnd_121:
t1 = s3
bb1= t1
s4 = 0
s7 = 1
s6 = s4 - s7
print (s6)
t0 = log
if0 t0 goto lbl_NullPtr_135
t0 = log
s9 = [t0 + 0]
s9 = [s9 + 12]
s8 = 1
stack_a2 = a2
a2 = log
stack_a3 = a3
a3 = s8
s2 = call s9()
a2 = stack_a2
a3 = stack_a3
goto lbl_GoodPtr_136
lbl_NullPtr_135:
error ("null pointer")
lbl_GoodPtr_136:
t1 = s2
bb1= t1
s11 = 0
s5 = 1
t3 = s11 - s5
print (t3)
t0 = log
if0 t0 goto lbl_NullPtr_143
t0 = log
s1 = [t0 + 0]
s1 = [s1 + 12]
t5 = 0
stack_a2 = a2
a2 = log
stack_a3 = a3
a3 = t5
t4 = call s1()
a2 = stack_a2
a3 = stack_a3
goto lbl_GoodPtr_144
lbl_NullPtr_143:
error ("null pointer")
lbl_GoodPtr_144:
t1 = t4
bb1= t1
t2 = 0
s10 = 1
s3 = t2 - s10
print (s3)
t0 = log
if0 t0 goto lbl_NullPtr_151
t0 = log
s4 = [t0 + 0]
s4 = [s4 + 12]
s7 = 1
stack_a2 = a2
a2 = log
stack_a3 = a3
a3 = s7
s6 = call s4()
a2 = stack_a2
a3 = stack_a3
goto lbl_GoodPtr_152
lbl_NullPtr_151:
error ("null pointer")
lbl_GoodPtr_152:
t1 = s6
bb1= t1
s9 = 0
s8 = 1
s2 = s9 - s8
print (s2)
t0 = log
if0 t0 goto lbl_NullPtr_159
t0 = log
s11 = [t0 + 0]
s11 = [s11 + 12]
s5 = 0
stack_a2 = a2
a2 = log
stack_a3 = a3
a3 = s5
t3 = call s11()
a2 = stack_a2
a3 = stack_a3
goto lbl_GoodPtr_160
lbl_NullPtr_159:
error ("null pointer")
lbl_GoodPtr_160:
t1 = t3
bb1= t1
t0 = hm
if0 t0 goto lbl_NullPtr_164
t0 = hm
s1 = [t0 + 0]
s1 = [s1 + 0]
stack_a2 = a2
a2 = hm
t5 = call s1()
a2 = stack_a2
goto lbl_GoodPtr_165
lbl_NullPtr_164:
error ("null pointer")
lbl_GoodPtr_165:
t1 = t5
bb1= t1
t4 = 0
t2 = 1
s10 = t4 < t2
if0 s10 goto lbl_Else_166
s3 = 50
print (s3)
goto lbl_IfEnd_167
lbl_Else_166:
s4 = 0
s7 = 50
s6 = s4 - s7
print (s6)
lbl_IfEnd_167:
s9 = 0
v175 = s9
s5 = stack_s5
s10 = stack_s10
s3 = stack_s3
s1 = stack_s1
s1 = stack_s1
s10 = stack_s10
s5 = stack_s5
s11 = stack_s11
s7 = stack_s7
s6 = stack_s6
s11 = stack_s11
s9 = stack_s9
s8 = stack_s8
s11 = stack_s11
s1 = stack_s1
s8 = stack_s8
s2 = stack_s2
s7 = stack_s7
s9 = stack_s9
s6 = stack_s6
s4 = stack_s4
s4 = stack_s4
s10 = stack_s10
s3 = stack_s3
s6 = stack_s6
s8 = stack_s8
s7 = stack_s7
s9 = stack_s9
s5 = stack_s5
s1 = stack_s1
s5 = stack_s5
s2 = stack_s2
s11 = stack_s11
s6 = stack_s6
s10 = stack_s10
s8 = stack_s8
s11 = stack_s11
s2 = stack_s2
s9 = stack_s9
s7 = stack_s7
s10 = stack_s10
s1 = stack_s1
s3 = stack_s3
s4 = stack_s4
s7 = stack_s7
s4 = stack_s4
s9 = stack_s9
s8 = stack_s8
s1 = stack_s1
s3 = stack_s3
s4 = stack_s4
s2 = stack_s2
s3 = stack_s3
s4 = stack_s4
s6 = stack_s6
s11 = stack_s11
s2 = stack_s2
s5 = stack_s5
s6 = stack_s6
s4 = stack_s4
s10 = stack_s10
s3 = stack_s3
s7 = stack_s7
s9 = stack_s9
s1 = stack_s1
s10 = stack_s10
s3 = stack_s3
s4 = stack_s4
s6 = stack_s6
s7 = stack_s7
s3 = stack_s3
s1 = stack_s1
s5 = stack_s5
s9 = stack_s9
s8 = stack_s8
s5 = stack_s5
s9 = stack_s9
s6 = stack_s6
s8 = stack_s8
s2 = stack_s2
s7 = stack_s7
s2 = stack_s2
s11 = stack_s11
t0 = v175
return v175
func Printer_print()
t3 = 100000001
print (t3)
t4 = 0
v177 = t4
t0 = v177
return v177
func Printer_logT()
stack_s1 = s1
t3 = [a2 + 4]
t4 = 1
t2 = t3 + t4
[a2 + 4] =t2
t5 = [a2 + 4]
print (t5)
s1 = 1
v182 = s1
s1 = stack_s1
t0 = v182
return v182
func Printer_logF()
stack_s1 = s1
t3 = [a2 + 4]
t4 = 1
t2 = t3 + t4
[a2 + 4] =t2
t5 = [a2 + 4]
print (t5)
s1 = 0
v187 = s1
s1 = stack_s1
t0 = v187
return v187
func Printer_internal()
stack_s1 = s1
stack_s2 = s2
if0 a3 goto lbl_Else_188
if0 a2 goto lbl_NullPtr_192
t4 = [a2 + 0]
t4 = [t4 + 12]
t2 = 0
stack_a2 = a2
a2 = a2
stack_a3 = a3
a3 = t2
t1 = call t4()
v191 = t1
a2 = stack_a2
a3 = stack_a3
goto lbl_GoodPtr_193
lbl_NullPtr_192:
error ("null pointer")
lbl_GoodPtr_193:
t0 = v191
t5 = t0
s1 = 123
print (s1)
goto lbl_IfEnd_189
lbl_Else_188:
s2 = 789
print (s2)
lbl_IfEnd_189:
t = a3
s1 = stack_s1
s2 = stack_s2
t0 = t
return t
func Aggregator_get()
t3 = [a2 + 4]
v197 = t3
t0 = v197
return v197
func Aggregator_set()
[a2 + 4] =a3
t4 = [a2 + 4]
v198 = t4
t0 = v198
return v198
func Aggregator_sum()
t4 = [a2 + 4]
t3 = t4 + a3
[a2 + 4] =t3
t5 = [a2 + 4]
v201 = t5
t0 = v201
return v201
func Manip_doit()
stack_s1 = s1
stack_s2 = s2
if0 a3 goto lbl_NullPtr_204
t4 = [a3 + 0]
t4 = [t4 + 8]
t5 = 3
stack_a2 = a2
a2 = a3
stack_a3 = a3
a3 = t5
t1 = call t4()
v203 = t1
a2 = stack_a2
a3 = stack_a3
goto lbl_GoodPtr_205
lbl_NullPtr_204:
error ("null pointer")
lbl_GoodPtr_205:
t0 = v203
s1 = t0
s2 = 0
v207 = s2
s1 = stack_s1
s2 = stack_s2
t0 = v207
return v207
func Mammal_eat()
t3 = 1
v208 = t3
t0 = v208
return v208
