func main()
stack_s2 = s2
stack_s3 = s3
stack_s4 = s4
stack_s1 = s1
t2 = 4
t3 = 4
t4 = alloc(t2)
t5 = alloc(t3)
s1 = @A_run
[t5 + 0] =s1
[t4 + 0] =t5
if0 t4 goto lbl_NullPtr_5
goto lbl_GoodPtr_6
lbl_NullPtr_5:
error ("null pointer")
lbl_GoodPtr_6:
if0 t4 goto lbl_NullPtr_9
s2 = [t4 + 0]
s2 = [s2 + 0]
stack_a2 = a2
a2 = t4
s3 = call s2()
a2 = stack_a2
goto lbl_GoodPtr_10
lbl_NullPtr_9:
error ("null pointer")
lbl_GoodPtr_10:
print (s3)
s4 = 0
v11 = s4
s2 = stack_s2
s3 = stack_s3
s4 = stack_s4
s1 = stack_s1
t0 = v11
return v11
func A_run()
t3 = 42
print (t3)
t4 = 99
v13 = t4
t0 = v13
return v13
