func main()
v0 = 1
v1 = 4
v2 = v0 * v1
v3 = alloc(v2)
v4 = 4
vmt_A = alloc(v4)
[v3 + 0] = vmt_A
v5 = @A_run
[vmt_A + 0] = v5
if0 v3 goto v3Error
goto v3End
v3Error:
error("null pointer")
v3End:
if0 v3 goto v6Error
goto v6Continue
v6Error:
error("null pointer")
v6Continue:
v7 = [v3 + 0]
v8 = [v7 + 0]
v9 = call v8(v3)
print(v9)
v10 = 0
return v10
func A_run(this)
v11 = 42
print(v11)
v12 = 99
return v12
