func main()
stack_s3 = s3
stack_s4 = s4
stack_s5 = s5
stack_s1 = s1
stack_s2 = s2
t2 = 4
t3 = 8
t4 = alloc(t2)
t5 = alloc(t3)
s1 = @A_helper
[t5 + 0] =s1
s2 = @A_run
[t5 + 4] =s2
[t4 + 0] =t5
if0 t4 goto lbl_NullPtr_6
goto lbl_GoodPtr_7
lbl_NullPtr_6:
error ("null pointer")
lbl_GoodPtr_7:
if0 t4 goto lbl_NullPtr_10
s3 = [t4 + 0]
s3 = [s3 + 4]
stack_a2 = a2
a2 = t4
s4 = call s3()
a2 = stack_a2
goto lbl_GoodPtr_11
lbl_NullPtr_10:
error ("null pointer")
lbl_GoodPtr_11:
print (s4)
s5 = 0
v12 = s5
s3 = stack_s3
s4 = stack_s4
s5 = stack_s5
s1 = stack_s1
s2 = stack_s2
t0 = v12
return v12
func A_run()
this = a2
stack_s3 = s3
stack_s4 = s4
stack_s2 = s2
stack_s1 = s1
t0 = this
if0 t0 goto lbl_NullPtr_15
t0 = this
t3 = [t0 + 0]
t3 = [t3 + 0]
t4 = 12
stack_a2 = a2
a2 = this
stack_a3 = a3
a3 = t4
t2 = call t3()
a2 = stack_a2
a3 = stack_a3
goto lbl_GoodPtr_16
lbl_NullPtr_15:
error ("null pointer")
lbl_GoodPtr_16:
t1 = t2
a= t1
t0 = this
if0 t0 goto lbl_NullPtr_20
t0 = this
s1 = [t0 + 0]
s1 = [s1 + 0]
s2 = 15
stack_a2 = a2
a2 = this
stack_a3 = a3
a3 = s2
t5 = call s1()
a2 = stack_a2
a3 = stack_a3
goto lbl_GoodPtr_21
lbl_NullPtr_20:
error ("null pointer")
lbl_GoodPtr_21:
s3 = t5
t0 = a
s4 = t0 + s3
v23 = s4
s3 = stack_s3
s4 = stack_s4
s2 = stack_s2
s1 = stack_s1
t0 = v23
return v23
func A_helper()
t3 = a2
t2 = a3
t1 = t2
x= t1
t5 = 1
t4 = t2 + t5
t2 = t4
t0 = x
print (t0)
t0 = x
return x
