func main()
stack_s2 = s2
stack_s3 = s3
stack_s4 = s4
stack_s5 = s5
stack_s1 = s1
t2 = 4
t3 = 4
t4 = alloc(t2)
t5 = alloc(t3)
s1 = @LoudPrinter_print
[t5 + 0] =s1
[t4 + 0] =t5
if0 t4 goto lbl_NullPtr_5
goto lbl_GoodPtr_6
lbl_NullPtr_5:
error ("null pointer")
lbl_GoodPtr_6:
s2 = t4
if0 s2 goto lbl_NullPtr_9
s3 = [s2 + 0]
s3 = [s3 + 0]
stack_a2 = a2
a2 = s2
s4 = call s3()
a2 = stack_a2
goto lbl_GoodPtr_10
lbl_NullPtr_9:
error ("null pointer")
lbl_GoodPtr_10:
print (s4)
s5 = 0
v11 = s5
s2 = stack_s2
s3 = stack_s3
s4 = stack_s4
s5 = stack_s5
s1 = stack_s1
t0 = v11
return v11
func Printer_print()
t3 = 5
v12 = t3
t0 = v12
return v12
func LoudPrinter_print()
t3 = 9
v13 = t3
t0 = v13
return v13
