func main()
v0 = 1
v1 = 4
v2 = v0 * v1
v3 = alloc(v2)
v4 = 4
vmt_BT = alloc(v4)
[v3 + 0] = vmt_BT
v5 = @BT_Start
[vmt_BT + 0] = v5
if0 v3 goto v3Error
goto v3End
v3Error:
error("null pointer")
v3End:
if0 v3 goto v6Error
goto v6Continue
v6Error:
error("null pointer")
v6Continue:
v7 = [v3 + 0]
v8 = [v7 + 0]
v9 = call v8(v3)
print(v9)
v10 = 0
return v10
func BT_Start(this)
v11 = 7
v12 = 4
v13 = v11 * v12
v14 = alloc(v13)
v15 = 80
vmt_Tree = alloc(v15)
[v14 + 0] = vmt_Tree
v16 = @Tree_Delete
[vmt_Tree + 52] = v16
v17 = @Tree_SetHas_Left
[vmt_Tree + 36] = v17
v18 = @Tree_RemoveLeft
[vmt_Tree + 64] = v18
v19 = @Tree_GetKey
[vmt_Tree + 20] = v19
v20 = @Tree_SetRight
[vmt_Tree + 4] = v20
v21 = @Tree_GetLeft
[vmt_Tree + 16] = v21
v22 = @Tree_GetRight
[vmt_Tree + 12] = v22
v23 = @Tree_Remove
[vmt_Tree + 56] = v23
v24 = @Tree_SetLeft
[vmt_Tree + 8] = v24
v25 = @Tree_Insert
[vmt_Tree + 48] = v25
v26 = @Tree_Print
[vmt_Tree + 72] = v26
v27 = @Tree_Init
[vmt_Tree + 0] = v27
v28 = @Tree_GetHas_Right
[vmt_Tree + 28] = v28
v29 = @Tree_GetHas_Left
[vmt_Tree + 32] = v29
v30 = @Tree_RemoveRight
[vmt_Tree + 60] = v30
v31 = @Tree_Search
[vmt_Tree + 68] = v31
v32 = @Tree_SetKey
[vmt_Tree + 24] = v32
v33 = @Tree_Compare
[vmt_Tree + 44] = v33
v34 = @Tree_SetHas_Right
[vmt_Tree + 40] = v34
v35 = @Tree_RecPrint
[vmt_Tree + 76] = v35
if0 v14 goto v14Error
goto v14End
v14Error:
error("null pointer")
v14End:
v36 = v14
root = v36
if0 root goto v37Error
goto v37Continue
v37Error:
error("null pointer")
v37Continue:
v38 = [root + 0]
v39 = [v38 + 0]
v40 = 16
v41 = call v39(root v40)
v42 = v41
ntb = v42
if0 root goto v43Error
goto v43Continue
v43Error:
error("null pointer")
v43Continue:
v44 = [root + 0]
v45 = [v44 + 72]
v46 = call v45(root)
v47 = v46
ntb = v47
v48 = 100000000
print(v48)
if0 root goto v49Error
goto v49Continue
v49Error:
error("null pointer")
v49Continue:
v50 = [root + 0]
v51 = [v50 + 48]
v52 = 8
v53 = call v51(root v52)
v54 = v53
ntb = v54
if0 root goto v55Error
goto v55Continue
v55Error:
error("null pointer")
v55Continue:
v56 = [root + 0]
v57 = [v56 + 72]
v58 = call v57(root)
v59 = v58
ntb = v59
if0 root goto v60Error
goto v60Continue
v60Error:
error("null pointer")
v60Continue:
v61 = [root + 0]
v62 = [v61 + 48]
v63 = 24
v64 = call v62(root v63)
v65 = v64
ntb = v65
if0 root goto v66Error
goto v66Continue
v66Error:
error("null pointer")
v66Continue:
v67 = [root + 0]
v68 = [v67 + 48]
v69 = 4
v70 = call v68(root v69)
v71 = v70
ntb = v71
if0 root goto v72Error
goto v72Continue
v72Error:
error("null pointer")
v72Continue:
v73 = [root + 0]
v74 = [v73 + 48]
v75 = 12
v76 = call v74(root v75)
v77 = v76
ntb = v77
if0 root goto v78Error
goto v78Continue
v78Error:
error("null pointer")
v78Continue:
v79 = [root + 0]
v80 = [v79 + 48]
v81 = 20
v82 = call v80(root v81)
v83 = v82
ntb = v83
if0 root goto v84Error
goto v84Continue
v84Error:
error("null pointer")
v84Continue:
v85 = [root + 0]
v86 = [v85 + 48]
v87 = 28
v88 = call v86(root v87)
v89 = v88
ntb = v89
if0 root goto v90Error
goto v90Continue
v90Error:
error("null pointer")
v90Continue:
v91 = [root + 0]
v92 = [v91 + 48]
v93 = 14
v94 = call v92(root v93)
v95 = v94
ntb = v95
if0 root goto v96Error
goto v96Continue
v96Error:
error("null pointer")
v96Continue:
v97 = [root + 0]
v98 = [v97 + 72]
v99 = call v98(root)
v100 = v99
ntb = v100
if0 root goto v101Error
goto v101Continue
v101Error:
error("null pointer")
v101Continue:
v102 = [root + 0]
v103 = [v102 + 68]
v104 = 24
v105 = call v103(root v104)
print(v105)
if0 root goto v106Error
goto v106Continue
v106Error:
error("null pointer")
v106Continue:
v107 = [root + 0]
v108 = [v107 + 68]
v109 = 12
v110 = call v108(root v109)
print(v110)
if0 root goto v111Error
goto v111Continue
v111Error:
error("null pointer")
v111Continue:
v112 = [root + 0]
v113 = [v112 + 68]
v114 = 16
v115 = call v113(root v114)
print(v115)
if0 root goto v116Error
goto v116Continue
v116Error:
error("null pointer")
v116Continue:
v117 = [root + 0]
v118 = [v117 + 68]
v119 = 50
v120 = call v118(root v119)
print(v120)
if0 root goto v121Error
goto v121Continue
v121Error:
error("null pointer")
v121Continue:
v122 = [root + 0]
v123 = [v122 + 68]
v124 = 12
v125 = call v123(root v124)
print(v125)
if0 root goto v126Error
goto v126Continue
v126Error:
error("null pointer")
v126Continue:
v127 = [root + 0]
v128 = [v127 + 52]
v129 = 12
v130 = call v128(root v129)
v131 = v130
ntb = v131
if0 root goto v132Error
goto v132Continue
v132Error:
error("null pointer")
v132Continue:
v133 = [root + 0]
v134 = [v133 + 72]
v135 = call v134(root)
v136 = v135
ntb = v136
if0 root goto v137Error
goto v137Continue
v137Error:
error("null pointer")
v137Continue:
v138 = [root + 0]
v139 = [v138 + 68]
v140 = 12
v141 = call v139(root v140)
print(v141)
v142 = 0
return v142
func Tree_Init(this v_key)
[this + 24]=v_key
v144 = 0
[this + 20]=v144
v146 = 0
[this + 8]=v146
v148 = 1
return v148
func Tree_SetRight(this rn)
[this + 16]=rn
v150 = 1
return v150
func Tree_SetLeft(this ln)
[this + 4]=ln
v152 = 1
return v152
func Tree_GetRight(this)
v153 = [this + 16]
return v153
func Tree_GetLeft(this)
v154 = [this + 4]
return v154
func Tree_GetKey(this)
v155 = [this + 24]
return v155
func Tree_SetKey(this v_key)
[this + 24]=v_key
v157 = 1
return v157
func Tree_GetHas_Right(this)
v158 = [this + 8]
return v158
func Tree_GetHas_Left(this)
v159 = [this + 20]
return v159
func Tree_SetHas_Left(this val)
[this + 20]=val
v161 = 1
return v161
func Tree_SetHas_Right(this val)
[this + 8]=val
v163 = 1
return v163
func Tree_Compare(this num1 num2)
v164 = 0
v165 = v164
ntb = v165
v166 = 1
v167=num2 + v166
v168 = v167
nti = v168
v169=num1 < num2
if0 v169 goto v169Else
v170 = 0
v171 = v170
ntb = v171
goto v169End
v169Else:
v172=num1 < nti
v174 = 1
v173 = v174 - v172
if0 v173 goto v173Else
v175 = 0
v176 = v175
ntb = v176
goto v173End
v173Else:
v177 = 1
v178 = v177
ntb = v178
v173End:
v169End:
return ntb
func Tree_Insert(this v_key)
v179 = 7
v180 = 4
v181 = v179 * v180
v182 = alloc(v181)
v183 = 80
vmt_Tree = alloc(v183)
[v182 + 0] = vmt_Tree
v184 = @Tree_Delete
[vmt_Tree + 52] = v184
v185 = @Tree_SetHas_Left
[vmt_Tree + 36] = v185
v186 = @Tree_RemoveLeft
[vmt_Tree + 64] = v186
v187 = @Tree_GetKey
[vmt_Tree + 20] = v187
v188 = @Tree_SetRight
[vmt_Tree + 4] = v188
v189 = @Tree_GetLeft
[vmt_Tree + 16] = v189
v190 = @Tree_GetRight
[vmt_Tree + 12] = v190
v191 = @Tree_Remove
[vmt_Tree + 56] = v191
v192 = @Tree_SetLeft
[vmt_Tree + 8] = v192
v193 = @Tree_Insert
[vmt_Tree + 48] = v193
v194 = @Tree_Print
[vmt_Tree + 72] = v194
v195 = @Tree_Init
[vmt_Tree + 0] = v195
v196 = @Tree_GetHas_Right
[vmt_Tree + 28] = v196
v197 = @Tree_GetHas_Left
[vmt_Tree + 32] = v197
v198 = @Tree_RemoveRight
[vmt_Tree + 60] = v198
v199 = @Tree_Search
[vmt_Tree + 68] = v199
v200 = @Tree_SetKey
[vmt_Tree + 24] = v200
v201 = @Tree_Compare
[vmt_Tree + 44] = v201
v202 = @Tree_SetHas_Right
[vmt_Tree + 40] = v202
v203 = @Tree_RecPrint
[vmt_Tree + 76] = v203
if0 v182 goto v182Error
goto v182End
v182Error:
error("null pointer")
v182End:
v204 = v182
new_node = v204
if0 new_node goto v205Error
goto v205Continue
v205Error:
error("null pointer")
v205Continue:
v206 = [new_node + 0]
v207 = [v206 + 0]
v208 = call v207(new_node v_key)
v209 = v208
ntb = v209
v210 = this
current_node = v210
v211 = 1
v212 = v211
cont = v212
loopv213:
if0 cont goto loopv213End
if0 current_node goto v214Error
goto v214Continue
v214Error:
error("null pointer")
v214Continue:
v215 = [current_node + 0]
v216 = [v215 + 20]
v217 = call v216(current_node)
v218 = v217
key_aux = v218
v219=v_key < key_aux
if0 v219 goto v219Else
if0 current_node goto v220Error
goto v220Continue
v220Error:
error("null pointer")
v220Continue:
v221 = [current_node + 0]
v222 = [v221 + 32]
v223 = call v222(current_node)
if0 v223 goto v223Else
if0 current_node goto v224Error
goto v224Continue
v224Error:
error("null pointer")
v224Continue:
v225 = [current_node + 0]
v226 = [v225 + 16]
v227 = call v226(current_node)
v228 = v227
current_node = v228
goto v223End
v223Else:
v229 = 0
v230 = v229
cont = v230
if0 current_node goto v231Error
goto v231Continue
v231Error:
error("null pointer")
v231Continue:
v232 = [current_node + 0]
v233 = [v232 + 36]
v234 = 1
v235 = call v233(current_node v234)
v236 = v235
ntb = v236
if0 current_node goto v237Error
goto v237Continue
v237Error:
error("null pointer")
v237Continue:
v238 = [current_node + 0]
v239 = [v238 + 8]
v240 = call v239(current_node new_node)
v241 = v240
ntb = v241
v223End:
goto v219End
v219Else:
if0 current_node goto v242Error
goto v242Continue
v242Error:
error("null pointer")
v242Continue:
v243 = [current_node + 0]
v244 = [v243 + 28]
v245 = call v244(current_node)
if0 v245 goto v245Else
if0 current_node goto v246Error
goto v246Continue
v246Error:
error("null pointer")
v246Continue:
v247 = [current_node + 0]
v248 = [v247 + 12]
v249 = call v248(current_node)
v250 = v249
current_node = v250
goto v245End
v245Else:
v251 = 0
v252 = v251
cont = v252
if0 current_node goto v253Error
goto v253Continue
v253Error:
error("null pointer")
v253Continue:
v254 = [current_node + 0]
v255 = [v254 + 40]
v256 = 1
v257 = call v255(current_node v256)
v258 = v257
ntb = v258
if0 current_node goto v259Error
goto v259Continue
v259Error:
error("null pointer")
v259Continue:
v260 = [current_node + 0]
v261 = [v260 + 4]
v262 = call v261(current_node new_node)
v263 = v262
ntb = v263
v245End:
v219End:
goto loopv213
loopv213End:
v264 = 1
return v264
func Tree_Delete(this v_key)
v265 = this
current_node = v265
v266 = this
parent_node = v266
v267 = 1
v268 = v267
cont = v268
v269 = 0
v270 = v269
found = v270
v271 = 1
v272 = v271
is_root = v272
loopv273:
if0 cont goto loopv273End
if0 current_node goto v274Error
goto v274Continue
v274Error:
error("null pointer")
v274Continue:
v275 = [current_node + 0]
v276 = [v275 + 20]
v277 = call v276(current_node)
v278 = v277
key_aux = v278
v279=v_key < key_aux
if0 v279 goto v279Else
if0 current_node goto v280Error
goto v280Continue
v280Error:
error("null pointer")
v280Continue:
v281 = [current_node + 0]
v282 = [v281 + 32]
v283 = call v282(current_node)
if0 v283 goto v283Else
v284 = current_node
parent_node = v284
if0 current_node goto v285Error
goto v285Continue
v285Error:
error("null pointer")
v285Continue:
v286 = [current_node + 0]
v287 = [v286 + 16]
v288 = call v287(current_node)
v289 = v288
current_node = v289
goto v283End
v283Else:
v290 = 0
v291 = v290
cont = v291
v283End:
goto v279End
v279Else:
v292=key_aux < v_key
if0 v292 goto v292Else
if0 current_node goto v293Error
goto v293Continue
v293Error:
error("null pointer")
v293Continue:
v294 = [current_node + 0]
v295 = [v294 + 28]
v296 = call v295(current_node)
if0 v296 goto v296Else
v297 = current_node
parent_node = v297
if0 current_node goto v298Error
goto v298Continue
v298Error:
error("null pointer")
v298Continue:
v299 = [current_node + 0]
v300 = [v299 + 12]
v301 = call v300(current_node)
v302 = v301
current_node = v302
goto v296End
v296Else:
v303 = 0
v304 = v303
cont = v304
v296End:
goto v292End
v292Else:
if0 is_root goto is_rootElse
if0 current_node goto v305Error
goto v305Continue
v305Error:
error("null pointer")
v305Continue:
v306 = [current_node + 0]
v307 = [v306 + 28]
v308 = call v307(current_node)
v310 = 1
v309 = v310 - v308
if0 v309 goto AndExprFalse
if0 current_node goto v311Error
goto v311Continue
v311Error:
error("null pointer")
v311Continue:
v312 = [current_node + 0]
v313 = [v312 + 32]
v314 = call v313(current_node)
v316 = 1
v315 = v316 - v314
andResult = v315
goto AndExprEnd
AndExprFalse:
andResult = 0
AndExprEnd:
if0 andResult goto andResultElse
v317 = 1
v318 = v317
ntb = v318
goto andResultEnd
andResultElse:
if0 this goto v319Error
goto v319Continue
v319Error:
error("null pointer")
v319Continue:
v320 = [this + 0]
v321 = [v320 + 56]
v322 = call v321(this parent_node current_node)
v323 = v322
ntb = v323
andResultEnd:
goto is_rootEnd
is_rootElse:
if0 this goto v324Error
goto v324Continue
v324Error:
error("null pointer")
v324Continue:
v325 = [this + 0]
v326 = [v325 + 56]
v327 = call v326(this parent_node current_node)
v328 = v327
ntb = v328
is_rootEnd:
v329 = 1
v330 = v329
found = v330
v331 = 0
v332 = v331
cont = v332
v292End:
v279End:
v333 = 0
v334 = v333
is_root = v334
goto loopv273
loopv273End:
return found
func Tree_Remove(this p_node c_node)
if0 c_node goto v335Error
goto v335Continue
v335Error:
error("null pointer")
v335Continue:
v336 = [c_node + 0]
v337 = [v336 + 32]
v338 = call v337(c_node)
if0 v338 goto v338Else
if0 this goto v339Error
goto v339Continue
v339Error:
error("null pointer")
v339Continue:
v340 = [this + 0]
v341 = [v340 + 64]
v342 = call v341(this p_node c_node)
v343 = v342
ntb = v343
goto v338End
v338Else:
if0 c_node goto v344Error
goto v344Continue
v344Error:
error("null pointer")
v344Continue:
v345 = [c_node + 0]
v346 = [v345 + 28]
v347 = call v346(c_node)
if0 v347 goto v347Else
if0 this goto v348Error
goto v348Continue
v348Error:
error("null pointer")
v348Continue:
v349 = [this + 0]
v350 = [v349 + 60]
v351 = call v350(this p_node c_node)
v352 = v351
ntb = v352
goto v347End
v347Else:
if0 c_node goto v353Error
goto v353Continue
v353Error:
error("null pointer")
v353Continue:
v354 = [c_node + 0]
v355 = [v354 + 20]
v356 = call v355(c_node)
v357 = v356
auxkey1 = v357
if0 p_node goto v358Error
goto v358Continue
v358Error:
error("null pointer")
v358Continue:
v359 = [p_node + 0]
v360 = [v359 + 16]
v361 = call v360(p_node)
if0 v361 goto v362Error
goto v362Continue
v362Error:
error("null pointer")
v362Continue:
v363 = [v361 + 0]
v364 = [v363 + 20]
v365 = call v364(v361)
v366 = v365
auxkey2 = v366
if0 this goto v367Error
goto v367Continue
v367Error:
error("null pointer")
v367Continue:
v368 = [this + 0]
v369 = [v368 + 44]
v370 = call v369(this auxkey1 auxkey2)
if0 v370 goto v370Else
if0 p_node goto v371Error
goto v371Continue
v371Error:
error("null pointer")
v371Continue:
v372 = [p_node + 0]
v373 = [v372 + 8]
v374 = [this + 12]
v375 = call v373(p_node v374)
v376 = v375
ntb = v376
if0 p_node goto v377Error
goto v377Continue
v377Error:
error("null pointer")
v377Continue:
v378 = [p_node + 0]
v379 = [v378 + 36]
v380 = 0
v381 = call v379(p_node v380)
v382 = v381
ntb = v382
goto v370End
v370Else:
if0 p_node goto v383Error
goto v383Continue
v383Error:
error("null pointer")
v383Continue:
v384 = [p_node + 0]
v385 = [v384 + 4]
v386 = [this + 12]
v387 = call v385(p_node v386)
v388 = v387
ntb = v388
if0 p_node goto v389Error
goto v389Continue
v389Error:
error("null pointer")
v389Continue:
v390 = [p_node + 0]
v391 = [v390 + 40]
v392 = 0
v393 = call v391(p_node v392)
v394 = v393
ntb = v394
v370End:
v347End:
v338End:
v395 = 1
return v395
func Tree_RemoveRight(this p_node c_node)
loopv396:
if0 c_node goto v397Error
goto v397Continue
v397Error:
error("null pointer")
v397Continue:
v398 = [c_node + 0]
v399 = [v398 + 28]
v400 = call v399(c_node)
if0 v400 goto loopv396End
if0 c_node goto v401Error
goto v401Continue
v401Error:
error("null pointer")
v401Continue:
v402 = [c_node + 0]
v403 = [v402 + 24]
if0 c_node goto v404Error
goto v404Continue
v404Error:
error("null pointer")
v404Continue:
v405 = [c_node + 0]
v406 = [v405 + 12]
v407 = call v406(c_node)
if0 v407 goto v408Error
goto v408Continue
v408Error:
error("null pointer")
v408Continue:
v409 = [v407 + 0]
v410 = [v409 + 20]
v411 = call v410(v407)
v412 = call v403(c_node v411)
v413 = v412
ntb = v413
v414 = c_node
p_node = v414
if0 c_node goto v415Error
goto v415Continue
v415Error:
error("null pointer")
v415Continue:
v416 = [c_node + 0]
v417 = [v416 + 12]
v418 = call v417(c_node)
v419 = v418
c_node = v419
goto loopv396
loopv396End:
if0 p_node goto v420Error
goto v420Continue
v420Error:
error("null pointer")
v420Continue:
v421 = [p_node + 0]
v422 = [v421 + 4]
v423 = [this + 12]
v424 = call v422(p_node v423)
v425 = v424
ntb = v425
if0 p_node goto v426Error
goto v426Continue
v426Error:
error("null pointer")
v426Continue:
v427 = [p_node + 0]
v428 = [v427 + 40]
v429 = 0
v430 = call v428(p_node v429)
v431 = v430
ntb = v431
v432 = 1
return v432
func Tree_RemoveLeft(this p_node c_node)
loopv433:
if0 c_node goto v434Error
goto v434Continue
v434Error:
error("null pointer")
v434Continue:
v435 = [c_node + 0]
v436 = [v435 + 32]
v437 = call v436(c_node)
if0 v437 goto loopv433End
if0 c_node goto v438Error
goto v438Continue
v438Error:
error("null pointer")
v438Continue:
v439 = [c_node + 0]
v440 = [v439 + 24]
if0 c_node goto v441Error
goto v441Continue
v441Error:
error("null pointer")
v441Continue:
v442 = [c_node + 0]
v443 = [v442 + 16]
v444 = call v443(c_node)
if0 v444 goto v445Error
goto v445Continue
v445Error:
error("null pointer")
v445Continue:
v446 = [v444 + 0]
v447 = [v446 + 20]
v448 = call v447(v444)
v449 = call v440(c_node v448)
v450 = v449
ntb = v450
v451 = c_node
p_node = v451
if0 c_node goto v452Error
goto v452Continue
v452Error:
error("null pointer")
v452Continue:
v453 = [c_node + 0]
v454 = [v453 + 16]
v455 = call v454(c_node)
v456 = v455
c_node = v456
goto loopv433
loopv433End:
if0 p_node goto v457Error
goto v457Continue
v457Error:
error("null pointer")
v457Continue:
v458 = [p_node + 0]
v459 = [v458 + 8]
v460 = [this + 12]
v461 = call v459(p_node v460)
v462 = v461
ntb = v462
if0 p_node goto v463Error
goto v463Continue
v463Error:
error("null pointer")
v463Continue:
v464 = [p_node + 0]
v465 = [v464 + 36]
v466 = 0
v467 = call v465(p_node v466)
v468 = v467
ntb = v468
v469 = 1
return v469
func Tree_Search(this v_key)
v470 = this
current_node = v470
v471 = 1
v472 = v471
cont = v472
v473 = 0
v474 = v473
ifound = v474
loopv475:
if0 cont goto loopv475End
if0 current_node goto v476Error
goto v476Continue
v476Error:
error("null pointer")
v476Continue:
v477 = [current_node + 0]
v478 = [v477 + 20]
v479 = call v478(current_node)
v480 = v479
key_aux = v480
v481=v_key < key_aux
if0 v481 goto v481Else
if0 current_node goto v482Error
goto v482Continue
v482Error:
error("null pointer")
v482Continue:
v483 = [current_node + 0]
v484 = [v483 + 32]
v485 = call v484(current_node)
if0 v485 goto v485Else
if0 current_node goto v486Error
goto v486Continue
v486Error:
error("null pointer")
v486Continue:
v487 = [current_node + 0]
v488 = [v487 + 16]
v489 = call v488(current_node)
v490 = v489
current_node = v490
goto v485End
v485Else:
v491 = 0
v492 = v491
cont = v492
v485End:
goto v481End
v481Else:
v493=key_aux < v_key
if0 v493 goto v493Else
if0 current_node goto v494Error
goto v494Continue
v494Error:
error("null pointer")
v494Continue:
v495 = [current_node + 0]
v496 = [v495 + 28]
v497 = call v496(current_node)
if0 v497 goto v497Else
if0 current_node goto v498Error
goto v498Continue
v498Error:
error("null pointer")
v498Continue:
v499 = [current_node + 0]
v500 = [v499 + 12]
v501 = call v500(current_node)
v502 = v501
current_node = v502
goto v497End
v497Else:
v503 = 0
v504 = v503
cont = v504
v497End:
goto v493End
v493Else:
v505 = 1
v506 = v505
ifound = v506
v507 = 0
v508 = v507
cont = v508
v493End:
v481End:
goto loopv475
loopv475End:
return ifound
func Tree_Print(this)
v509 = this
current_node = v509
if0 this goto v510Error
goto v510Continue
v510Error:
error("null pointer")
v510Continue:
v511 = [this + 0]
v512 = [v511 + 76]
v513 = call v512(this current_node)
v514 = v513
ntb = v514
v515 = 1
return v515
func Tree_RecPrint(this node)
if0 node goto v516Error
goto v516Continue
v516Error:
error("null pointer")
v516Continue:
v517 = [node + 0]
v518 = [v517 + 32]
v519 = call v518(node)
if0 v519 goto v519Else
if0 this goto v520Error
goto v520Continue
v520Error:
error("null pointer")
v520Continue:
v521 = [this + 0]
v522 = [v521 + 76]
if0 node goto v523Error
goto v523Continue
v523Error:
error("null pointer")
v523Continue:
v524 = [node + 0]
v525 = [v524 + 16]
v526 = call v525(node)
v527 = call v522(this v526)
v528 = v527
ntb = v528
goto v519End
v519Else:
v529 = 1
v530 = v529
ntb = v530
v519End:
if0 node goto v531Error
goto v531Continue
v531Error:
error("null pointer")
v531Continue:
v532 = [node + 0]
v533 = [v532 + 20]
v534 = call v533(node)
print(v534)
if0 node goto v535Error
goto v535Continue
v535Error:
error("null pointer")
v535Continue:
v536 = [node + 0]
v537 = [v536 + 28]
v538 = call v537(node)
if0 v538 goto v538Else
if0 this goto v539Error
goto v539Continue
v539Error:
error("null pointer")
v539Continue:
v540 = [this + 0]
v541 = [v540 + 76]
if0 node goto v542Error
goto v542Continue
v542Error:
error("null pointer")
v542Continue:
v543 = [node + 0]
v544 = [v543 + 12]
v545 = call v544(node)
v546 = call v541(this v545)
v547 = v546
ntb = v547
goto v538End
v538Else:
v548 = 1
v549 = v548
ntb = v549
v538End:
v550 = 1
return v550
