func main()
t2 = 12
t3 = 16
t4 = alloc(t2)
t5 = alloc(t3)
t2 = @BBS_Print
[t5 + 0] =t2
t3 = @BBS_Init
[t5 + 4] =t3
t2 = @BBS_Start
[t5 + 8] =t2
t3 = @BBS_Sort
[t5 + 12] =t3
[t4 + 0] =t5
if0 t4 goto lbl_NullPtr_8
goto lbl_GoodPtr_9
lbl_NullPtr_8:
error ("null pointer")
lbl_GoodPtr_9:
if0 t4 goto lbl_NullPtr_12
t2 = [t4 + 0]
t2 = [t2 + 8]
t3 = 10
a2 = t4
a3 = t3
t5 = call t2()
goto lbl_GoodPtr_13
lbl_NullPtr_12:
error ("null pointer")
lbl_GoodPtr_13:
print (t5)
t4 = 0
v15 = t4
return v15
func BBS_Start()
if0 a2 goto lbl_NullPtr_18
t4 = [a2 + 0]
t4 = [t4 + 4]
stack_a2 = a2
stack_a3 = a3
t5 = call t4()
a2 = stack_a2
a3 = stack_a3
goto lbl_GoodPtr_19
lbl_NullPtr_18:
error ("null pointer")
lbl_GoodPtr_19:
t2 = t5
if0 a2 goto lbl_NullPtr_22
t4 = [a2 + 0]
t4 = [t4 + 0]
stack_t2 = t2
stack_a2 = a2
t5 = call t4()
a2 = stack_a2
t2 = stack_t2
goto lbl_GoodPtr_23
lbl_NullPtr_22:
error ("null pointer")
lbl_GoodPtr_23:
t2 = t5
t4 = 99999
print (t4)
if0 a2 goto lbl_NullPtr_27
t5 = [a2 + 0]
t5 = [t5 + 12]
stack_t2 = t2
stack_a2 = a2
t4 = call t5()
a2 = stack_a2
t2 = stack_t2
goto lbl_GoodPtr_28
lbl_NullPtr_27:
error ("null pointer")
lbl_GoodPtr_28:
t2 = t4
if0 a2 goto lbl_NullPtr_31
t5 = [a2 + 0]
t5 = [t5 + 0]
stack_t2 = t2
stack_a2 = a2
t4 = call t5()
a2 = stack_a2
t2 = stack_t2
goto lbl_GoodPtr_32
lbl_NullPtr_31:
error ("null pointer")
lbl_GoodPtr_32:
t2 = t4
t3 = 0
v33 = t3
return v33
func BBS_Sort()
stack_s5 = s5
stack_s4 = s4
stack_s3 = s3
stack_s8 = s8
stack_s1 = s1
stack_s8 = s8
stack_s7 = s7
stack_s6 = s6
stack_s6 = s6
stack_s4 = s4
stack_s5 = s5
stack_s5 = s5
stack_s8 = s8
stack_s9 = s9
stack_s7 = s7
stack_s10 = s10
stack_s10 = s10
stack_s9 = s9
stack_s3 = s3
stack_s1 = s1
stack_s11 = s11
stack_s3 = s3
stack_s8 = s8
stack_s7 = s7
stack_s7 = s7
stack_s10 = s10
stack_s8 = s8
stack_s9 = s9
stack_s1 = s1
stack_s11 = s11
stack_s3 = s3
stack_s4 = s4
stack_s9 = s9
stack_s4 = s4
stack_s10 = s10
stack_s1 = s1
stack_s6 = s6
stack_s5 = s5
stack_s5 = s5
stack_s7 = s7
stack_s6 = s6
stack_s8 = s8
stack_s3 = s3
stack_s8 = s8
stack_s1 = s1
stack_s9 = s9
stack_s2 = s2
stack_s6 = s6
stack_s5 = s5
stack_s10 = s10
stack_s9 = s9
stack_s1 = s1
stack_s11 = s11
stack_s7 = s7
stack_s7 = s7
stack_s6 = s6
stack_s4 = s4
stack_s11 = s11
stack_s3 = s3
stack_s5 = s5
stack_s8 = s8
stack_s10 = s10
stack_s9 = s9
stack_s3 = s3
stack_s4 = s4
t3 = [a2 + 8]
t4 = 1
t5 = t3 - t4
t3 = t5
t4 = 0
t5 = 1
s1 = t4 - t5
t4 = s1
lbl_While_40:
t5 = t4 < t3
if0 t5 goto lbl_WhileExit_41
t5 = 1
s2 = t5
lbl_While_44:
t5 = 1
s3 = t3 + t5
t5 = s2 < s3
if0 t5 goto lbl_WhileExit_45
t5 = 1
s4 = s2 - t5
t5 = s4
s5 = [a2 + 4]
s6 = 4
s7 = 5
s8 = s6 - s7
s9 = [s5 + 0]
s10 = s8 < t5
s11 = t5 < s9
s1 = s10 * s11
if0 s1 goto lbl_OutOfBounds_59
goto lbl_Inbound_60
lbl_OutOfBounds_59:
error ("array index out of bounds")
lbl_Inbound_60:
s3 = s6 * t5
s3 = s3 + s6
s3 = s5 + s3
t5 = [s3 + 0]
s4 = t5
t5 = [a2 + 4]
s7 = 4
s8 = 5
s9 = s7 - s8
s10 = [t5 + 0]
s11 = s9 < s2
s1 = s2 < s10
s6 = s11 * s1
if0 s6 goto lbl_OutOfBounds_71
goto lbl_Inbound_72
lbl_OutOfBounds_71:
error ("array index out of bounds")
lbl_Inbound_72:
s5 = s7 * s2
s5 = s5 + s7
s5 = t5 + s5
t5 = [s5 + 0]
s3 = t5
t5 = s3 < s4
if0 t5 goto lbl_Else_75
t5 = 1
s8 = s2 - t5
t5 = s8
s9 = [a2 + 4]
s10 = 4
s11 = 5
s1 = s10 - s11
s6 = [s9 + 0]
s7 = s1 < t5
s5 = t5 < s6
s4 = s7 * s5
if0 s4 goto lbl_OutOfBounds_88
goto lbl_Inbound_89
lbl_OutOfBounds_88:
error ("array index out of bounds")
lbl_Inbound_89:
s3 = s10 * t5
s3 = s3 + s10
s3 = s9 + s3
s8 = [s3 + 0]
s11 = s8
s1 = [a2 + 4]
s6 = [a2 + 4]
s7 = 4
s5 = 5
s4 = s7 - s5
s10 = [s6 + 0]
s9 = s4 < s2
s3 = s2 < s10
s8 = s9 * s3
if0 s8 goto lbl_OutOfBounds_101
goto lbl_Inbound_102
lbl_OutOfBounds_101:
error ("array index out of bounds")
lbl_Inbound_102:
s5 = s7 * s2
s5 = s5 + s7
s5 = s6 + s5
s4 = [s5 + 0]
s10 = 4
s9 = 5
s3 = s10 - s9
s8 = [s1 + 0]
s7 = s3 < t5
s6 = t5 < s8
s5 = s7 * s6
if0 s5 goto lbl_OutOfBounds_112
goto lbl_Inbound_113
lbl_OutOfBounds_112:
error ("array index out of bounds")
lbl_Inbound_113:
s9 = s10 * t5
s9 = s9 + s10
s9 = s1 + s9
[s9 + 0] =s4
t5 = [a2 + 4]
s3 = 4
s8 = 5
s7 = s3 - s8
s6 = [t5 + 0]
s5 = s7 < s2
s10 = s2 < s6
s1 = s5 * s10
if0 s1 goto lbl_OutOfBounds_123
goto lbl_Inbound_124
lbl_OutOfBounds_123:
error ("array index out of bounds")
lbl_Inbound_124:
s4 = s3 * s2
s4 = s4 + s3
s4 = t5 + s4
[s4 + 0] =s11
goto lbl_IfEnd_76
lbl_Else_75:
t5 = 0
s9 = t5
lbl_IfEnd_76:
t5 = 1
s8 = s2 + t5
s2 = s8
goto lbl_While_44
lbl_WhileExit_45:
t5 = 1
s7 = t3 - t5
t3 = s7
goto lbl_While_40
lbl_WhileExit_41:
t5 = 0
v131 = t5
s5 = stack_s5
s4 = stack_s4
s3 = stack_s3
s8 = stack_s8
s1 = stack_s1
s8 = stack_s8
s7 = stack_s7
s6 = stack_s6
s6 = stack_s6
s4 = stack_s4
s5 = stack_s5
s5 = stack_s5
s8 = stack_s8
s9 = stack_s9
s7 = stack_s7
s10 = stack_s10
s10 = stack_s10
s9 = stack_s9
s3 = stack_s3
s1 = stack_s1
s11 = stack_s11
s3 = stack_s3
s8 = stack_s8
s7 = stack_s7
s7 = stack_s7
s10 = stack_s10
s8 = stack_s8
s9 = stack_s9
s1 = stack_s1
s11 = stack_s11
s3 = stack_s3
s4 = stack_s4
s9 = stack_s9
s4 = stack_s4
s10 = stack_s10
s1 = stack_s1
s6 = stack_s6
s5 = stack_s5
s5 = stack_s5
s7 = stack_s7
s6 = stack_s6
s8 = stack_s8
s3 = stack_s3
s8 = stack_s8
s1 = stack_s1
s9 = stack_s9
s2 = stack_s2
s6 = stack_s6
s5 = stack_s5
s10 = stack_s10
s9 = stack_s9
s1 = stack_s1
s11 = stack_s11
s7 = stack_s7
s7 = stack_s7
s6 = stack_s6
s4 = stack_s4
s11 = stack_s11
s3 = stack_s3
s5 = stack_s5
s8 = stack_s8
s10 = stack_s10
s9 = stack_s9
s3 = stack_s3
s4 = stack_s4
return v131
func BBS_Print()
stack_s2 = s2
stack_s7 = s7
stack_s5 = s5
stack_s6 = s6
stack_s3 = s3
stack_s4 = s4
stack_s1 = s1
t3 = 0
t4 = t3
lbl_While_133:
t5 = [a2 + 8]
t3 = t4 < t5
if0 t3 goto lbl_WhileExit_134
t5 = [a2 + 4]
t3 = 4
s1 = 5
s2 = t3 - s1
s3 = [t5 + 0]
s4 = s2 < t4
s5 = t4 < s3
s6 = s4 * s5
if0 s6 goto lbl_OutOfBounds_145
goto lbl_Inbound_146
lbl_OutOfBounds_145:
error ("array index out of bounds")
lbl_Inbound_146:
s7 = t3 * t4
s7 = s7 + t3
s7 = t5 + s7
t3 = [s7 + 0]
print (t3)
t5 = 1
t3 = t4 + t5
t4 = t3
goto lbl_While_133
lbl_WhileExit_134:
t5 = 0
v151 = t5
s2 = stack_s2
s7 = stack_s7
s5 = stack_s5
s6 = stack_s6
s3 = stack_s3
s4 = stack_s4
s1 = stack_s1
return v151
func BBS_Init()
stack_s8 = s8
stack_s1 = s1
stack_s2 = s2
stack_s9 = s9
stack_s10 = s10
stack_s5 = s5
stack_s6 = s6
stack_s3 = s3
stack_s4 = s4
stack_s11 = s11
stack_s1 = s1
stack_s2 = s2
stack_s7 = s7
stack_s10 = s10
stack_s2 = s2
stack_s9 = s9
stack_s3 = s3
stack_s10 = s10
stack_s7 = s7
stack_s8 = s8
stack_s7 = s7
stack_s2 = s2
stack_s8 = s8
stack_s6 = s6
stack_s10 = s10
stack_s6 = s6
stack_s7 = s7
stack_s2 = s2
stack_s4 = s4
stack_s1 = s1
stack_s5 = s5
stack_s11 = s11
stack_s4 = s4
stack_s3 = s3
stack_s1 = s1
stack_s6 = s6
stack_s7 = s7
stack_s6 = s6
stack_s9 = s9
stack_s11 = s11
stack_s8 = s8
stack_s2 = s2
stack_s9 = s9
stack_s7 = s7
stack_s2 = s2
stack_s5 = s5
stack_s10 = s10
stack_s9 = s9
stack_s4 = s4
stack_s8 = s8
stack_s4 = s4
stack_s5 = s5
stack_s1 = s1
stack_s3 = s3
stack_s10 = s10
stack_s11 = s11
stack_s3 = s3
stack_s1 = s1
stack_s9 = s9
stack_s11 = s11
stack_s8 = s8
stack_s5 = s5
stack_s6 = s6
stack_s3 = s3
stack_s4 = s4
stack_s11 = s11
stack_s9 = s9
stack_s3 = s3
stack_s4 = s4
stack_s11 = s11
stack_s1 = s1
stack_s2 = s2
stack_s10 = s10
stack_s7 = s7
stack_s5 = s5
stack_s5 = s5
stack_s3 = s3
stack_s8 = s8
stack_s1 = s1
stack_s6 = s6
[a2 + 8] =a3
t4 = 1
t5 = 4
s1 = a3 + t4
s1 = s1 * t5
t4 = alloc(s1)
if0 t4 goto lbl_NullPtr_156
goto lbl_GoodPtr_157
lbl_NullPtr_156:
error ("null pointer")
lbl_GoodPtr_157:
[t4 + 0] =a3
[a2 + 4] =t4
t5 = 0
t2 = [a2 + 4]
t4 = 20
s2 = 4
s3 = 5
s4 = s2 - s3
s5 = [t2 + 0]
s6 = s4 < t5
s7 = t5 < s5
s8 = s6 * s7
if0 s8 goto lbl_OutOfBounds_168
goto lbl_Inbound_169
lbl_OutOfBounds_168:
error ("array index out of bounds")
lbl_Inbound_169:
s9 = s2 * t5
s9 = s9 + s2
s9 = t2 + s9
[s9 + 0] =t4
t5 = 1
t2 = [a2 + 4]
t4 = 7
s10 = 4
s11 = 5
s1 = s10 - s11
s3 = [t2 + 0]
s4 = s1 < t5
s5 = t5 < s3
s6 = s4 * s5
if0 s6 goto lbl_OutOfBounds_181
goto lbl_Inbound_182
lbl_OutOfBounds_181:
error ("array index out of bounds")
lbl_Inbound_182:
s7 = s10 * t5
s7 = s7 + s10
s7 = t2 + s7
[s7 + 0] =t4
t5 = 2
t2 = [a2 + 4]
t4 = 12
s8 = 4
s2 = 5
s9 = s8 - s2
s11 = [t2 + 0]
s1 = s9 < t5
s3 = t5 < s11
s4 = s1 * s3
if0 s4 goto lbl_OutOfBounds_194
goto lbl_Inbound_195
lbl_OutOfBounds_194:
error ("array index out of bounds")
lbl_Inbound_195:
s5 = s8 * t5
s5 = s5 + s8
s5 = t2 + s5
[s5 + 0] =t4
t5 = 3
t2 = [a2 + 4]
t4 = 18
s6 = 4
s10 = 5
s7 = s6 - s10
s2 = [t2 + 0]
s9 = s7 < t5
s11 = t5 < s2
s1 = s9 * s11
if0 s1 goto lbl_OutOfBounds_207
goto lbl_Inbound_208
lbl_OutOfBounds_207:
error ("array index out of bounds")
lbl_Inbound_208:
s3 = s6 * t5
s3 = s3 + s6
s3 = t2 + s3
[s3 + 0] =t4
t5 = 4
t2 = [a2 + 4]
t4 = 2
s4 = 4
s8 = 5
s5 = s4 - s8
s10 = [t2 + 0]
s7 = s5 < t5
s2 = t5 < s10
s9 = s7 * s2
if0 s9 goto lbl_OutOfBounds_220
goto lbl_Inbound_221
lbl_OutOfBounds_220:
error ("array index out of bounds")
lbl_Inbound_221:
s11 = s4 * t5
s11 = s11 + s4
s11 = t2 + s11
[s11 + 0] =t4
t5 = 5
t2 = [a2 + 4]
t4 = 11
s1 = 4
s6 = 5
s3 = s1 - s6
s8 = [t2 + 0]
s5 = s3 < t5
s10 = t5 < s8
s7 = s5 * s10
if0 s7 goto lbl_OutOfBounds_233
goto lbl_Inbound_234
lbl_OutOfBounds_233:
error ("array index out of bounds")
lbl_Inbound_234:
s2 = s1 * t5
s2 = s2 + s1
s2 = t2 + s2
[s2 + 0] =t4
t5 = 6
t2 = [a2 + 4]
t4 = 6
s9 = 4
s4 = 5
s11 = s9 - s4
s6 = [t2 + 0]
s3 = s11 < t5
s8 = t5 < s6
s5 = s3 * s8
if0 s5 goto lbl_OutOfBounds_246
goto lbl_Inbound_247
lbl_OutOfBounds_246:
error ("array index out of bounds")
lbl_Inbound_247:
s10 = s9 * t5
s10 = s10 + s9
s10 = t2 + s10
[s10 + 0] =t4
t5 = 7
t2 = [a2 + 4]
t4 = 9
s7 = 4
s1 = 5
s2 = s7 - s1
s4 = [t2 + 0]
s11 = s2 < t5
s6 = t5 < s4
s3 = s11 * s6
if0 s3 goto lbl_OutOfBounds_259
goto lbl_Inbound_260
lbl_OutOfBounds_259:
error ("array index out of bounds")
lbl_Inbound_260:
s8 = s7 * t5
s8 = s8 + s7
s8 = t2 + s8
[s8 + 0] =t4
t5 = 8
t2 = [a2 + 4]
t4 = 19
s5 = 4
s9 = 5
s10 = s5 - s9
s1 = [t2 + 0]
s2 = s10 < t5
s4 = t5 < s1
s11 = s2 * s4
if0 s11 goto lbl_OutOfBounds_272
goto lbl_Inbound_273
lbl_OutOfBounds_272:
error ("array index out of bounds")
lbl_Inbound_273:
s6 = s5 * t5
s6 = s6 + s5
s6 = t2 + s6
[s6 + 0] =t4
t5 = 9
t2 = [a2 + 4]
t4 = 5
t3 = 4
s3 = 5
s7 = t3 - s3
s8 = [t2 + 0]
s9 = s7 < t5
s10 = t5 < s8
s1 = s9 * s10
if0 s1 goto lbl_OutOfBounds_285
goto lbl_Inbound_286
lbl_OutOfBounds_285:
error ("array index out of bounds")
lbl_Inbound_286:
s2 = t3 * t5
s2 = s2 + t3
s2 = t2 + s2
[s2 + 0] =t4
t5 = 0
v288 = t5
s8 = stack_s8
s1 = stack_s1
s2 = stack_s2
s9 = stack_s9
s10 = stack_s10
s5 = stack_s5
s6 = stack_s6
s3 = stack_s3
s4 = stack_s4
s11 = stack_s11
s1 = stack_s1
s2 = stack_s2
s7 = stack_s7
s10 = stack_s10
s2 = stack_s2
s9 = stack_s9
s3 = stack_s3
s10 = stack_s10
s7 = stack_s7
s8 = stack_s8
s7 = stack_s7
s2 = stack_s2
s8 = stack_s8
s6 = stack_s6
s10 = stack_s10
s6 = stack_s6
s7 = stack_s7
s2 = stack_s2
s4 = stack_s4
s1 = stack_s1
s5 = stack_s5
s11 = stack_s11
s4 = stack_s4
s3 = stack_s3
s1 = stack_s1
s6 = stack_s6
s7 = stack_s7
s6 = stack_s6
s9 = stack_s9
s11 = stack_s11
s8 = stack_s8
s2 = stack_s2
s9 = stack_s9
s7 = stack_s7
s2 = stack_s2
s5 = stack_s5
s10 = stack_s10
s9 = stack_s9
s4 = stack_s4
s8 = stack_s8
s4 = stack_s4
s5 = stack_s5
s1 = stack_s1
s3 = stack_s3
s10 = stack_s10
s11 = stack_s11
s3 = stack_s3
s1 = stack_s1
s9 = stack_s9
s11 = stack_s11
s8 = stack_s8
s5 = stack_s5
s6 = stack_s6
s3 = stack_s3
s4 = stack_s4
s11 = stack_s11
s9 = stack_s9
s3 = stack_s3
s4 = stack_s4
s11 = stack_s11
s1 = stack_s1
s2 = stack_s2
s10 = stack_s10
s7 = stack_s7
s5 = stack_s5
s5 = stack_s5
s3 = stack_s3
s8 = stack_s8
s1 = stack_s1
s6 = stack_s6
return v288
