func main()
stack_s3 = s3
stack_s4 = s4
stack_s2 = s2
stack_s5 = s5
stack_s6 = s6
stack_s8 = s8
stack_s7 = s7
stack_s9 = s9
stack_s10 = s10
stack_s1 = s1
stack_s11 = s11
t2 = 4
t3 = 4
t4 = alloc(t2)
t5 = alloc(t3)
s1 = @B_f
[t5 + 0] =s1
[t4 + 0] =t5
if0 t4 goto lbl_NullPtr_5
goto lbl_GoodPtr_6
lbl_NullPtr_5:
error ("null pointer")
lbl_GoodPtr_6:
t1 = t4
x= t1
s3 = 4
s4 = 4
s2 = alloc(s3)
s5 = alloc(s4)
s6 = @B_f
[s5 + 0] =s6
[s2 + 0] =s5
if0 s2 goto lbl_NullPtr_12
goto lbl_GoodPtr_13
lbl_NullPtr_12:
error ("null pointer")
lbl_GoodPtr_13:
s7 = s2
t0 = x
if0 t0 goto lbl_NullPtr_16
t0 = x
s8 = [t0 + 0]
s8 = [s8 + 0]
stack_a2 = a2
a2 = x
s9 = call s8()
a2 = stack_a2
goto lbl_GoodPtr_17
lbl_NullPtr_16:
error ("null pointer")
lbl_GoodPtr_17:
print (s9)
if0 s7 goto lbl_NullPtr_20
s10 = [s7 + 0]
s10 = [s10 + 0]
stack_a2 = a2
a2 = s7
s11 = call s10()
a2 = stack_a2
goto lbl_GoodPtr_21
lbl_NullPtr_20:
error ("null pointer")
lbl_GoodPtr_21:
print (s11)
t2 = 0
v22 = t2
s3 = stack_s3
s4 = stack_s4
s2 = stack_s2
s5 = stack_s5
s6 = stack_s6
s8 = stack_s8
s7 = stack_s7
s9 = stack_s9
s10 = stack_s10
s1 = stack_s1
s11 = stack_s11
t0 = v22
return v22
func A_f()
t3 = 1
v23 = t3
t0 = v23
return v23
func B_f()
t3 = 2
v24 = t3
t0 = v24
return v24
