func main()
stack_s2 = s2
stack_s3 = s3
stack_s4 = s4
stack_s1 = s1
t2 = 4
t3 = 4
t4 = alloc(t2)
t5 = alloc(t3)
s1 = @LL_Start
[t5 + 0] =s1
[t4 + 0] =t5
if0 t4 goto lbl_NullPtr_5
goto lbl_GoodPtr_6
lbl_NullPtr_5:
error ("null pointer")
lbl_GoodPtr_6:
if0 t4 goto lbl_NullPtr_9
s2 = [t4 + 0]
s2 = [s2 + 0]
stack_a2 = a2
a2 = t4
s3 = call s2()
a2 = stack_a2
goto lbl_GoodPtr_10
lbl_NullPtr_9:
error ("null pointer")
lbl_GoodPtr_10:
print (s3)
s4 = 0
v11 = s4
s2 = stack_s2
s3 = stack_s3
s4 = stack_s4
s1 = stack_s1
t0 = v11
return v11
func Element_Init()
this = a2
t4 = a3
t2 = a4
t3 = a5
t0 = this
[t0 + 12] =t4
t0 = this
[t0 + 4] =t2
t0 = this
[t0 + 8] =t3
t5 = 1
v12 = t5
t0 = v12
return v12
func Element_GetAge()
t2 = a2
t3 = [t2 + 12]
v13 = t3
t0 = v13
return v13
func Element_GetSalary()
t2 = a2
t3 = [t2 + 4]
v14 = t3
t0 = v14
return v14
func Element_GetMarried()
t2 = a2
t3 = [t2 + 8]
v15 = t3
t0 = v15
return v15
func Element_Equal()
this = a2
other = a3
stack_s6 = s6
stack_s1 = s1
stack_s8 = s8
stack_s1 = s1
stack_s5 = s5
stack_s2 = s2
stack_s7 = s7
stack_s6 = s6
stack_s4 = s4
stack_s3 = s3
stack_s5 = s5
stack_s9 = s9
stack_s8 = s8
stack_s7 = s7
stack_s10 = s10
stack_s10 = s10
stack_s11 = s11
stack_s9 = s9
stack_s2 = s2
stack_s4 = s4
stack_s3 = s3
t4 = 1
t1 = t4
ret_val= t1
t0 = other
if0 t0 goto lbl_NullPtr_19
t0 = other
t5 = [t0 + 0]
t5 = [t5 + 8]
stack_a2 = a2
a2 = other
t2 = call t5()
a2 = stack_a2
goto lbl_GoodPtr_20
lbl_NullPtr_19:
error ("null pointer")
lbl_GoodPtr_20:
s1 = t2
t0 = this
if0 t0 goto lbl_NullPtr_25
t0 = this
s2 = [t0 + 0]
s2 = [s2 + 20]
t0 = this
t3 = [t0 + 12]
stack_a2 = a2
a2 = this
stack_a3 = a3
a3 = s1
stack_a4 = a4
a4 = t3
t1 = call s2()
v24 = t1
a2 = stack_a2
a3 = stack_a3
a4 = stack_a4
goto lbl_GoodPtr_26
lbl_NullPtr_25:
error ("null pointer")
lbl_GoodPtr_26:
s3 = 1
t0 = v24
s4 = t0 < s3
if0 s4 goto lbl_Else_21
s5 = 0
t1 = s5
ret_val= t1
goto lbl_IfEnd_22
lbl_Else_21:
t0 = other
if0 t0 goto lbl_NullPtr_33
t0 = other
s6 = [t0 + 0]
s6 = [s6 + 0]
stack_a2 = a2
a2 = other
s7 = call s6()
a2 = stack_a2
goto lbl_GoodPtr_34
lbl_NullPtr_33:
error ("null pointer")
lbl_GoodPtr_34:
s8 = s7
t0 = this
if0 t0 goto lbl_NullPtr_39
t0 = this
s9 = [t0 + 0]
s9 = [s9 + 20]
t0 = this
s10 = [t0 + 4]
stack_a2 = a2
a2 = this
stack_a3 = a3
a3 = s8
stack_a4 = a4
a4 = s10
t1 = call s9()
v38 = t1
a2 = stack_a2
a3 = stack_a3
a4 = stack_a4
goto lbl_GoodPtr_40
lbl_NullPtr_39:
error ("null pointer")
lbl_GoodPtr_40:
s11 = 1
t0 = v38
t4 = t0 < s11
if0 t4 goto lbl_Else_35
t5 = 0
t1 = t5
ret_val= t1
goto lbl_IfEnd_36
lbl_Else_35:
t0 = this
t2 = [t0 + 8]
if0 t2 goto lbl_Else_45
t0 = other
if0 t0 goto lbl_NullPtr_52
t0 = other
s1 = [t0 + 0]
s1 = [s1 + 16]
stack_a2 = a2
a2 = other
s2 = call s1()
a2 = stack_a2
goto lbl_GoodPtr_53
lbl_NullPtr_52:
error ("null pointer")
lbl_GoodPtr_53:
t3 = 1
s3 = s2 < t3
if0 s3 goto lbl_Else_48
s4 = 0
t1 = s4
ret_val= t1
goto lbl_IfEnd_49
lbl_Else_48:
s5 = 0
s6 = s5
lbl_IfEnd_49:
goto lbl_IfEnd_46
lbl_Else_45:
t0 = other
if0 t0 goto lbl_NullPtr_62
t0 = other
s7 = [t0 + 0]
s7 = [s7 + 16]
stack_a2 = a2
a2 = other
s8 = call s7()
a2 = stack_a2
goto lbl_GoodPtr_63
lbl_NullPtr_62:
error ("null pointer")
lbl_GoodPtr_63:
if0 s8 goto lbl_Else_58
s9 = 0
t1 = s9
ret_val= t1
goto lbl_IfEnd_59
lbl_Else_58:
s10 = 0
s6 = s10
lbl_IfEnd_59:
lbl_IfEnd_46:
lbl_IfEnd_36:
lbl_IfEnd_22:
s6 = stack_s6
s1 = stack_s1
s8 = stack_s8
s1 = stack_s1
s5 = stack_s5
s2 = stack_s2
s7 = stack_s7
s6 = stack_s6
s4 = stack_s4
s3 = stack_s3
s5 = stack_s5
s9 = stack_s9
s8 = stack_s8
s7 = stack_s7
s10 = stack_s10
s10 = stack_s10
s11 = stack_s11
s9 = stack_s9
s2 = stack_s2
s4 = stack_s4
s3 = stack_s3
t0 = ret_val
return ret_val
func Element_Compare()
t2 = a2
num1 = a3
t4 = a4
stack_s2 = s2
stack_s4 = s4
stack_s3 = s3
stack_s6 = s6
stack_s5 = s5
stack_s8 = s8
stack_s7 = s7
stack_s1 = s1
stack_s9 = s9
t5 = 0
t1 = t5
retval= t1
s1 = 1
t3 = t4 + s1
s2 = t3
t0 = num1
s3 = t0 < t4
if0 s3 goto lbl_Else_69
s4 = 0
t1 = s4
retval= t1
goto lbl_IfEnd_70
lbl_Else_69:
t0 = num1
s5 = t0 < s2
s6 = 1
s7 = s5 < s6
if0 s7 goto lbl_Else_73
s8 = 0
t1 = s8
retval= t1
goto lbl_IfEnd_74
lbl_Else_73:
s9 = 1
t1 = s9
retval= t1
lbl_IfEnd_74:
lbl_IfEnd_70:
s2 = stack_s2
s4 = stack_s4
s3 = stack_s3
s6 = stack_s6
s5 = stack_s5
s8 = stack_s8
s7 = stack_s7
s1 = stack_s1
s9 = stack_s9
t0 = retval
return retval
func List_Init()
t2 = a2
t3 = 1
[t2 + 12] =t3
t4 = 1
v81 = t4
t0 = v81
return v81
func List_InitNew()
this = a2
t3 = a3
t2 = a4
t4 = a5
t0 = this
[t0 + 12] =t4
t0 = this
[t0 + 4] =t3
t0 = this
[t0 + 8] =t2
t5 = 1
v82 = t5
t0 = v82
return v82
func List_Insert()
t2 = a2
new_elem = a3
stack_s5 = s5
stack_s2 = s2
stack_s7 = s7
stack_s6 = s6
stack_s9 = s9
stack_s8 = s8
stack_s11 = s11
stack_s10 = s10
stack_s2 = s2
stack_s1 = s1
stack_s4 = s4
stack_s3 = s3
t1 = t2
aux03= t1
t5 = 16
t4 = 40
t3 = alloc(t5)
s1 = alloc(t4)
s2 = @List_Delete
[s1 + 0] =s2
s3 = @List_Print
[s1 + 4] =s3
s4 = @List_Init
[s1 + 8] =s4
s5 = @List_GetElem
[s1 + 12] =s5
s6 = @List_GetNext
[s1 + 16] =s6
s7 = @List_SetNext
[s1 + 20] =s7
s8 = @List_Search
[s1 + 24] =s8
s9 = @List_GetEnd
[s1 + 28] =s9
s10 = @List_InitNew
[s1 + 32] =s10
s11 = @List_Insert
[s1 + 36] =s11
[t3 + 0] =s1
if0 t3 goto lbl_NullPtr_97
goto lbl_GoodPtr_98
lbl_NullPtr_97:
error ("null pointer")
lbl_GoodPtr_98:
t1 = t3
aux02= t1
t0 = aux02
if0 t0 goto lbl_NullPtr_101
t0 = aux02
t5 = [t0 + 0]
t5 = [t5 + 32]
t4 = 0
stack_a2 = a2
a2 = aux02
stack_a3 = a3
a3 = new_elem
stack_a4 = a4
a4 = aux03
stack_a5 = a5
a5 = t4
t2 = call t5()
a2 = stack_a2
a3 = stack_a3
a4 = stack_a4
a5 = stack_a5
goto lbl_GoodPtr_102
lbl_NullPtr_101:
error ("null pointer")
lbl_GoodPtr_102:
s2 = t2
s5 = stack_s5
s2 = stack_s2
s7 = stack_s7
s6 = stack_s6
s9 = stack_s9
s8 = stack_s8
s11 = stack_s11
s10 = stack_s10
s2 = stack_s2
s1 = stack_s1
s4 = stack_s4
s3 = stack_s3
t0 = aux02
return aux02
func List_SetNext()
t3 = a2
t2 = a3
[t3 + 8] =t2
t4 = 1
v104 = t4
t0 = v104
return v104
func List_Delete()
this = a2
e = a3
stack_s5 = s5
stack_s8 = s8
stack_s9 = s9
stack_s11 = s11
stack_s10 = s10
stack_s10 = s10
stack_s8 = s8
stack_s11 = s11
stack_s6 = s6
stack_s9 = s9
stack_s7 = s7
stack_s6 = s6
stack_s2 = s2
stack_s6 = s6
stack_s7 = s7
stack_s5 = s5
stack_s5 = s5
stack_s2 = s2
stack_s7 = s7
stack_s3 = s3
stack_s1 = s1
stack_s4 = s4
stack_s2 = s2
stack_s8 = s8
stack_s1 = s1
stack_s4 = s4
stack_s3 = s3
stack_s4 = s4
stack_s3 = s3
t0 = this
t1 = t0
my_head= t1
t4 = 0
t1 = t4
ret_val= t1
t5 = 0
t3 = 1
t2 = t5 - t3
t1 = t2
aux04= t1
t0 = this
t1 = t0
aux01= t1
t0 = this
t1 = t0
prev= t1
t0 = this
s3 = [t0 + 12]
t1 = s3
var_end= t1
t0 = this
s4 = [t0 + 4]
t1 = s4
var_elem= t1
lbl_While_111:
s5 = 1
t0 = var_end
s2 = t0 < s5
if0 s2 goto lbl_FullAnd_114
s6 = 1
t0 = ret_val
s7 = t0 < s6
s8 = s7
goto lbl_ShortAnd_115
lbl_FullAnd_114:
s8 = 0
lbl_ShortAnd_115:
if0 s8 goto lbl_WhileExit_112
t0 = e
if0 t0 goto lbl_NullPtr_124
t0 = e
s9 = [t0 + 0]
s9 = [s9 + 12]
stack_a2 = a2
a2 = e
stack_a3 = a3
a3 = var_elem
s10 = call s9()
a2 = stack_a2
a3 = stack_a3
goto lbl_GoodPtr_125
lbl_NullPtr_124:
error ("null pointer")
lbl_GoodPtr_125:
if0 s10 goto lbl_Else_120
s11 = 1
t1 = s11
ret_val= t1
t4 = 0
t0 = aux04
t5 = t0 < t4
if0 t5 goto lbl_Else_127
t0 = aux01
if0 t0 goto lbl_NullPtr_133
t0 = aux01
t3 = [t0 + 0]
t3 = [t3 + 16]
stack_a2 = a2
a2 = aux01
t2 = call t3()
a2 = stack_a2
goto lbl_GoodPtr_134
lbl_NullPtr_133:
error ("null pointer")
lbl_GoodPtr_134:
t1 = t2
my_head= t1
goto lbl_IfEnd_128
lbl_Else_127:
s3 = 0
s4 = 555
s1 = s3 - s4
print (s1)
t0 = prev
if0 t0 goto lbl_NullPtr_140
t0 = prev
s5 = [t0 + 0]
s5 = [s5 + 20]
t0 = aux01
if0 t0 goto lbl_NullPtr_144
t0 = aux01
s2 = [t0 + 0]
s2 = [s2 + 16]
stack_a2 = a2
a2 = aux01
s6 = call s2()
a2 = stack_a2
goto lbl_GoodPtr_145
lbl_NullPtr_144:
error ("null pointer")
lbl_GoodPtr_145:
stack_a2 = a2
a2 = prev
stack_a3 = a3
a3 = s6
s7 = call s5()
a2 = stack_a2
a3 = stack_a3
goto lbl_GoodPtr_141
lbl_NullPtr_140:
error ("null pointer")
lbl_GoodPtr_141:
s8 = s7
s9 = 0
s10 = 555
s11 = s9 - s10
print (s11)
lbl_IfEnd_128:
goto lbl_IfEnd_121
lbl_Else_120:
t4 = 0
t5 = t4
lbl_IfEnd_121:
t3 = 1
t0 = ret_val
t2 = t0 < t3
if0 t2 goto lbl_Else_150
t0 = aux01
t1 = t0
prev= t1
t0 = aux01
if0 t0 goto lbl_NullPtr_156
t0 = aux01
s3 = [t0 + 0]
s3 = [s3 + 16]
stack_t5 = t5
stack_a2 = a2
a2 = aux01
s4 = call s3()
a2 = stack_a2
t5 = stack_t5
goto lbl_GoodPtr_157
lbl_NullPtr_156:
error ("null pointer")
lbl_GoodPtr_157:
t1 = s4
aux01= t1
t0 = aux01
if0 t0 goto lbl_NullPtr_160
t0 = aux01
s1 = [t0 + 0]
s1 = [s1 + 28]
stack_t5 = t5
stack_a2 = a2
a2 = aux01
s2 = call s1()
a2 = stack_a2
t5 = stack_t5
goto lbl_GoodPtr_161
lbl_NullPtr_160:
error ("null pointer")
lbl_GoodPtr_161:
t1 = s2
var_end= t1
t0 = aux01
if0 t0 goto lbl_NullPtr_164
t0 = aux01
s5 = [t0 + 0]
s5 = [s5 + 12]
stack_t5 = t5
stack_a2 = a2
a2 = aux01
s6 = call s5()
a2 = stack_a2
t5 = stack_t5
goto lbl_GoodPtr_165
lbl_NullPtr_164:
error ("null pointer")
lbl_GoodPtr_165:
t1 = s6
var_elem= t1
s7 = 1
t1 = s7
aux04= t1
goto lbl_IfEnd_151
lbl_Else_150:
s8 = 0
t5 = s8
lbl_IfEnd_151:
goto lbl_While_111
lbl_WhileExit_112:
s5 = stack_s5
s8 = stack_s8
s9 = stack_s9
s11 = stack_s11
s10 = stack_s10
s10 = stack_s10
s8 = stack_s8
s11 = stack_s11
s6 = stack_s6
s9 = stack_s9
s7 = stack_s7
s6 = stack_s6
s2 = stack_s2
s6 = stack_s6
s7 = stack_s7
s5 = stack_s5
s5 = stack_s5
s2 = stack_s2
s7 = stack_s7
s3 = stack_s3
s1 = stack_s1
s4 = stack_s4
s2 = stack_s2
s8 = stack_s8
s1 = stack_s1
s4 = stack_s4
s3 = stack_s3
s4 = stack_s4
s3 = stack_s3
t0 = my_head
return my_head
func List_Search()
t3 = a2
t2 = a3
stack_s9 = s9
stack_s3 = s3
stack_s10 = s10
stack_s1 = s1
stack_s6 = s6
stack_s7 = s7
stack_s8 = s8
stack_s5 = s5
stack_s11 = s11
stack_s4 = s4
stack_s2 = s2
t4 = 0
t1 = t4
int_ret_val= t1
t1 = t3
aux01= t1
t5 = [t3 + 12]
t1 = t5
var_end= t1
s1 = [t3 + 4]
t1 = s1
var_elem= t1
lbl_While_171:
s3 = 1
t0 = var_end
s2 = t0 < s3
if0 s2 goto lbl_WhileExit_172
if0 t2 goto lbl_NullPtr_179
s4 = [t2 + 0]
s4 = [s4 + 12]
stack_t2 = t2
stack_a2 = a2
a2 = t2
stack_a3 = a3
a3 = var_elem
s5 = call s4()
a2 = stack_a2
a3 = stack_a3
t2 = stack_t2
goto lbl_GoodPtr_180
lbl_NullPtr_179:
error ("null pointer")
lbl_GoodPtr_180:
if0 s5 goto lbl_Else_175
s6 = 1
t1 = s6
int_ret_val= t1
goto lbl_IfEnd_176
lbl_Else_175:
s7 = 0
s8 = s7
lbl_IfEnd_176:
t0 = aux01
if0 t0 goto lbl_NullPtr_185
t0 = aux01
s9 = [t0 + 0]
s9 = [s9 + 16]
stack_t2 = t2
stack_a2 = a2
a2 = aux01
s10 = call s9()
a2 = stack_a2
t2 = stack_t2
goto lbl_GoodPtr_186
lbl_NullPtr_185:
error ("null pointer")
lbl_GoodPtr_186:
t1 = s10
aux01= t1
t0 = aux01
if0 t0 goto lbl_NullPtr_189
t0 = aux01
s11 = [t0 + 0]
s11 = [s11 + 28]
stack_t2 = t2
stack_a2 = a2
a2 = aux01
t4 = call s11()
a2 = stack_a2
t2 = stack_t2
goto lbl_GoodPtr_190
lbl_NullPtr_189:
error ("null pointer")
lbl_GoodPtr_190:
t1 = t4
var_end= t1
t0 = aux01
if0 t0 goto lbl_NullPtr_193
t0 = aux01
t5 = [t0 + 0]
t5 = [t5 + 12]
stack_t2 = t2
stack_a2 = a2
a2 = aux01
t3 = call t5()
a2 = stack_a2
t2 = stack_t2
goto lbl_GoodPtr_194
lbl_NullPtr_193:
error ("null pointer")
lbl_GoodPtr_194:
t1 = t3
var_elem= t1
goto lbl_While_171
lbl_WhileExit_172:
s9 = stack_s9
s3 = stack_s3
s10 = stack_s10
s1 = stack_s1
s6 = stack_s6
s7 = stack_s7
s8 = stack_s8
s5 = stack_s5
s11 = stack_s11
s4 = stack_s4
s2 = stack_s2
t0 = int_ret_val
return int_ret_val
func List_GetEnd()
t2 = a2
t3 = [t2 + 12]
v195 = t3
t0 = v195
return v195
func List_GetElem()
t2 = a2
t3 = [t2 + 4]
v196 = t3
t0 = v196
return v196
func List_GetNext()
t2 = a2
t3 = [t2 + 8]
v197 = t3
t0 = v197
return v197
func List_Print()
t2 = a2
stack_s2 = s2
stack_s8 = s8
stack_s1 = s1
stack_s7 = s7
stack_s11 = s11
stack_s5 = s5
stack_s6 = s6
stack_s10 = s10
stack_s3 = s3
stack_s4 = s4
stack_s9 = s9
t3 = t2
t4 = [t2 + 12]
t1 = t4
var_end= t1
t5 = [t2 + 4]
t1 = t5
var_elem= t1
lbl_While_200:
s2 = 1
t0 = var_end
s1 = t0 < s2
if0 s1 goto lbl_WhileExit_201
t0 = var_elem
if0 t0 goto lbl_NullPtr_206
t0 = var_elem
s3 = [t0 + 0]
s3 = [s3 + 8]
stack_t3 = t3
stack_a2 = a2
a2 = var_elem
s4 = call s3()
a2 = stack_a2
t3 = stack_t3
goto lbl_GoodPtr_207
lbl_NullPtr_206:
error ("null pointer")
lbl_GoodPtr_207:
print (s4)
if0 t3 goto lbl_NullPtr_210
s5 = [t3 + 0]
s5 = [s5 + 16]
stack_t3 = t3
stack_a2 = a2
a2 = t3
s6 = call s5()
a2 = stack_a2
t3 = stack_t3
goto lbl_GoodPtr_211
lbl_NullPtr_210:
error ("null pointer")
lbl_GoodPtr_211:
t3 = s6
if0 t3 goto lbl_NullPtr_214
s7 = [t3 + 0]
s7 = [s7 + 28]
stack_t3 = t3
stack_a2 = a2
a2 = t3
s8 = call s7()
a2 = stack_a2
t3 = stack_t3
goto lbl_GoodPtr_215
lbl_NullPtr_214:
error ("null pointer")
lbl_GoodPtr_215:
t1 = s8
var_end= t1
if0 t3 goto lbl_NullPtr_218
s9 = [t3 + 0]
s9 = [s9 + 12]
stack_t3 = t3
stack_a2 = a2
a2 = t3
s10 = call s9()
a2 = stack_a2
t3 = stack_t3
goto lbl_GoodPtr_219
lbl_NullPtr_218:
error ("null pointer")
lbl_GoodPtr_219:
t1 = s10
var_elem= t1
goto lbl_While_200
lbl_WhileExit_201:
s11 = 1
v220 = s11
s2 = stack_s2
s8 = stack_s8
s1 = stack_s1
s7 = stack_s7
s11 = stack_s11
s5 = stack_s5
s6 = stack_s6
s10 = stack_s10
s3 = stack_s3
s4 = stack_s4
s9 = stack_s9
t0 = v220
return v220
func LL_Start()
t2 = a2
stack_s4 = s4
stack_s6 = s6
stack_s5 = s5
stack_s6 = s6
stack_s11 = s11
stack_s1 = s1
stack_s5 = s5
stack_s2 = s2
stack_s7 = s7
stack_s2 = s2
stack_s8 = s8
stack_s1 = s1
stack_s4 = s4
stack_s10 = s10
stack_s11 = s11
stack_s3 = s3
stack_s3 = s3
stack_s9 = s9
stack_s1 = s1
stack_s4 = s4
stack_s7 = s7
stack_s9 = s9
stack_s3 = s3
stack_s11 = s11
stack_s5 = s5
stack_s1 = s1
stack_s4 = s4
stack_s2 = s2
stack_s10 = s10
stack_s7 = s7
stack_s7 = s7
stack_s9 = s9
stack_s5 = s5
stack_s6 = s6
stack_s11 = s11
stack_s8 = s8
stack_s1 = s1
stack_s1 = s1
stack_s10 = s10
stack_s10 = s10
stack_s8 = s8
stack_s8 = s8
stack_s2 = s2
stack_s3 = s3
stack_s4 = s4
stack_s9 = s9
stack_s1 = s1
stack_s2 = s2
stack_s11 = s11
stack_s10 = s10
stack_s2 = s2
stack_s8 = s8
stack_s6 = s6
stack_s7 = s7
stack_s6 = s6
stack_s7 = s7
stack_s5 = s5
stack_s11 = s11
stack_s10 = s10
stack_s4 = s4
stack_s3 = s3
stack_s9 = s9
stack_s7 = s7
stack_s6 = s6
stack_s9 = s9
stack_s3 = s3
stack_s5 = s5
stack_s5 = s5
stack_s2 = s2
stack_s10 = s10
stack_s11 = s11
stack_s2 = s2
stack_s4 = s4
stack_s8 = s8
stack_s6 = s6
stack_s10 = s10
stack_s11 = s11
stack_s8 = s8
stack_s4 = s4
stack_s9 = s9
stack_s7 = s7
stack_s3 = s3
stack_s5 = s5
stack_s1 = s1
stack_s6 = s6
stack_s3 = s3
stack_s4 = s4
stack_s9 = s9
t3 = 16
t4 = 40
t5 = alloc(t3)
s1 = alloc(t4)
s2 = @List_Delete
[s1 + 0] =s2
s3 = @List_Print
[s1 + 4] =s3
s4 = @List_Init
[s1 + 8] =s4
s5 = @List_GetElem
[s1 + 12] =s5
s6 = @List_GetNext
[s1 + 16] =s6
s7 = @List_SetNext
[s1 + 20] =s7
s8 = @List_Search
[s1 + 24] =s8
s9 = @List_GetEnd
[s1 + 28] =s9
s10 = @List_InitNew
[s1 + 32] =s10
s11 = @List_Insert
[s1 + 36] =s11
[t5 + 0] =s1
if0 t5 goto lbl_NullPtr_235
goto lbl_GoodPtr_236
lbl_NullPtr_235:
error ("null pointer")
lbl_GoodPtr_236:
t2 = t5
if0 t2 goto lbl_NullPtr_239
t3 = [t2 + 0]
t3 = [t3 + 8]
stack_t2 = t2
stack_a2 = a2
a2 = t2
t4 = call t3()
a2 = stack_a2
t2 = stack_t2
goto lbl_GoodPtr_240
lbl_NullPtr_239:
error ("null pointer")
lbl_GoodPtr_240:
t1 = t4
aux01= t1
t1 = t2
head= t1
t0 = head
if0 t0 goto lbl_NullPtr_243
t0 = head
s4 = [t0 + 0]
s4 = [s4 + 8]
stack_a2 = a2
a2 = head
s2 = call s4()
a2 = stack_a2
goto lbl_GoodPtr_244
lbl_NullPtr_243:
error ("null pointer")
lbl_GoodPtr_244:
t1 = s2
aux01= t1
t0 = head
if0 t0 goto lbl_NullPtr_247
t0 = head
s5 = [t0 + 0]
s5 = [s5 + 4]
stack_a2 = a2
a2 = head
s6 = call s5()
a2 = stack_a2
goto lbl_GoodPtr_248
lbl_NullPtr_247:
error ("null pointer")
lbl_GoodPtr_248:
t1 = s6
aux01= t1
s7 = 16
s8 = 24
s3 = alloc(s7)
s9 = alloc(s8)
s10 = @Element_GetSalary
[s9 + 0] =s10
s11 = @Element_Init
[s9 + 4] =s11
s1 = @Element_GetAge
[s9 + 8] =s1
t5 = @Element_Equal
[s9 + 12] =t5
t3 = @Element_GetMarried
[s9 + 16] =t3
t4 = @Element_Compare
[s9 + 20] =t4
[s3 + 0] =s9
if0 s3 goto lbl_NullPtr_259
goto lbl_GoodPtr_260
lbl_NullPtr_259:
error ("null pointer")
lbl_GoodPtr_260:
t1 = s3
el01= t1
t0 = el01
if0 t0 goto lbl_NullPtr_263
t0 = el01
s4 = [t0 + 0]
s4 = [s4 + 4]
s2 = 25
t2 = 37000
t0 = 0
v267 = t0
stack_a2 = a2
a2 = el01
stack_a3 = a3
a3 = s2
stack_a4 = a4
a4 = t2
stack_a5 = a5
a5 = v267
t1 = call s4()
v262 = t1
a2 = stack_a2
a3 = stack_a3
a4 = stack_a4
a5 = stack_a5
goto lbl_GoodPtr_264
lbl_NullPtr_263:
error ("null pointer")
lbl_GoodPtr_264:
t0 = v262
t1 = t0
aux01= t1
t0 = head
if0 t0 goto lbl_NullPtr_270
t0 = head
s5 = [t0 + 0]
s5 = [s5 + 36]
stack_a2 = a2
a2 = head
stack_a3 = a3
a3 = el01
s6 = call s5()
a2 = stack_a2
a3 = stack_a3
goto lbl_GoodPtr_271
lbl_NullPtr_270:
error ("null pointer")
lbl_GoodPtr_271:
t1 = s6
head= t1
t0 = head
if0 t0 goto lbl_NullPtr_274
t0 = head
s7 = [t0 + 0]
s7 = [s7 + 4]
stack_a2 = a2
a2 = head
s8 = call s7()
a2 = stack_a2
goto lbl_GoodPtr_275
lbl_NullPtr_274:
error ("null pointer")
lbl_GoodPtr_275:
t1 = s8
aux01= t1
s10 = 10000000
print (s10)
s11 = 16
s1 = 24
t5 = alloc(s11)
t3 = alloc(s1)
t4 = @Element_GetSalary
[t3 + 0] =t4
s9 = @Element_Init
[t3 + 4] =s9
s3 = @Element_GetAge
[t3 + 8] =s3
s4 = @Element_Equal
[t3 + 12] =s4
s2 = @Element_GetMarried
[t3 + 16] =s2
t2 = @Element_Compare
[t3 + 20] =t2
[t5 + 0] =t3
if0 t5 goto lbl_NullPtr_287
goto lbl_GoodPtr_288
lbl_NullPtr_287:
error ("null pointer")
lbl_GoodPtr_288:
t1 = t5
el01= t1
t0 = el01
if0 t0 goto lbl_NullPtr_291
t0 = el01
s5 = [t0 + 0]
s5 = [s5 + 4]
s6 = 39
s7 = 42000
t0 = 1
v295 = t0
stack_a2 = a2
a2 = el01
stack_a3 = a3
a3 = s6
stack_a4 = a4
a4 = s7
stack_a5 = a5
a5 = v295
t1 = call s5()
v290 = t1
a2 = stack_a2
a3 = stack_a3
a4 = stack_a4
a5 = stack_a5
goto lbl_GoodPtr_292
lbl_NullPtr_291:
error ("null pointer")
lbl_GoodPtr_292:
t0 = v290
t1 = t0
aux01= t1
t0 = el01
t1 = t0
el02= t1
t0 = head
if0 t0 goto lbl_NullPtr_298
t0 = head
s10 = [t0 + 0]
s10 = [s10 + 36]
stack_a2 = a2
a2 = head
stack_a3 = a3
a3 = el01
s11 = call s10()
a2 = stack_a2
a3 = stack_a3
goto lbl_GoodPtr_299
lbl_NullPtr_298:
error ("null pointer")
lbl_GoodPtr_299:
t1 = s11
head= t1
t0 = head
if0 t0 goto lbl_NullPtr_302
t0 = head
s1 = [t0 + 0]
s1 = [s1 + 4]
stack_a2 = a2
a2 = head
t4 = call s1()
a2 = stack_a2
goto lbl_GoodPtr_303
lbl_NullPtr_302:
error ("null pointer")
lbl_GoodPtr_303:
t1 = t4
aux01= t1
s9 = 10000000
print (s9)
s3 = 16
s4 = 24
s8 = alloc(s3)
s2 = alloc(s4)
t2 = @Element_GetSalary
[s2 + 0] =t2
t3 = @Element_Init
[s2 + 4] =t3
t5 = @Element_GetAge
[s2 + 8] =t5
s5 = @Element_Equal
[s2 + 12] =s5
s6 = @Element_GetMarried
[s2 + 16] =s6
s7 = @Element_Compare
[s2 + 20] =s7
[s8 + 0] =s2
if0 s8 goto lbl_NullPtr_315
goto lbl_GoodPtr_316
lbl_NullPtr_315:
error ("null pointer")
lbl_GoodPtr_316:
t1 = s8
el01= t1
t0 = el01
if0 t0 goto lbl_NullPtr_319
t0 = el01
s10 = [t0 + 0]
s10 = [s10 + 4]
s11 = 22
s1 = 34000
t0 = 0
v323 = t0
stack_a2 = a2
a2 = el01
stack_a3 = a3
a3 = s11
stack_a4 = a4
a4 = s1
stack_a5 = a5
a5 = v323
t1 = call s10()
v318 = t1
a2 = stack_a2
a3 = stack_a3
a4 = stack_a4
a5 = stack_a5
goto lbl_GoodPtr_320
lbl_NullPtr_319:
error ("null pointer")
lbl_GoodPtr_320:
t0 = v318
t1 = t0
aux01= t1
t0 = head
if0 t0 goto lbl_NullPtr_326
t0 = head
t4 = [t0 + 0]
t4 = [t4 + 36]
stack_a2 = a2
a2 = head
stack_a3 = a3
a3 = el01
s9 = call t4()
a2 = stack_a2
a3 = stack_a3
goto lbl_GoodPtr_327
lbl_NullPtr_326:
error ("null pointer")
lbl_GoodPtr_327:
t1 = s9
head= t1
t0 = head
if0 t0 goto lbl_NullPtr_330
t0 = head
s3 = [t0 + 0]
s3 = [s3 + 4]
stack_a2 = a2
a2 = head
s4 = call s3()
a2 = stack_a2
goto lbl_GoodPtr_331
lbl_NullPtr_330:
error ("null pointer")
lbl_GoodPtr_331:
t1 = s4
aux01= t1
t2 = 16
t3 = 24
t5 = alloc(t2)
s5 = alloc(t3)
s6 = @Element_GetSalary
[s5 + 0] =s6
s7 = @Element_Init
[s5 + 4] =s7
s2 = @Element_GetAge
[s5 + 8] =s2
s8 = @Element_Equal
[s5 + 12] =s8
s10 = @Element_GetMarried
[s5 + 16] =s10
s11 = @Element_Compare
[s5 + 20] =s11
[t5 + 0] =s5
if0 t5 goto lbl_NullPtr_342
goto lbl_GoodPtr_343
lbl_NullPtr_342:
error ("null pointer")
lbl_GoodPtr_343:
t1 = t5
el03= t1
t0 = el03
if0 t0 goto lbl_NullPtr_346
t0 = el03
t4 = [t0 + 0]
t4 = [t4 + 4]
s9 = 27
s1 = 34000
t0 = 0
v350 = t0
stack_a2 = a2
a2 = el03
stack_a3 = a3
a3 = s9
stack_a4 = a4
a4 = s1
stack_a5 = a5
a5 = v350
t1 = call t4()
v345 = t1
a2 = stack_a2
a3 = stack_a3
a4 = stack_a4
a5 = stack_a5
goto lbl_GoodPtr_347
lbl_NullPtr_346:
error ("null pointer")
lbl_GoodPtr_347:
t0 = v345
t1 = t0
aux01= t1
t0 = head
if0 t0 goto lbl_NullPtr_353
t0 = head
s3 = [t0 + 0]
s3 = [s3 + 24]
stack_a2 = a2
a2 = head
stack_a3 = a3
a3 = el02
s4 = call s3()
a2 = stack_a2
a3 = stack_a3
goto lbl_GoodPtr_354
lbl_NullPtr_353:
error ("null pointer")
lbl_GoodPtr_354:
print (s4)
t0 = head
if0 t0 goto lbl_NullPtr_357
t0 = head
t2 = [t0 + 0]
t2 = [t2 + 24]
stack_a2 = a2
a2 = head
stack_a3 = a3
a3 = el03
t3 = call t2()
a2 = stack_a2
a3 = stack_a3
goto lbl_GoodPtr_358
lbl_NullPtr_357:
error ("null pointer")
lbl_GoodPtr_358:
print (t3)
s6 = 10000000
print (s6)
s7 = 16
s2 = 24
s8 = alloc(s7)
s10 = alloc(s2)
s11 = @Element_GetSalary
[s10 + 0] =s11
s5 = @Element_Init
[s10 + 4] =s5
t5 = @Element_GetAge
[s10 + 8] =t5
t4 = @Element_Equal
[s10 + 12] =t4
s9 = @Element_GetMarried
[s10 + 16] =s9
s1 = @Element_Compare
[s10 + 20] =s1
[s8 + 0] =s10
if0 s8 goto lbl_NullPtr_370
goto lbl_GoodPtr_371
lbl_NullPtr_370:
error ("null pointer")
lbl_GoodPtr_371:
t1 = s8
el01= t1
t0 = el01
if0 t0 goto lbl_NullPtr_374
t0 = el01
s3 = [t0 + 0]
s3 = [s3 + 4]
s4 = 28
t2 = 35000
t0 = 0
v378 = t0
stack_a2 = a2
a2 = el01
stack_a3 = a3
a3 = s4
stack_a4 = a4
a4 = t2
stack_a5 = a5
a5 = v378
t1 = call s3()
v373 = t1
a2 = stack_a2
a3 = stack_a3
a4 = stack_a4
a5 = stack_a5
goto lbl_GoodPtr_375
lbl_NullPtr_374:
error ("null pointer")
lbl_GoodPtr_375:
t0 = v373
t1 = t0
aux01= t1
t0 = head
if0 t0 goto lbl_NullPtr_381
t0 = head
t3 = [t0 + 0]
t3 = [t3 + 36]
stack_a2 = a2
a2 = head
stack_a3 = a3
a3 = el01
s6 = call t3()
a2 = stack_a2
a3 = stack_a3
goto lbl_GoodPtr_382
lbl_NullPtr_381:
error ("null pointer")
lbl_GoodPtr_382:
t1 = s6
head= t1
t0 = head
if0 t0 goto lbl_NullPtr_385
t0 = head
s7 = [t0 + 0]
s7 = [s7 + 4]
stack_a2 = a2
a2 = head
s2 = call s7()
a2 = stack_a2
goto lbl_GoodPtr_386
lbl_NullPtr_385:
error ("null pointer")
lbl_GoodPtr_386:
t1 = s2
aux01= t1
s11 = 2220000
print (s11)
t0 = head
if0 t0 goto lbl_NullPtr_390
t0 = head
s5 = [t0 + 0]
s5 = [s5 + 0]
stack_a2 = a2
a2 = head
stack_a3 = a3
a3 = el02
t5 = call s5()
a2 = stack_a2
a3 = stack_a3
goto lbl_GoodPtr_391
lbl_NullPtr_390:
error ("null pointer")
lbl_GoodPtr_391:
t1 = t5
head= t1
t0 = head
if0 t0 goto lbl_NullPtr_394
t0 = head
t4 = [t0 + 0]
t4 = [t4 + 4]
stack_a2 = a2
a2 = head
s9 = call t4()
a2 = stack_a2
goto lbl_GoodPtr_395
lbl_NullPtr_394:
error ("null pointer")
lbl_GoodPtr_395:
t1 = s9
aux01= t1
s1 = 33300000
print (s1)
t0 = head
if0 t0 goto lbl_NullPtr_399
t0 = head
s10 = [t0 + 0]
s10 = [s10 + 0]
stack_a2 = a2
a2 = head
stack_a3 = a3
a3 = el01
s8 = call s10()
a2 = stack_a2
a3 = stack_a3
goto lbl_GoodPtr_400
lbl_NullPtr_399:
error ("null pointer")
lbl_GoodPtr_400:
t1 = s8
head= t1
t0 = head
if0 t0 goto lbl_NullPtr_403
t0 = head
s3 = [t0 + 0]
s3 = [s3 + 4]
stack_a2 = a2
a2 = head
s4 = call s3()
a2 = stack_a2
goto lbl_GoodPtr_404
lbl_NullPtr_403:
error ("null pointer")
lbl_GoodPtr_404:
t1 = s4
aux01= t1
t2 = 44440000
print (t2)
t3 = 0
v406 = t3
s4 = stack_s4
s6 = stack_s6
s5 = stack_s5
s6 = stack_s6
s11 = stack_s11
s1 = stack_s1
s5 = stack_s5
s2 = stack_s2
s7 = stack_s7
s2 = stack_s2
s8 = stack_s8
s1 = stack_s1
s4 = stack_s4
s10 = stack_s10
s11 = stack_s11
s3 = stack_s3
s3 = stack_s3
s9 = stack_s9
s1 = stack_s1
s4 = stack_s4
s7 = stack_s7
s9 = stack_s9
s3 = stack_s3
s11 = stack_s11
s5 = stack_s5
s1 = stack_s1
s4 = stack_s4
s2 = stack_s2
s10 = stack_s10
s7 = stack_s7
s7 = stack_s7
s9 = stack_s9
s5 = stack_s5
s6 = stack_s6
s11 = stack_s11
s8 = stack_s8
s1 = stack_s1
s1 = stack_s1
s10 = stack_s10
s10 = stack_s10
s8 = stack_s8
s8 = stack_s8
s2 = stack_s2
s3 = stack_s3
s4 = stack_s4
s9 = stack_s9
s1 = stack_s1
s2 = stack_s2
s11 = stack_s11
s10 = stack_s10
s2 = stack_s2
s8 = stack_s8
s6 = stack_s6
s7 = stack_s7
s6 = stack_s6
s7 = stack_s7
s5 = stack_s5
s11 = stack_s11
s10 = stack_s10
s4 = stack_s4
s3 = stack_s3
s9 = stack_s9
s7 = stack_s7
s6 = stack_s6
s9 = stack_s9
s3 = stack_s3
s5 = stack_s5
s5 = stack_s5
s2 = stack_s2
s10 = stack_s10
s11 = stack_s11
s2 = stack_s2
s4 = stack_s4
s8 = stack_s8
s6 = stack_s6
s10 = stack_s10
s11 = stack_s11
s8 = stack_s8
s4 = stack_s4
s9 = stack_s9
s7 = stack_s7
s3 = stack_s3
s5 = stack_s5
s1 = stack_s1
s6 = stack_s6
s3 = stack_s3
s4 = stack_s4
s9 = stack_s9
t0 = v406
return v406
