func main()
v0 = 1
v1 = 4
v2 = v0 * v1
v3 = alloc(v2)
v4 = 8
vmt_MT4 = alloc(v4)
[v3 + 0] = vmt_MT4
v5 = @MT4_Start
[vmt_MT4 + 0] = v5
v6 = @MT4_Change
[vmt_MT4 + 4] = v6
if0 v3 goto v3Error
goto v3End
v3Error:
error("null pointer")
v3End:
if0 v3 goto v7Error
goto v7Continue
v7Error:
error("null pointer")
v7Continue:
v8 = [v3 + 0]
v9 = [v8 + 0]
v10 = 1
v11 = 2
v12 = 3
v13 = 4
v14 = 5
v15 = 6
v16 = call v9(v3 v10 v11 v12 v13 v14 v15)
print(v16)
v17 = 0
return v17
func MT4_Start(this p1 p2 p3 p4 p5 p6)
print(p1)
print(p2)
print(p3)
print(p4)
print(p5)
print(p6)
if0 this goto v18Error
goto v18Continue
v18Error:
error("null pointer")
v18Continue:
v19 = [this + 0]
v20 = [v19 + 4]
v21 = call v20(this p6 p5 p4 p3 p2 p1)
v22 = v21
aux = v22
return aux
func MT4_Change(this p1 p2 p3 p4 p5 p6)
print(p1)
print(p2)
print(p3)
print(p4)
print(p5)
print(p6)
v23 = 0
return v23
