func main()
stack_s3 = s3
stack_s4 = s4
stack_s5 = s5
stack_s6 = s6
stack_s7 = s7
stack_s1 = s1
stack_s2 = s2
t2 = 12
t3 = 16
t4 = alloc(t2)
t5 = alloc(t3)
s1 = @QS_Print
[t5 + 0] =s1
s2 = @QS_Init
[t5 + 4] =s2
s3 = @QS_Start
[t5 + 8] =s3
s4 = @QS_Sort
[t5 + 12] =s4
[t4 + 0] =t5
if0 t4 goto lbl_NullPtr_8
goto lbl_GoodPtr_9
lbl_NullPtr_8:
error ("null pointer")
lbl_GoodPtr_9:
if0 t4 goto lbl_NullPtr_12
s5 = [t4 + 0]
s5 = [s5 + 8]
s6 = 10
stack_a2 = a2
a2 = t4
stack_a3 = a3
a3 = s6
t1 = call s5()
v11 = t1
a2 = stack_a2
a3 = stack_a3
goto lbl_GoodPtr_13
lbl_NullPtr_12:
error ("null pointer")
lbl_GoodPtr_13:
t0 = v11
print (t0)
s7 = 0
v15 = s7
s3 = stack_s3
s4 = stack_s4
s5 = stack_s5
s6 = stack_s6
s7 = stack_s7
s1 = stack_s1
s2 = stack_s2
t0 = v15
return v15
func QS_Start()
this = a2
t2 = a3
stack_s2 = s2
stack_s7 = s7
stack_s1 = s1
stack_s10 = s10
stack_s9 = s9
stack_s3 = s3
stack_s5 = s5
stack_s4 = s4
stack_s11 = s11
stack_s8 = s8
stack_s6 = s6
t0 = this
if0 t0 goto lbl_NullPtr_18
t0 = this
t4 = [t0 + 0]
t4 = [t4 + 4]
stack_a2 = a2
a2 = this
stack_a3 = a3
a3 = t2
t3 = call t4()
a2 = stack_a2
a3 = stack_a3
goto lbl_GoodPtr_19
lbl_NullPtr_18:
error ("null pointer")
lbl_GoodPtr_19:
t1 = t3
aux01= t1
t0 = this
if0 t0 goto lbl_NullPtr_22
t0 = this
s1 = [t0 + 0]
s1 = [s1 + 0]
stack_a2 = a2
a2 = this
s2 = call s1()
a2 = stack_a2
goto lbl_GoodPtr_23
lbl_NullPtr_22:
error ("null pointer")
lbl_GoodPtr_23:
t1 = s2
aux01= t1
s3 = 9999
print (s3)
t0 = this
s4 = [t0 + 8]
s5 = 1
t5 = s4 - s5
t1 = t5
aux01= t1
t0 = this
if0 t0 goto lbl_NullPtr_30
t0 = this
s6 = [t0 + 0]
s6 = [s6 + 12]
s7 = 0
stack_a2 = a2
a2 = this
stack_a3 = a3
a3 = s7
stack_a4 = a4
a4 = aux01
s8 = call s6()
a2 = stack_a2
a3 = stack_a3
a4 = stack_a4
goto lbl_GoodPtr_31
lbl_NullPtr_30:
error ("null pointer")
lbl_GoodPtr_31:
t1 = s8
aux01= t1
t0 = this
if0 t0 goto lbl_NullPtr_35
t0 = this
s9 = [t0 + 0]
s9 = [s9 + 0]
stack_a2 = a2
a2 = this
s10 = call s9()
a2 = stack_a2
goto lbl_GoodPtr_36
lbl_NullPtr_35:
error ("null pointer")
lbl_GoodPtr_36:
t1 = s10
aux01= t1
s11 = 0
v37 = s11
s2 = stack_s2
s7 = stack_s7
s1 = stack_s1
s10 = stack_s10
s9 = stack_s9
s3 = stack_s3
s5 = stack_s5
s4 = stack_s4
s11 = stack_s11
s8 = stack_s8
s6 = stack_s6
t0 = v37
return v37
func QS_Sort()
this = a2
left = a3
right = a4
stack_s5 = s5
stack_s9 = s9
stack_s4 = s4
stack_s6 = s6
stack_s1 = s1
stack_s8 = s8
stack_s3 = s3
stack_s3 = s3
stack_s2 = s2
stack_s4 = s4
stack_s5 = s5
stack_s2 = s2
stack_s8 = s8
stack_s7 = s7
stack_s1 = s1
stack_s11 = s11
stack_s4 = s4
stack_s6 = s6
stack_s10 = s10
stack_s8 = s8
stack_s3 = s3
stack_s2 = s2
stack_s11 = s11
stack_s7 = s7
stack_s1 = s1
stack_s1 = s1
stack_s10 = s10
stack_s2 = s2
stack_s4 = s4
stack_s3 = s3
stack_s11 = s11
stack_s6 = s6
stack_s1 = s1
stack_s10 = s10
stack_s2 = s2
stack_s9 = s9
stack_s9 = s9
stack_s10 = s10
stack_s8 = s8
stack_s5 = s5
stack_s7 = s7
stack_s5 = s5
stack_s9 = s9
stack_s6 = s6
stack_s6 = s6
stack_s10 = s10
stack_s8 = s8
stack_s4 = s4
stack_s5 = s5
stack_s3 = s3
stack_s7 = s7
stack_s1 = s1
stack_s2 = s2
stack_s10 = s10
stack_s8 = s8
stack_s9 = s9
stack_s7 = s7
stack_s11 = s11
stack_s11 = s11
stack_s1 = s1
stack_s1 = s1
stack_s2 = s2
stack_s9 = s9
stack_s10 = s10
stack_s8 = s8
stack_s6 = s6
stack_s5 = s5
stack_s3 = s3
stack_s4 = s4
stack_s4 = s4
stack_s5 = s5
stack_s8 = s8
stack_s3 = s3
stack_s9 = s9
stack_s6 = s6
stack_s3 = s3
stack_s4 = s4
stack_s2 = s2
stack_s11 = s11
stack_s7 = s7
stack_s5 = s5
stack_s10 = s10
stack_s6 = s6
stack_s9 = s9
stack_s11 = s11
stack_s1 = s1
stack_s7 = s7
stack_s11 = s11
t4 = 0
t1 = t4
t= t1
t0 = left
t1 = right
t5 = t0 < t1
if0 t5 goto lbl_Else_39
t0 = this
t0 =[t0 + 4]
v42 = t0
t0 = 4
v43 = t0
t3 = 5
t0 = v43
s1 = t0 - t3
t0 = v42
s2 = [t0 + 0]
t1 = right
t2 = s1 < t1
t0 = right
s3 = t0 < s2
s4 = t2 * s3
if0 s4 goto lbl_OutOfBounds_50
goto lbl_Inbound_51
lbl_OutOfBounds_50:
error ("array index out of bounds")
lbl_Inbound_51:
t0 = v43
t1 = right
s5 = t0 * t1
t1 = v43
s5 = s5 + t1
t0 = v42
s5 = t0 + s5
s6 = [s5 + 0]
t1 = s6
v= t1
s8 = 1
t0 = left
s9 = t0 - s8
t1 = s9
i= t1
t0 = right
t1 = t0
j= t1
s10 = 1
t1 = s10
cont01= t1
lbl_While_57:
t0 = cont01
if0 t0 goto lbl_WhileExit_58
t4 = 1
t1 = t4
cont02= t1
lbl_While_60:
t0 = cont02
if0 t0 goto lbl_WhileExit_61
t5 = 1
t0 = i
s7 = t0 + t5
t1 = s7
i= t1
t0 = this
t0 =[t0 + 4]
v64 = t0
t0 = 4
v65 = t0
s11 = 5
t0 = v65
t3 = t0 - s11
t0 = v64
s2 = [t0 + 0]
t1 = i
s1 = t3 < t1
t0 = i
t2 = t0 < s2
s3 = s1 * t2
if0 s3 goto lbl_OutOfBounds_72
goto lbl_Inbound_73
lbl_OutOfBounds_72:
error ("array index out of bounds")
lbl_Inbound_73:
t0 = v65
t1 = i
s4 = t0 * t1
t1 = v65
s4 = s4 + t1
t0 = v64
s4 = t0 + s4
s5 = [s4 + 0]
t1 = s5
aux03= t1
t0 = aux03
t1 = v
s8 = t0 < t1
s9 = 1
s6 = s8 < s9
if0 s6 goto lbl_Else_76
s10 = 0
t1 = s10
cont02= t1
goto lbl_IfEnd_77
lbl_Else_76:
t4 = 1
t1 = t4
cont02= t1
lbl_IfEnd_77:
goto lbl_While_60
lbl_WhileExit_61:
t5 = 1
t1 = t5
cont02= t1
lbl_While_84:
t0 = cont02
if0 t0 goto lbl_WhileExit_85
s7 = 1
t0 = j
s11 = t0 - s7
t1 = s11
j= t1
t0 = this
t0 =[t0 + 4]
v88 = t0
t0 = 4
v89 = t0
s1 = 5
t0 = v89
t3 = t0 - s1
t0 = v88
t2 = [t0 + 0]
t1 = j
s2 = t3 < t1
t0 = j
s3 = t0 < t2
s4 = s2 * s3
if0 s4 goto lbl_OutOfBounds_96
goto lbl_Inbound_97
lbl_OutOfBounds_96:
error ("array index out of bounds")
lbl_Inbound_97:
t0 = v89
t1 = j
s5 = t0 * t1
t1 = v89
s5 = s5 + t1
t0 = v88
s5 = t0 + s5
s8 = [s5 + 0]
t1 = s8
aux03= t1
t0 = v
t1 = aux03
s9 = t0 < t1
s6 = 1
s10 = s9 < s6
if0 s10 goto lbl_Else_100
t4 = 0
t1 = t4
cont02= t1
goto lbl_IfEnd_101
lbl_Else_100:
t5 = 1
t1 = t5
cont02= t1
lbl_IfEnd_101:
goto lbl_While_84
lbl_WhileExit_85:
t0 = this
t0 =[t0 + 4]
v107 = t0
t0 = 4
v108 = t0
s1 = 5
t0 = v108
s7 = t0 - s1
t0 = v107
t3 = [t0 + 0]
t1 = i
s11 = s7 < t1
t0 = i
t2 = t0 < t3
s2 = s11 * t2
if0 s2 goto lbl_OutOfBounds_115
goto lbl_Inbound_116
lbl_OutOfBounds_115:
error ("array index out of bounds")
lbl_Inbound_116:
t0 = v108
t1 = i
s3 = t0 * t1
t1 = v108
s3 = s3 + t1
t0 = v107
s3 = t0 + s3
s4 = [s3 + 0]
t1 = s4
t= t1
t0 = this
t0 =[t0 + 4]
v119 = t0
t0 = this
t0 =[t0 + 4]
v120 = t0
t0 = 4
v121 = t0
s5 = 5
t0 = v121
s8 = t0 - s5
t0 = v120
s6 = [t0 + 0]
t1 = j
s9 = s8 < t1
t0 = j
s10 = t0 < s6
t4 = s9 * s10
if0 t4 goto lbl_OutOfBounds_128
goto lbl_Inbound_129
lbl_OutOfBounds_128:
error ("array index out of bounds")
lbl_Inbound_129:
t0 = v121
t1 = j
t5 = t0 * t1
t1 = v121
t5 = t5 + t1
t0 = v120
t5 = t0 + t5
t0 =[t5 + 0]
v131 = t0
t0 = 4
v132 = t0
t3 = 5
t0 = v132
s1 = t0 - t3
t0 = v119
s11 = [t0 + 0]
t1 = i
s7 = s1 < t1
t0 = i
t2 = t0 < s11
s2 = s7 * t2
if0 s2 goto lbl_OutOfBounds_139
goto lbl_Inbound_140
lbl_OutOfBounds_139:
error ("array index out of bounds")
lbl_Inbound_140:
t0 = v132
t1 = i
s3 = t0 * t1
t1 = v132
s3 = s3 + t1
t0 = v119
s3 = t0 + s3
t1 = v131
[s3 + 0] =t1
t0 = this
t0 =[t0 + 4]
v142 = t0
t0 = 4
v143 = t0
s8 = 5
t0 = v143
s4 = t0 - s8
t0 = v142
s6 = [t0 + 0]
t1 = j
s5 = s4 < t1
t0 = j
s9 = t0 < s6
s10 = s5 * s9
if0 s10 goto lbl_OutOfBounds_150
goto lbl_Inbound_151
lbl_OutOfBounds_150:
error ("array index out of bounds")
lbl_Inbound_151:
t0 = v143
t1 = j
t4 = t0 * t1
t1 = v143
t4 = t4 + t1
t0 = v142
t4 = t0 + t4
t1 = t
[t4 + 0] =t1
t5 = 1
t0 = i
t3 = t0 + t5
t0 = j
s1 = t0 < t3
if0 s1 goto lbl_Else_153
s11 = 0
t1 = s11
cont01= t1
goto lbl_IfEnd_154
lbl_Else_153:
s7 = 1
t1 = s7
cont01= t1
lbl_IfEnd_154:
goto lbl_While_57
lbl_WhileExit_58:
t0 = this
t0 =[t0 + 4]
v160 = t0
t0 = this
t0 =[t0 + 4]
v161 = t0
t0 = 4
v162 = t0
t2 = 5
t0 = v162
s2 = t0 - t2
t0 = v161
s8 = [t0 + 0]
t1 = i
s3 = s2 < t1
t0 = i
s4 = t0 < s8
s6 = s3 * s4
if0 s6 goto lbl_OutOfBounds_169
goto lbl_Inbound_170
lbl_OutOfBounds_169:
error ("array index out of bounds")
lbl_Inbound_170:
t0 = v162
t1 = i
s5 = t0 * t1
t1 = v162
s5 = s5 + t1
t0 = v161
s5 = t0 + s5
t0 =[s5 + 0]
v172 = t0
t0 = 4
v173 = t0
t4 = 5
t0 = v173
s9 = t0 - t4
t0 = v160
t5 = [t0 + 0]
t1 = j
s10 = s9 < t1
t0 = j
t3 = t0 < t5
s1 = s10 * t3
if0 s1 goto lbl_OutOfBounds_180
goto lbl_Inbound_181
lbl_OutOfBounds_180:
error ("array index out of bounds")
lbl_Inbound_181:
t0 = v173
t1 = j
s11 = t0 * t1
t1 = v173
s11 = s11 + t1
t0 = v160
s11 = t0 + s11
t1 = v172
[s11 + 0] =t1
t0 = this
t0 =[t0 + 4]
v183 = t0
t0 = this
t0 =[t0 + 4]
v184 = t0
t0 = 4
v185 = t0
s7 = 5
t0 = v185
t2 = t0 - s7
t0 = v184
s8 = [t0 + 0]
t1 = right
s2 = t2 < t1
t0 = right
s3 = t0 < s8
s4 = s2 * s3
if0 s4 goto lbl_OutOfBounds_192
goto lbl_Inbound_193
lbl_OutOfBounds_192:
error ("array index out of bounds")
lbl_Inbound_193:
t0 = v185
t1 = right
s6 = t0 * t1
t1 = v185
s6 = s6 + t1
t0 = v184
s6 = t0 + s6
t0 =[s6 + 0]
v195 = t0
t0 = 4
v196 = t0
s9 = 5
t0 = v196
s5 = t0 - s9
t0 = v183
t5 = [t0 + 0]
t1 = i
t4 = s5 < t1
t0 = i
s10 = t0 < t5
t3 = t4 * s10
if0 t3 goto lbl_OutOfBounds_203
goto lbl_Inbound_204
lbl_OutOfBounds_203:
error ("array index out of bounds")
lbl_Inbound_204:
t0 = v196
t1 = i
s1 = t0 * t1
t1 = v196
s1 = s1 + t1
t0 = v183
s1 = t0 + s1
t1 = v195
[s1 + 0] =t1
t0 = this
t0 =[t0 + 4]
v206 = t0
t0 = 4
v207 = t0
t2 = 5
t0 = v207
s11 = t0 - t2
t0 = v206
s8 = [t0 + 0]
t1 = right
s7 = s11 < t1
t0 = right
s2 = t0 < s8
s3 = s7 * s2
if0 s3 goto lbl_OutOfBounds_214
goto lbl_Inbound_215
lbl_OutOfBounds_214:
error ("array index out of bounds")
lbl_Inbound_215:
t0 = v207
t1 = right
s4 = t0 * t1
t1 = v207
s4 = s4 + t1
t0 = v206
s4 = t0 + s4
t1 = t
[s4 + 0] =t1
t0 = this
if0 t0 goto lbl_NullPtr_219
t0 = this
s6 = [t0 + 0]
s6 = [s6 + 12]
s9 = 1
t0 = i
s5 = t0 - s9
stack_a2 = a2
a2 = this
stack_a3 = a3
a3 = left
stack_a4 = a4
a4 = s5
t5 = call s6()
a2 = stack_a2
a3 = stack_a3
a4 = stack_a4
goto lbl_GoodPtr_220
lbl_NullPtr_219:
error ("null pointer")
lbl_GoodPtr_220:
t1 = t5
nt= t1
t0 = this
if0 t0 goto lbl_NullPtr_225
t0 = this
s10 = [t0 + 0]
s10 = [s10 + 12]
t3 = 1
t0 = i
t4 = t0 + t3
stack_a2 = a2
a2 = this
stack_a3 = a3
a3 = t4
stack_a4 = a4
a4 = right
s1 = call s10()
a2 = stack_a2
a3 = stack_a3
a4 = stack_a4
goto lbl_GoodPtr_226
lbl_NullPtr_225:
error ("null pointer")
lbl_GoodPtr_226:
t1 = s1
nt= t1
goto lbl_IfEnd_40
lbl_Else_39:
t2 = 0
t1 = t2
nt= t1
lbl_IfEnd_40:
s11 = 0
v230 = s11
s5 = stack_s5
s9 = stack_s9
s4 = stack_s4
s6 = stack_s6
s1 = stack_s1
s8 = stack_s8
s3 = stack_s3
s3 = stack_s3
s2 = stack_s2
s4 = stack_s4
s5 = stack_s5
s2 = stack_s2
s8 = stack_s8
s7 = stack_s7
s1 = stack_s1
s11 = stack_s11
s4 = stack_s4
s6 = stack_s6
s10 = stack_s10
s8 = stack_s8
s3 = stack_s3
s2 = stack_s2
s11 = stack_s11
s7 = stack_s7
s1 = stack_s1
s1 = stack_s1
s10 = stack_s10
s2 = stack_s2
s4 = stack_s4
s3 = stack_s3
s11 = stack_s11
s6 = stack_s6
s1 = stack_s1
s10 = stack_s10
s2 = stack_s2
s9 = stack_s9
s9 = stack_s9
s10 = stack_s10
s8 = stack_s8
s5 = stack_s5
s7 = stack_s7
s5 = stack_s5
s9 = stack_s9
s6 = stack_s6
s6 = stack_s6
s10 = stack_s10
s8 = stack_s8
s4 = stack_s4
s5 = stack_s5
s3 = stack_s3
s7 = stack_s7
s1 = stack_s1
s2 = stack_s2
s10 = stack_s10
s8 = stack_s8
s9 = stack_s9
s7 = stack_s7
s11 = stack_s11
s11 = stack_s11
s1 = stack_s1
s1 = stack_s1
s2 = stack_s2
s9 = stack_s9
s10 = stack_s10
s8 = stack_s8
s6 = stack_s6
s5 = stack_s5
s3 = stack_s3
s4 = stack_s4
s4 = stack_s4
s5 = stack_s5
s8 = stack_s8
s3 = stack_s3
s9 = stack_s9
s6 = stack_s6
s3 = stack_s3
s4 = stack_s4
s2 = stack_s2
s11 = stack_s11
s7 = stack_s7
s5 = stack_s5
s10 = stack_s10
s6 = stack_s6
s9 = stack_s9
s11 = stack_s11
s1 = stack_s1
s7 = stack_s7
s11 = stack_s11
t0 = v230
return v230
func QS_Print()
this = a2
stack_s10 = s10
stack_s6 = s6
stack_s7 = s7
stack_s4 = s4
stack_s5 = s5
stack_s3 = s3
stack_s2 = s2
stack_s1 = s1
stack_s9 = s9
stack_s8 = s8
t3 = 0
t1 = t3
j= t1
lbl_While_232:
t0 = this
t5 = [t0 + 8]
t0 = j
t4 = t0 < t5
if0 t4 goto lbl_WhileExit_233
t0 = this
t0 =[t0 + 4]
v236 = t0
t0 = 4
v237 = t0
t2 = 5
t0 = v237
s1 = t0 - t2
t0 = v236
s3 = [t0 + 0]
t1 = j
s2 = s1 < t1
t0 = j
s4 = t0 < s3
s5 = s2 * s4
if0 s5 goto lbl_OutOfBounds_244
goto lbl_Inbound_245
lbl_OutOfBounds_244:
error ("array index out of bounds")
lbl_Inbound_245:
t0 = v237
t1 = j
s6 = t0 * t1
t1 = v237
s6 = s6 + t1
t0 = v236
s6 = t0 + s6
s7 = [s6 + 0]
print (s7)
s8 = 1
t0 = j
s9 = t0 + s8
t1 = s9
j= t1
goto lbl_While_232
lbl_WhileExit_233:
s10 = 0
v250 = s10
s10 = stack_s10
s6 = stack_s6
s7 = stack_s7
s4 = stack_s4
s5 = stack_s5
s3 = stack_s3
s2 = stack_s2
s1 = stack_s1
s9 = stack_s9
s8 = stack_s8
t0 = v250
return v250
func QS_Init()
this = a2
sz = a3
stack_s1 = s1
stack_s2 = s2
stack_s5 = s5
stack_s11 = s11
stack_s10 = s10
stack_s7 = s7
stack_s11 = s11
stack_s6 = s6
stack_s8 = s8
stack_s9 = s9
stack_s1 = s1
stack_s4 = s4
stack_s5 = s5
stack_s7 = s7
stack_s3 = s3
stack_s6 = s6
stack_s4 = s4
stack_s3 = s3
stack_s2 = s2
stack_s1 = s1
stack_s5 = s5
stack_s9 = s9
stack_s10 = s10
stack_s7 = s7
stack_s8 = s8
stack_s6 = s6
stack_s6 = s6
stack_s10 = s10
stack_s11 = s11
stack_s9 = s9
stack_s8 = s8
stack_s4 = s4
stack_s3 = s3
stack_s5 = s5
stack_s2 = s2
stack_s4 = s4
stack_s3 = s3
stack_s2 = s2
stack_s1 = s1
stack_s3 = s3
stack_s4 = s4
stack_s6 = s6
stack_s2 = s2
stack_s7 = s7
stack_s8 = s8
stack_s11 = s11
stack_s5 = s5
stack_s10 = s10
stack_s9 = s9
stack_s11 = s11
stack_s10 = s10
stack_s9 = s9
stack_s7 = s7
stack_s1 = s1
stack_s8 = s8
t0 = this
t1 = sz
[t0 + 8] =t1
t4 = 1
t3 = 4
t0 = sz
t2 = t0 + t4
t2 = t2 * t3
t5 = alloc(t2)
if0 t5 goto lbl_NullPtr_255
goto lbl_GoodPtr_256
lbl_NullPtr_255:
error ("null pointer")
lbl_GoodPtr_256:
t1 = sz
[t5 + 0] =t1
t0 = this
[t0 + 4] =t5
t0 = 0
v257 = t0
t0 = this
t0 =[t0 + 4]
v258 = t0
t0 = 20
v259 = t0
t0 = 4
v260 = t0
s2 = 5
t0 = v260
s3 = t0 - s2
t0 = v258
s4 = [t0 + 0]
t1 = v257
s1 = s3 < t1
t0 = v257
s5 = t0 < s4
s6 = s1 * s5
if0 s6 goto lbl_OutOfBounds_267
goto lbl_Inbound_268
lbl_OutOfBounds_267:
error ("array index out of bounds")
lbl_Inbound_268:
t0 = v260
t1 = v257
s7 = t0 * t1
t1 = v260
s7 = s7 + t1
t0 = v258
s7 = t0 + s7
t1 = v259
[s7 + 0] =t1
t0 = 1
v270 = t0
t0 = this
t0 =[t0 + 4]
v271 = t0
t0 = 7
v272 = t0
t0 = 4
v273 = t0
s9 = 5
t0 = v273
s10 = t0 - s9
t0 = v271
s11 = [t0 + 0]
t1 = v270
s8 = s10 < t1
t0 = v270
t4 = t0 < s11
t3 = s8 * t4
if0 t3 goto lbl_OutOfBounds_280
goto lbl_Inbound_281
lbl_OutOfBounds_280:
error ("array index out of bounds")
lbl_Inbound_281:
t0 = v273
t1 = v270
t2 = t0 * t1
t1 = v273
t2 = t2 + t1
t0 = v271
t2 = t0 + t2
t1 = v272
[t2 + 0] =t1
t0 = 2
v283 = t0
t0 = this
t0 =[t0 + 4]
v284 = t0
t0 = 12
v285 = t0
t0 = 4
v286 = t0
s2 = 5
t0 = v286
s3 = t0 - s2
t0 = v284
s4 = [t0 + 0]
t1 = v283
t5 = s3 < t1
t0 = v283
s1 = t0 < s4
s5 = t5 * s1
if0 s5 goto lbl_OutOfBounds_293
goto lbl_Inbound_294
lbl_OutOfBounds_293:
error ("array index out of bounds")
lbl_Inbound_294:
t0 = v286
t1 = v283
s6 = t0 * t1
t1 = v286
s6 = s6 + t1
t0 = v284
s6 = t0 + s6
t1 = v285
[s6 + 0] =t1
t0 = 3
v296 = t0
t0 = this
t0 =[t0 + 4]
v297 = t0
t0 = 18
v298 = t0
t0 = 4
v299 = t0
s9 = 5
t0 = v299
s10 = t0 - s9
t0 = v297
s11 = [t0 + 0]
t1 = v296
s7 = s10 < t1
t0 = v296
s8 = t0 < s11
t4 = s7 * s8
if0 t4 goto lbl_OutOfBounds_306
goto lbl_Inbound_307
lbl_OutOfBounds_306:
error ("array index out of bounds")
lbl_Inbound_307:
t0 = v299
t1 = v296
t3 = t0 * t1
t1 = v299
t3 = t3 + t1
t0 = v297
t3 = t0 + t3
t1 = v298
[t3 + 0] =t1
t0 = 4
v309 = t0
t0 = this
t0 =[t0 + 4]
v310 = t0
t0 = 2
v311 = t0
t0 = 4
v312 = t0
s2 = 5
t0 = v312
s3 = t0 - s2
t0 = v310
s4 = [t0 + 0]
t1 = v309
t2 = s3 < t1
t0 = v309
t5 = t0 < s4
s1 = t2 * t5
if0 s1 goto lbl_OutOfBounds_319
goto lbl_Inbound_320
lbl_OutOfBounds_319:
error ("array index out of bounds")
lbl_Inbound_320:
t0 = v312
t1 = v309
s5 = t0 * t1
t1 = v312
s5 = s5 + t1
t0 = v310
s5 = t0 + s5
t1 = v311
[s5 + 0] =t1
t0 = 5
v322 = t0
t0 = this
t0 =[t0 + 4]
v323 = t0
t0 = 11
v324 = t0
t0 = 4
v325 = t0
s9 = 5
t0 = v325
s10 = t0 - s9
t0 = v323
s11 = [t0 + 0]
t1 = v322
s6 = s10 < t1
t0 = v322
s7 = t0 < s11
s8 = s6 * s7
if0 s8 goto lbl_OutOfBounds_332
goto lbl_Inbound_333
lbl_OutOfBounds_332:
error ("array index out of bounds")
lbl_Inbound_333:
t0 = v325
t1 = v322
t4 = t0 * t1
t1 = v325
t4 = t4 + t1
t0 = v323
t4 = t0 + t4
t1 = v324
[t4 + 0] =t1
t0 = 6
v335 = t0
t0 = this
t0 =[t0 + 4]
v336 = t0
t0 = 6
v337 = t0
t0 = 4
v338 = t0
s2 = 5
t0 = v338
s3 = t0 - s2
t0 = v336
s4 = [t0 + 0]
t1 = v335
t3 = s3 < t1
t0 = v335
t2 = t0 < s4
t5 = t3 * t2
if0 t5 goto lbl_OutOfBounds_345
goto lbl_Inbound_346
lbl_OutOfBounds_345:
error ("array index out of bounds")
lbl_Inbound_346:
t0 = v338
t1 = v335
s1 = t0 * t1
t1 = v338
s1 = s1 + t1
t0 = v336
s1 = t0 + s1
t1 = v337
[s1 + 0] =t1
t0 = 7
v348 = t0
t0 = this
t0 =[t0 + 4]
v349 = t0
t0 = 9
v350 = t0
t0 = 4
v351 = t0
s9 = 5
t0 = v351
s10 = t0 - s9
t0 = v349
s11 = [t0 + 0]
t1 = v348
s5 = s10 < t1
t0 = v348
s6 = t0 < s11
s7 = s5 * s6
if0 s7 goto lbl_OutOfBounds_358
goto lbl_Inbound_359
lbl_OutOfBounds_358:
error ("array index out of bounds")
lbl_Inbound_359:
t0 = v351
t1 = v348
s8 = t0 * t1
t1 = v351
s8 = s8 + t1
t0 = v349
s8 = t0 + s8
t1 = v350
[s8 + 0] =t1
t0 = 8
v361 = t0
t0 = this
t0 =[t0 + 4]
v362 = t0
t0 = 19
v363 = t0
t0 = 4
v364 = t0
s2 = 5
t0 = v364
s3 = t0 - s2
t0 = v362
s4 = [t0 + 0]
t1 = v361
t4 = s3 < t1
t0 = v361
t3 = t0 < s4
t2 = t4 * t3
if0 t2 goto lbl_OutOfBounds_371
goto lbl_Inbound_372
lbl_OutOfBounds_371:
error ("array index out of bounds")
lbl_Inbound_372:
t0 = v364
t1 = v361
t5 = t0 * t1
t1 = v364
t5 = t5 + t1
t0 = v362
t5 = t0 + t5
t1 = v363
[t5 + 0] =t1
t0 = 9
v374 = t0
t0 = this
t0 =[t0 + 4]
v375 = t0
t0 = 5
v376 = t0
t0 = 4
v377 = t0
s9 = 5
t0 = v377
s10 = t0 - s9
t0 = v375
s11 = [t0 + 0]
t1 = v374
s1 = s10 < t1
t0 = v374
s5 = t0 < s11
s6 = s1 * s5
if0 s6 goto lbl_OutOfBounds_384
goto lbl_Inbound_385
lbl_OutOfBounds_384:
error ("array index out of bounds")
lbl_Inbound_385:
t0 = v377
t1 = v374
s7 = t0 * t1
t1 = v377
s7 = s7 + t1
t0 = v375
s7 = t0 + s7
t1 = v376
[s7 + 0] =t1
s8 = 0
v387 = s8
s1 = stack_s1
s2 = stack_s2
s5 = stack_s5
s11 = stack_s11
s10 = stack_s10
s7 = stack_s7
s11 = stack_s11
s6 = stack_s6
s8 = stack_s8
s9 = stack_s9
s1 = stack_s1
s4 = stack_s4
s5 = stack_s5
s7 = stack_s7
s3 = stack_s3
s6 = stack_s6
s4 = stack_s4
s3 = stack_s3
s2 = stack_s2
s1 = stack_s1
s5 = stack_s5
s9 = stack_s9
s10 = stack_s10
s7 = stack_s7
s8 = stack_s8
s6 = stack_s6
s6 = stack_s6
s10 = stack_s10
s11 = stack_s11
s9 = stack_s9
s8 = stack_s8
s4 = stack_s4
s3 = stack_s3
s5 = stack_s5
s2 = stack_s2
s4 = stack_s4
s3 = stack_s3
s2 = stack_s2
s1 = stack_s1
s3 = stack_s3
s4 = stack_s4
s6 = stack_s6
s2 = stack_s2
s7 = stack_s7
s8 = stack_s8
s11 = stack_s11
s5 = stack_s5
s10 = stack_s10
s9 = stack_s9
s11 = stack_s11
s10 = stack_s10
s9 = stack_s9
s7 = stack_s7
s1 = stack_s1
s8 = stack_s8
t0 = v387
return v387
