func main()
stack_s3 = s3
stack_s4 = s4
stack_s5 = s5
stack_s6 = s6
stack_s9 = s9
stack_s8 = s8
stack_s8 = s8
stack_s7 = s7
stack_s9 = s9
stack_s2 = s2
stack_s1 = s1
stack_s7 = s7
stack_s3 = s3
stack_s4 = s4
stack_s11 = s11
stack_s5 = s5
stack_s6 = s6
stack_s10 = s10
stack_s1 = s1
stack_s2 = s2
t2 = 52
t3 = 24
t4 = alloc(t2)
t5 = alloc(t3)
s1 = @C_printC
[t5 + 16] =s1
s2 = @C_initC
[t5 + 20] =s2
s3 = @B_initB
[t5 + 12] =s3
s4 = @A_printA
[t5 + 0] =s4
s5 = @A_initA
[t5 + 4] =s5
s6 = @B_printB
[t5 + 8] =s6
[t4 + 0] =t5
if0 t4 goto lbl_NullPtr_10
goto lbl_GoodPtr_11
lbl_NullPtr_10:
error ("null pointer")
lbl_GoodPtr_11:
t1 = t4
c= t1
t0 = c
if0 t0 goto lbl_NullPtr_14
t0 = c
s8 = [t0 + 0]
s8 = [s8 + 20]
s9 = 1
s7 = 2
t0 = 3
v18 = t0
t0 = 4
v19 = t0
t0 = 5
v20 = t0
t0 = 6
v21 = t0
t0 = 7
v22 = t0
t0 = v21
stack_a8 = t0
t0 = v22
stack_a9 = t0
stack_a6 = a6
a6 = v19
stack_a5 = a5
a5 = v18
stack_a7 = a7
a7 = v20
stack_a2 = a2
a2 = c
stack_a4 = a4
a4 = s7
stack_a3 = a3
a3 = s9
t1 = call s8( v21 v22)
v13 = t1
a2 = stack_a2
a3 = stack_a3
a4 = stack_a4
a5 = stack_a5
a6 = stack_a6
a7 = stack_a7
t0 = stack_a8
v21 = t0
t0 = stack_a9
v22 = t0
goto lbl_GoodPtr_15
lbl_NullPtr_14:
error ("null pointer")
lbl_GoodPtr_15:
t0 = v13
t1 = t0
_= t1
t0 = c
if0 t0 goto lbl_NullPtr_25
t0 = c
s11 = [t0 + 0]
s11 = [s11 + 12]
t2 = 8
s10 = 9
t0 = 10
v29 = t0
t0 = 11
v30 = t0
t0 = 12
v31 = t0
t0 = 13
v32 = t0
t0 = v32
stack_a8 = t0
stack_a6 = a6
a6 = v30
stack_a5 = a5
a5 = v29
stack_a7 = a7
a7 = v31
stack_a2 = a2
a2 = c
stack_a4 = a4
a4 = s10
stack_a3 = a3
a3 = t2
t1 = call s11( v32)
v24 = t1
a2 = stack_a2
a3 = stack_a3
a4 = stack_a4
a5 = stack_a5
a6 = stack_a6
a7 = stack_a7
t0 = stack_a8
v32 = t0
goto lbl_GoodPtr_26
lbl_NullPtr_25:
error ("null pointer")
lbl_GoodPtr_26:
t0 = v24
t1 = t0
_= t1
t0 = c
if0 t0 goto lbl_NullPtr_35
t0 = c
t3 = [t0 + 0]
t3 = [t3 + 4]
s1 = 14
s2 = 15
t0 = 16
v39 = t0
t0 = 17
v40 = t0
stack_a6 = a6
a6 = v40
stack_a5 = a5
a5 = v39
stack_a2 = a2
a2 = c
stack_a4 = a4
a4 = s2
stack_a3 = a3
a3 = s1
t1 = call t3()
v34 = t1
a2 = stack_a2
a3 = stack_a3
a4 = stack_a4
a5 = stack_a5
a6 = stack_a6
goto lbl_GoodPtr_36
lbl_NullPtr_35:
error ("null pointer")
lbl_GoodPtr_36:
t0 = v34
t1 = t0
_= t1
t0 = c
if0 t0 goto lbl_NullPtr_43
t0 = c
s3 = [t0 + 0]
s3 = [s3 + 0]
stack_a2 = a2
a2 = c
s4 = call s3()
a2 = stack_a2
goto lbl_GoodPtr_44
lbl_NullPtr_43:
error ("null pointer")
lbl_GoodPtr_44:
t1 = s4
_= t1
s5 = 100
print (s5)
t0 = c
if0 t0 goto lbl_NullPtr_48
t0 = c
s6 = [t0 + 0]
s6 = [s6 + 8]
stack_a2 = a2
a2 = c
t5 = call s6()
a2 = stack_a2
goto lbl_GoodPtr_49
lbl_NullPtr_48:
error ("null pointer")
lbl_GoodPtr_49:
t1 = t5
_= t1
t4 = 100
print (t4)
t0 = c
if0 t0 goto lbl_NullPtr_53
t0 = c
s8 = [t0 + 0]
s8 = [s8 + 16]
stack_a2 = a2
a2 = c
s9 = call s8()
a2 = stack_a2
goto lbl_GoodPtr_54
lbl_NullPtr_53:
error ("null pointer")
lbl_GoodPtr_54:
t1 = s9
_= t1
s7 = 0
v55 = s7
s3 = stack_s3
s4 = stack_s4
s5 = stack_s5
s6 = stack_s6
s9 = stack_s9
s8 = stack_s8
s8 = stack_s8
s7 = stack_s7
s9 = stack_s9
s2 = stack_s2
s1 = stack_s1
s7 = stack_s7
s3 = stack_s3
s4 = stack_s4
s11 = stack_s11
s5 = stack_s5
s6 = stack_s6
s10 = stack_s10
s1 = stack_s1
s2 = stack_s2
t0 = v55
return v55
func A_initA()
[a2 + 4] =a3
[a2 + 8] =a4
[a2 + 12] =a5
[a2 + 16] =a6
t5 = 0
v56 = t5
t0 = v56
return v56
func A_printA()
stack_s2 = s2
stack_s1 = s1
t3 = [a2 + 4]
print (t3)
t4 = [a2 + 8]
print (t4)
t5 = [a2 + 12]
print (t5)
s1 = [a2 + 16]
print (s1)
s2 = 0
v61 = s2
s2 = stack_s2
s1 = stack_s1
t0 = v61
return v61
func B_initB(n6)
[a2 + 28] =a3
[a2 + 20] =a4
[a2 + 24] =a5
[a2 + 32] =a6
[a2 + 4] =a7
t1 = n6
[a2 + 12] =t1
t5 = 0
v62 = t5
t0 = v62
return v62
func B_printB()
stack_s2 = s2
stack_s1 = s1
stack_s4 = s4
stack_s3 = s3
t3 = [a2 + 4]
print (t3)
t4 = [a2 + 28]
print (t4)
t5 = [a2 + 20]
print (t5)
s1 = [a2 + 12]
print (s1)
s2 = [a2 + 24]
print (s2)
s3 = [a2 + 32]
print (s3)
s4 = 0
v69 = s4
s2 = stack_s2
s1 = stack_s1
s4 = stack_s4
s3 = stack_s3
t0 = v69
return v69
func C_initC(n6 n7)
[a2 + 44] =a3
[a2 + 40] =a4
[a2 + 36] =a5
[a2 + 48] =a6
[a2 + 4] =a7
t1 = n6
[a2 + 20] =t1
t1 = n7
[a2 + 28] =t1
t5 = 0
v70 = t5
t0 = v70
return v70
func C_printC()
stack_s1 = s1
stack_s3 = s3
stack_s2 = s2
stack_s5 = s5
stack_s4 = s4
t3 = [a2 + 4]
print (t3)
t4 = [a2 + 28]
print (t4)
t5 = [a2 + 44]
print (t5)
s1 = [a2 + 20]
print (s1)
s2 = [a2 + 40]
print (s2)
s3 = [a2 + 36]
print (s3)
s4 = [a2 + 48]
print (s4)
s5 = 0
v78 = s5
s1 = stack_s1
s3 = stack_s3
s2 = stack_s2
s5 = stack_s5
s4 = stack_s4
t0 = v78
return v78
