func Main()
t2 = @f
t3 = call t2()
print (t3)
v1 = t3
t0 = v1
return v1
func f()
stack_s11 = s11
stack_s7 = s7
stack_s6 = s6
stack_s5 = s5
stack_s2 = s2
stack_s1 = s1
stack_s10 = s10
stack_s1 = s1
stack_s6 = s6
stack_s4 = s4
stack_s3 = s3
stack_s8 = s8
stack_s9 = s9
stack_s2 = s2
stack_s4 = s4
t2 = 10
t0 = 20
b = t0
t1 = b
t0 =t2 + t1
c = t0
t0 = 30
x = t0
t1 = x
t3 = t2 < t1
if0 t3 goto L8
t1 = c
t0 =t2 + t1
d = t0
t1 = b
t0 =t2 + t1
f = t0
goto L10
L8:
t0 = b
t1 = c
t0 =t0 + t1
e = t0
goto L14
L10:
t5 = 50
t0 = d
t0 =t0 + t5
b = t0
t0 = c
t1 = d
t0 =t0 + t1
s = t0
t0 = s
t1 = f
s1 = t0 + t1
print (s1)
t0 = c
t1 = f
t0 =t0 + t1
e = t0
s2 = 40
t0 = b
t0 =t0 + s2
b = t0
goto L8
L14:
s3 = 10
t0 =t2 + s3
f = t0
L22:
t0 = 55
b = t0
t0 = 20
twenty = t0
t1 = twenty
t0 =t2 - t1
c = t0
t0 = b
t1 = c
t4 = t0 < t1
if0 t4 goto L20
t0 = c
t1 = b
t0 =t0 + t1
d = t0
t0 = d
t0 =t0 - s3
e = t0
t0 = d
t1 = e
s4 = t0 + t1
print (s4)
t0 = c
t1 = e
t0 =t0 + t1
b = t0
s5 = 2
t1 = b
t0 =s5 - t1
f = t0
goto L22
L20:
s6 = 7
t0 = f
t0 =t0 + s6
b = t0
t0 = c
t1 = b
t0 =t0 + t1
c = t0
s5 = 2
t1 = c
t0 =s5 * t1
e = t0
t0 = f
t0 =t0 + s3
g = t0
s8 = 55
s7 = s8
s9 = @func_g
t0 = g
t0 =t0 < s7
x = t0
t0 = x
if0 t0 goto L27
t0 = g
t1 = twenty
t0 =t0 - t1
i = t0
t0 = i
stack_a9 = t0
stack_a6 = a6
a6 = f
stack_a5 = a5
a5 = e
stack_a7 = a7
a7 = g
stack_a2 = a2
a2 = b
stack_a4 = a4
a4 = d
stack_a3 = a3
a3 = c
s7 = call s9( h i)
a2 = stack_a2
a3 = stack_a3
a4 = stack_a4
a5 = stack_a5
a6 = stack_a6
a7 = stack_a7
t0 = stack_a9
i = t0
t0 = i
t0 =t0 + s7
j = t0
goto L29
L27:
s11 = 1
t0 = g
t0 =t0 + s11
k = t0
t1 = k
t0 =s5 * t1
j = t0
L29:
t3 = 5
t0 = j
t5 = t0 - t3
t0 = g
t0 =t0 + t5
k = t0
t0 = j
t1 = k
s1 = t0 - t1
s10 = s1 + t5
print (s10)
t0 = j
t1 = k
t0 =t0 + t1
i = t0
t0 = c
t1 = d
t0 =t0 + t1
c = t0
t0 = d
t1 = twenty
s2 = t0 + t1
t0 = i
t0 =t0 + s2
n = t0
t0 = d
t1 = n
t0 =t0 < t1
s = t0
L3:
t0 = s
if0 t0 goto L12
t0 = d
t0 =t0 + s2
o = t0
s4 = 30
t0 = o
t4 = t0 + s4
t0 = i
t4 = t0 - t4
t0 = o
t0 =t0 - t4
n = t0
t2 = 0
t0 = n
t0 =t0 * t2
s = t0
t0 = c
t1 = g
s2 = t0 + t1
t0 = o
t1 = n
t0 =t0 + t1
n = t0
t1 = n
s6 = s2 - t1
print (s6)
goto L3
L12:
t0 = k
t1 = n
t0 =t0 - t1
g = t0
t0 = o
t1 = g
t0 =t0 + t1
g = t0
s11 = stack_s11
s7 = stack_s7
s6 = stack_s6
s5 = stack_s5
s2 = stack_s2
s1 = stack_s1
s10 = stack_s10
s1 = stack_s1
s6 = stack_s6
s4 = stack_s4
s3 = stack_s3
s8 = stack_s8
s9 = stack_s9
s2 = stack_s2
s4 = stack_s4
t0 = g
return g
func func_g(x7 x8)
stack_s3 = s3
stack_s4 = s4
stack_s5 = s5
stack_s6 = s6
stack_s2 = s2
stack_s1 = s1
t0 =a2 + a3
a = t0
t0 =a4 + a5
b = t0
t0 =a6 + a7
c = t0
t0 = x7
t1 = x8
t0 =t0 + t1
d = t0
s2 = 10
t1 = s2
e= t1
t0 = x8
s1 = t0 < a2
if0 s1 goto L42
t5 = @func_g
stack_a9 = s2
stack_a6 = a6
a6 = s2
stack_a5 = a5
a5 = a6
stack_a7 = a7
a7 = s1
stack_a2 = a2
a2 = s1
stack_a4 = a4
a4 = s1
stack_a3 = a3
a3 = x7
stack_a8 = a3
t1 = call t5( x2 ten)
a = t1
a2 = stack_a2
a3 = stack_a3
a4 = stack_a4
a5 = stack_a5
a6 = stack_a6
a7 = stack_a7
a3 = stack_a8
s2 = stack_a9
L42:
t0 = d
t1 = a
t0 =t0 - t1
e = t0
t0 = b
t1 = e
s3 = t0 * t1
t0 = c
s4 = t0 - s3
t0 = d
t1 = e
t0 =t0 + t1
h = t0
t0 = e
s5 = t0 + s3
t1 = h
s6 = s4 + t1
j = s6
s3 = stack_s3
s4 = stack_s4
s5 = stack_s5
s6 = stack_s6
s2 = stack_s2
s1 = stack_s1
t0 = j
return j
