func main()
stack_s3 = s3
stack_s4 = s4
stack_s2 = s2
stack_s5 = s5
stack_s11 = s11
stack_s6 = s6
stack_s8 = s8
stack_s9 = s9
stack_s10 = s10
stack_s1 = s1
stack_s7 = s7
t2 = 24
t3 = 4
t4 = alloc(t2)
t5 = alloc(t3)
s1 = @X_compute
[t5 + 0] =s1
[t4 + 0] =t5
if0 t4 goto lbl_NullPtr_5
goto lbl_GoodPtr_6
lbl_NullPtr_5:
error ("null pointer")
lbl_GoodPtr_6:
t1 = t4
x= t1
s3 = 44
s4 = 4
s2 = alloc(s3)
s5 = alloc(s4)
s6 = @Y_compute
[s5 + 0] =s6
[s2 + 0] =s5
if0 s2 goto lbl_NullPtr_12
goto lbl_GoodPtr_13
lbl_NullPtr_12:
error ("null pointer")
lbl_GoodPtr_13:
t1 = s2
y= t1
t0 = x
if0 t0 goto lbl_NullPtr_16
t0 = x
s8 = [t0 + 0]
s8 = [s8 + 0]
s9 = 10
s7 = 20
t0 = 30
v20 = t0
t0 = 40
v21 = t0
t0 = 50
v22 = t0
stack_a6 = a6
a6 = v21
stack_a5 = a5
a5 = v20
stack_a7 = a7
a7 = v22
stack_a2 = a2
a2 = x
stack_a4 = a4
a4 = s7
stack_a3 = a3
a3 = s9
t1 = call s8()
v15 = t1
a2 = stack_a2
a3 = stack_a3
a4 = stack_a4
a5 = stack_a5
a6 = stack_a6
a7 = stack_a7
goto lbl_GoodPtr_17
lbl_NullPtr_16:
error ("null pointer")
lbl_GoodPtr_17:
t0 = v15
t1 = t0
result= t1
t0 = result
print (t0)
t0 = y
if0 t0 goto lbl_NullPtr_25
t0 = y
s11 = [t0 + 0]
s11 = [s11 + 0]
t2 = 10
s10 = 20
t0 = 30
v29 = t0
t0 = 40
v30 = t0
t0 = 50
v31 = t0
stack_a6 = a6
a6 = v30
stack_a5 = a5
a5 = v29
stack_a7 = a7
a7 = v31
stack_a2 = a2
a2 = y
stack_a4 = a4
a4 = s10
stack_a3 = a3
a3 = t2
t1 = call s11()
v24 = t1
a2 = stack_a2
a3 = stack_a3
a4 = stack_a4
a5 = stack_a5
a6 = stack_a6
a7 = stack_a7
goto lbl_GoodPtr_26
lbl_NullPtr_25:
error ("null pointer")
lbl_GoodPtr_26:
t0 = v24
t1 = t0
result= t1
t0 = result
print (t0)
t3 = 0
v32 = t3
s3 = stack_s3
s4 = stack_s4
s2 = stack_s2
s5 = stack_s5
s11 = stack_s11
s6 = stack_s6
s8 = stack_s8
s9 = stack_s9
s10 = stack_s10
s1 = stack_s1
s7 = stack_s7
t0 = v32
return v32
func X_compute()
stack_s5 = s5
stack_s6 = s6
stack_s7 = s7
stack_s8 = s8
stack_s2 = s2
stack_s9 = s9
stack_s10 = s10
stack_s1 = s1
stack_s1 = s1
stack_s4 = s4
stack_s11 = s11
stack_s3 = s3
t5 = 0
t1 = t5
result= t1
s1 = a3 + a4
t2 = a5 + a6
t3 = s1 + t2
s2 = t3 + a7
t1 = s2
result= t1
t0 = result
a3 = t0
s3 = 1
t0 = result
s4 = t0 + s3
a4 = s4
s5 = 2
t0 = result
s6 = t0 + s5
a5 = s6
s7 = 3
t0 = result
s8 = t0 + s7
a6 = s8
s9 = 4
t0 = result
s10 = t0 + s9
a7 = s10
s11 = a3 + a4
t4 = a5 + a6
t5 = s11 + t4
s1 = t5 + a7
v46 = s1
s5 = stack_s5
s6 = stack_s6
s7 = stack_s7
s8 = stack_s8
s2 = stack_s2
s9 = stack_s9
s10 = stack_s10
s1 = stack_s1
s1 = stack_s1
s4 = stack_s4
s11 = stack_s11
s3 = stack_s3
t0 = v46
return v46
func Y_compute()
stack_s10 = s10
stack_s7 = s7
stack_s1 = s1
stack_s2 = s2
stack_s9 = s9
stack_s11 = s11
stack_s1 = s1
stack_s3 = s3
stack_s4 = s4
stack_s5 = s5
stack_s6 = s6
stack_s8 = s8
t5 = 1
t1 = t5
result= t1
s1 = a3 * a4
t2 = a5 * a6
t3 = s1 * t2
s2 = t3 * a7
t1 = s2
result= t1
t0 = result
a3 = t0
s3 = 1
t0 = result
s4 = t0 + s3
a4 = s4
s5 = 2
t0 = result
s6 = t0 + s5
a5 = s6
s7 = 3
t0 = result
s8 = t0 + s7
a6 = s8
s9 = 4
t0 = result
s10 = t0 + s9
a7 = s10
s11 = a3 + a4
t4 = a5 + a6
t5 = s11 + t4
s1 = t5 + a7
v63 = s1
s10 = stack_s10
s7 = stack_s7
s1 = stack_s1
s2 = stack_s2
s9 = stack_s9
s11 = stack_s11
s1 = stack_s1
s3 = stack_s3
s4 = stack_s4
s5 = stack_s5
s6 = stack_s6
s8 = stack_s8
t0 = v63
return v63
