func main()
stack_s3 = s3
stack_s4 = s4
stack_s9 = s9
stack_s3 = s3
stack_s10 = s10
stack_s8 = s8
stack_s2 = s2
stack_s4 = s4
stack_s4 = s4
stack_s6 = s6
stack_s8 = s8
stack_s6 = s6
stack_s3 = s3
stack_s6 = s6
stack_s11 = s11
stack_s7 = s7
stack_s10 = s10
stack_s9 = s9
stack_s5 = s5
stack_s10 = s10
stack_s9 = s9
stack_s8 = s8
stack_s5 = s5
stack_s11 = s11
stack_s1 = s1
stack_s2 = s2
stack_s2 = s2
stack_s7 = s7
stack_s4 = s4
stack_s11 = s11
stack_s8 = s8
stack_s1 = s1
stack_s4 = s4
stack_s3 = s3
stack_s6 = s6
stack_s10 = s10
stack_s7 = s7
stack_s6 = s6
stack_s9 = s9
stack_s5 = s5
stack_s10 = s10
stack_s1 = s1
stack_s9 = s9
stack_s3 = s3
stack_s5 = s5
stack_s7 = s7
stack_s2 = s2
stack_s1 = s1
stack_s11 = s11
stack_s1 = s1
stack_s2 = s2
t2 = 16
t3 = 16
t4 = alloc(t2)
t5 = alloc(t3)
s1 = @Element_Init
[t5 + 0] =s1
s2 = @Element_GetFlag
[t5 + 4] =s2
s3 = @Element_GetID
[t5 + 8] =s3
s4 = @Element_GetValue
[t5 + 12] =s4
[t4 + 0] =t5
if0 t4 goto lbl_NullPtr_8
goto lbl_GoodPtr_9
lbl_NullPtr_8:
error ("null pointer")
lbl_GoodPtr_9:
t1 = t4
e1= t1
t0 = e1
if0 t0 goto lbl_NullPtr_12
t0 = e1
s6 = [t0 + 0]
s6 = [s6 + 0]
s7 = 10
s5 = 100
t0 = 1
v16 = t0
stack_a5 = a5
a5 = v16
stack_a2 = a2
a2 = e1
stack_a4 = a4
a4 = s5
stack_a3 = a3
a3 = s7
t1 = call s6()
v11 = t1
a2 = stack_a2
a3 = stack_a3
a4 = stack_a4
a5 = stack_a5
goto lbl_GoodPtr_13
lbl_NullPtr_12:
error ("null pointer")
lbl_GoodPtr_13:
t0 = v11
t1 = t0
rt= t1
s9 = 16
s10 = 16
s8 = alloc(s9)
s11 = alloc(s10)
t2 = @Element_Init
[s11 + 0] =t2
t3 = @Element_GetFlag
[s11 + 4] =t3
s1 = @Element_GetID
[s11 + 8] =s1
s2 = @Element_GetValue
[s11 + 12] =s2
[s8 + 0] =s11
if0 s8 goto lbl_NullPtr_25
goto lbl_GoodPtr_26
lbl_NullPtr_25:
error ("null pointer")
lbl_GoodPtr_26:
t1 = s8
e2= t1
t0 = e2
if0 t0 goto lbl_NullPtr_29
t0 = e2
s4 = [t0 + 0]
s4 = [s4 + 0]
t5 = 20
s3 = 200
t0 = 0
v33 = t0
stack_a5 = a5
a5 = v33
stack_a2 = a2
a2 = e2
stack_a4 = a4
a4 = s3
stack_a3 = a3
a3 = t5
t1 = call s4()
v28 = t1
a2 = stack_a2
a3 = stack_a3
a4 = stack_a4
a5 = stack_a5
goto lbl_GoodPtr_30
lbl_NullPtr_29:
error ("null pointer")
lbl_GoodPtr_30:
t0 = v28
t1 = t0
rt= t1
t4 = 16
s6 = 16
s7 = alloc(t4)
s5 = alloc(s6)
s9 = @Element_Init
[s5 + 0] =s9
s10 = @Element_GetFlag
[s5 + 4] =s10
t2 = @Element_GetID
[s5 + 8] =t2
t3 = @Element_GetValue
[s5 + 12] =t3
[s7 + 0] =s5
if0 s7 goto lbl_NullPtr_42
goto lbl_GoodPtr_43
lbl_NullPtr_42:
error ("null pointer")
lbl_GoodPtr_43:
t1 = s7
e3= t1
t0 = e3
if0 t0 goto lbl_NullPtr_46
t0 = e3
s2 = [t0 + 0]
s2 = [s2 + 0]
s11 = 30
s1 = 300
t0 = 1
v50 = t0
stack_a5 = a5
a5 = v50
stack_a2 = a2
a2 = e3
stack_a4 = a4
a4 = s1
stack_a3 = a3
a3 = s11
t1 = call s2()
v45 = t1
a2 = stack_a2
a3 = stack_a3
a4 = stack_a4
a5 = stack_a5
goto lbl_GoodPtr_47
lbl_NullPtr_46:
error ("null pointer")
lbl_GoodPtr_47:
t0 = v45
t1 = t0
rt= t1
s8 = 16
s4 = 16
t5 = alloc(s8)
s3 = alloc(s4)
t4 = @Element_Init
[s3 + 0] =t4
s6 = @Element_GetFlag
[s3 + 4] =s6
s9 = @Element_GetID
[s3 + 8] =s9
s10 = @Element_GetValue
[s3 + 12] =s10
[t5 + 0] =s3
if0 t5 goto lbl_NullPtr_59
goto lbl_GoodPtr_60
lbl_NullPtr_59:
error ("null pointer")
lbl_GoodPtr_60:
t1 = t5
e4= t1
t0 = e4
if0 t0 goto lbl_NullPtr_63
t0 = e4
t3 = [t0 + 0]
t3 = [t3 + 0]
s5 = 40
t2 = 400
t0 = 0
v67 = t0
stack_a5 = a5
a5 = v67
stack_a2 = a2
a2 = e4
stack_a4 = a4
a4 = t2
stack_a3 = a3
a3 = s5
t1 = call t3()
v62 = t1
a2 = stack_a2
a3 = stack_a3
a4 = stack_a4
a5 = stack_a5
goto lbl_GoodPtr_64
lbl_NullPtr_63:
error ("null pointer")
lbl_GoodPtr_64:
t0 = v62
t1 = t0
rt= t1
s7 = 16
s2 = 16
s11 = alloc(s7)
s1 = alloc(s2)
s8 = @Element_Init
[s1 + 0] =s8
s4 = @Element_GetFlag
[s1 + 4] =s4
t4 = @Element_GetID
[s1 + 8] =t4
s6 = @Element_GetValue
[s1 + 12] =s6
[s11 + 0] =s1
if0 s11 goto lbl_NullPtr_76
goto lbl_GoodPtr_77
lbl_NullPtr_76:
error ("null pointer")
lbl_GoodPtr_77:
t1 = s11
e5= t1
t0 = e5
if0 t0 goto lbl_NullPtr_80
t0 = e5
s10 = [t0 + 0]
s10 = [s10 + 0]
s3 = 50
s9 = 500
t0 = 1
v84 = t0
stack_a5 = a5
a5 = v84
stack_a2 = a2
a2 = e5
stack_a4 = a4
a4 = s9
stack_a3 = a3
a3 = s3
t1 = call s10()
v79 = t1
a2 = stack_a2
a3 = stack_a3
a4 = stack_a4
a5 = stack_a5
goto lbl_GoodPtr_81
lbl_NullPtr_80:
error ("null pointer")
lbl_GoodPtr_81:
t0 = v79
t1 = t0
rt= t1
t5 = 24
t3 = 4
s5 = alloc(t5)
t2 = alloc(t3)
s7 = @A_calculate
[t2 + 0] =s7
[s5 + 0] =t2
if0 s5 goto lbl_NullPtr_90
goto lbl_GoodPtr_91
lbl_NullPtr_90:
error ("null pointer")
lbl_GoodPtr_91:
t1 = s5
a= t1
s8 = 44
s4 = 4
s2 = alloc(s8)
t4 = alloc(s4)
s6 = @B_calculate
[t4 + 0] =s6
[s2 + 0] =t4
if0 s2 goto lbl_NullPtr_97
goto lbl_GoodPtr_98
lbl_NullPtr_97:
error ("null pointer")
lbl_GoodPtr_98:
s1 = s2
t0 = a
if0 t0 goto lbl_NullPtr_101
t0 = a
s11 = [t0 + 0]
s11 = [s11 + 0]
stack_a6 = a6
a6 = e4
stack_a5 = a5
a5 = e3
stack_a7 = a7
a7 = e5
stack_a2 = a2
a2 = a
stack_a4 = a4
a4 = e2
stack_a3 = a3
a3 = e1
s10 = call s11()
a2 = stack_a2
a3 = stack_a3
a4 = stack_a4
a5 = stack_a5
a6 = stack_a6
a7 = stack_a7
goto lbl_GoodPtr_102
lbl_NullPtr_101:
error ("null pointer")
lbl_GoodPtr_102:
t1 = s10
result= t1
t0 = result
print (t0)
if0 s1 goto lbl_NullPtr_105
s9 = [s1 + 0]
s9 = [s9 + 0]
stack_a6 = a6
a6 = e4
stack_a5 = a5
a5 = e3
stack_a7 = a7
a7 = e5
stack_a2 = a2
a2 = s1
stack_a4 = a4
a4 = e2
stack_a3 = a3
a3 = e1
s3 = call s9()
a2 = stack_a2
a3 = stack_a3
a4 = stack_a4
a5 = stack_a5
a6 = stack_a6
a7 = stack_a7
goto lbl_GoodPtr_106
lbl_NullPtr_105:
error ("null pointer")
lbl_GoodPtr_106:
t1 = s3
result= t1
t0 = result
print (t0)
t5 = 0
v107 = t5
s3 = stack_s3
s4 = stack_s4
s9 = stack_s9
s3 = stack_s3
s10 = stack_s10
s8 = stack_s8
s2 = stack_s2
s4 = stack_s4
s4 = stack_s4
s6 = stack_s6
s8 = stack_s8
s6 = stack_s6
s3 = stack_s3
s6 = stack_s6
s11 = stack_s11
s7 = stack_s7
s10 = stack_s10
s9 = stack_s9
s5 = stack_s5
s10 = stack_s10
s9 = stack_s9
s8 = stack_s8
s5 = stack_s5
s11 = stack_s11
s1 = stack_s1
s2 = stack_s2
s2 = stack_s2
s7 = stack_s7
s4 = stack_s4
s11 = stack_s11
s8 = stack_s8
s1 = stack_s1
s4 = stack_s4
s3 = stack_s3
s6 = stack_s6
s10 = stack_s10
s7 = stack_s7
s6 = stack_s6
s9 = stack_s9
s5 = stack_s5
s10 = stack_s10
s1 = stack_s1
s9 = stack_s9
s3 = stack_s3
s5 = stack_s5
s7 = stack_s7
s2 = stack_s2
s1 = stack_s1
s11 = stack_s11
s1 = stack_s1
s2 = stack_s2
t0 = v107
return v107
func Element_Init()
[a2 + 12] =a3
[a2 + 8] =a4
[a2 + 4] =a5
t5 = 1
v108 = t5
t0 = v108
return v108
func Element_GetValue()
t3 = [a2 + 12]
v109 = t3
t0 = v109
return v109
func Element_GetID()
t3 = [a2 + 8]
v110 = t3
t0 = v110
return v110
func Element_GetFlag()
t3 = [a2 + 4]
v111 = t3
t0 = v111
return v111
func A_calculate()
stack_s11 = s11
stack_s5 = s5
stack_s1 = s1
stack_s3 = s3
stack_s6 = s6
stack_s2 = s2
stack_s8 = s8
stack_s7 = s7
stack_s10 = s10
stack_s10 = s10
stack_s4 = s4
stack_s6 = s6
stack_s4 = s4
stack_s1 = s1
stack_s11 = s11
stack_s8 = s8
stack_s7 = s7
stack_s3 = s3
stack_s8 = s8
stack_s2 = s2
stack_s6 = s6
stack_s1 = s1
stack_s9 = s9
stack_s1 = s1
stack_s7 = s7
stack_s5 = s5
stack_s2 = s2
stack_s4 = s4
stack_s8 = s8
stack_s3 = s3
stack_s11 = s11
stack_s3 = s3
stack_s5 = s5
stack_s4 = s4
stack_s2 = s2
stack_s9 = s9
stack_s10 = s10
stack_s9 = s9
stack_s10 = s10
stack_s9 = s9
stack_s5 = s5
stack_s6 = s6
stack_s7 = s7
stack_s4 = s4
stack_s11 = s11
stack_s2 = s2
if0 a3 goto lbl_NullPtr_117
t2 = [a3 + 0]
t2 = [t2 + 12]
stack_a2 = a2
a2 = a3
t4 = call t2()
a2 = stack_a2
goto lbl_GoodPtr_118
lbl_NullPtr_117:
error ("null pointer")
lbl_GoodPtr_118:
if0 a4 goto lbl_NullPtr_121
t5 = [a4 + 0]
t5 = [t5 + 12]
stack_t4 = t4
stack_a2 = a2
a2 = a4
t3 = call t5()
a2 = stack_a2
t4 = stack_t4
goto lbl_GoodPtr_122
lbl_NullPtr_121:
error ("null pointer")
lbl_GoodPtr_122:
t0 =t4 + t3
v114 = t0
if0 a5 goto lbl_NullPtr_126
s2 = [a5 + 0]
s2 = [s2 + 12]
stack_a2 = a2
a2 = a5
s3 = call s2()
a2 = stack_a2
goto lbl_GoodPtr_127
lbl_NullPtr_126:
error ("null pointer")
lbl_GoodPtr_127:
if0 a6 goto lbl_NullPtr_130
s4 = [a6 + 0]
s4 = [s4 + 12]
stack_a2 = a2
a2 = a6
s1 = call s4()
a2 = stack_a2
goto lbl_GoodPtr_131
lbl_NullPtr_130:
error ("null pointer")
lbl_GoodPtr_131:
s5 = s3 + s1
t0 = v114
s6 = t0 + s5
if0 a7 goto lbl_NullPtr_134
s7 = [a7 + 0]
s7 = [s7 + 12]
stack_a2 = a2
a2 = a7
s8 = call s7()
a2 = stack_a2
goto lbl_GoodPtr_135
lbl_NullPtr_134:
error ("null pointer")
lbl_GoodPtr_135:
s9 = s6 + s8
[a2 + 12] =s9
if0 a3 goto lbl_NullPtr_141
s10 = [a3 + 0]
s10 = [s10 + 8]
stack_a2 = a2
a2 = a3
s11 = call s10()
a2 = stack_a2
goto lbl_GoodPtr_142
lbl_NullPtr_141:
error ("null pointer")
lbl_GoodPtr_142:
if0 a4 goto lbl_NullPtr_145
t2 = [a4 + 0]
t2 = [t2 + 8]
stack_a2 = a2
a2 = a4
t5 = call t2()
a2 = stack_a2
goto lbl_GoodPtr_146
lbl_NullPtr_145:
error ("null pointer")
lbl_GoodPtr_146:
t0 =s11 + t5
v138 = t0
if0 a5 goto lbl_NullPtr_150
t3 = [a5 + 0]
t3 = [t3 + 8]
stack_a2 = a2
a2 = a5
s2 = call t3()
a2 = stack_a2
goto lbl_GoodPtr_151
lbl_NullPtr_150:
error ("null pointer")
lbl_GoodPtr_151:
if0 a6 goto lbl_NullPtr_154
s4 = [a6 + 0]
s4 = [s4 + 8]
stack_a2 = a2
a2 = a6
t4 = call s4()
a2 = stack_a2
goto lbl_GoodPtr_155
lbl_NullPtr_154:
error ("null pointer")
lbl_GoodPtr_155:
s3 = s2 + t4
t0 = v138
s1 = t0 + s3
if0 a7 goto lbl_NullPtr_158
s5 = [a7 + 0]
s5 = [s5 + 8]
stack_a2 = a2
a2 = a7
s7 = call s5()
a2 = stack_a2
goto lbl_GoodPtr_159
lbl_NullPtr_158:
error ("null pointer")
lbl_GoodPtr_159:
s6 = s1 + s7
[a2 + 16] =s6
s8 = 0
[a2 + 20] =s8
if0 a3 goto lbl_NullPtr_165
s9 = [a3 + 0]
s9 = [s9 + 4]
stack_a2 = a2
a2 = a3
s10 = call s9()
a2 = stack_a2
goto lbl_GoodPtr_166
lbl_NullPtr_165:
error ("null pointer")
lbl_GoodPtr_166:
if0 s10 goto lbl_Else_161
t2 = [a2 + 20]
s11 = 1
t5 = t2 + s11
[a2 + 20] =t5
goto lbl_IfEnd_162
lbl_Else_161:
lbl_IfEnd_162:
if0 a4 goto lbl_NullPtr_174
t3 = [a4 + 0]
t3 = [t3 + 4]
stack_a2 = a2
a2 = a4
s4 = call t3()
a2 = stack_a2
goto lbl_GoodPtr_175
lbl_NullPtr_174:
error ("null pointer")
lbl_GoodPtr_175:
if0 s4 goto lbl_Else_170
s2 = [a2 + 20]
t4 = 1
s3 = s2 + t4
[a2 + 20] =s3
goto lbl_IfEnd_171
lbl_Else_170:
lbl_IfEnd_171:
if0 a5 goto lbl_NullPtr_183
s5 = [a5 + 0]
s5 = [s5 + 4]
stack_a2 = a2
a2 = a5
s1 = call s5()
a2 = stack_a2
goto lbl_GoodPtr_184
lbl_NullPtr_183:
error ("null pointer")
lbl_GoodPtr_184:
if0 s1 goto lbl_Else_179
s7 = [a2 + 20]
s6 = 1
s8 = s7 + s6
[a2 + 20] =s8
goto lbl_IfEnd_180
lbl_Else_179:
lbl_IfEnd_180:
if0 a6 goto lbl_NullPtr_192
s9 = [a6 + 0]
s9 = [s9 + 4]
stack_a2 = a2
a2 = a6
s10 = call s9()
a2 = stack_a2
goto lbl_GoodPtr_193
lbl_NullPtr_192:
error ("null pointer")
lbl_GoodPtr_193:
if0 s10 goto lbl_Else_188
t2 = [a2 + 20]
s11 = 1
t5 = t2 + s11
[a2 + 20] =t5
goto lbl_IfEnd_189
lbl_Else_188:
lbl_IfEnd_189:
if0 a7 goto lbl_NullPtr_201
t3 = [a7 + 0]
t3 = [t3 + 4]
stack_a2 = a2
a2 = a7
s4 = call t3()
a2 = stack_a2
goto lbl_GoodPtr_202
lbl_NullPtr_201:
error ("null pointer")
lbl_GoodPtr_202:
if0 s4 goto lbl_Else_197
s2 = [a2 + 20]
t4 = 1
s3 = s2 + t4
[a2 + 20] =s3
goto lbl_IfEnd_198
lbl_Else_197:
lbl_IfEnd_198:
s5 = [a2 + 12]
s1 = [a2 + 16]
s7 = s5 * s1
[a2 + 8] =s7
s6 = [a2 + 8]
s8 = [a2 + 20]
s9 = s6 + s8
[a2 + 4] =s9
s10 = [a2 + 12]
t2 = [a2 + 16]
s11 = s10 + t2
t5 = [a2 + 20]
t3 = [a2 + 8]
t0 =t5 + t3
v217 = t0
t1 = v217
s4 = s11 + t1
s2 = [a2 + 4]
t4 = s4 + s2
v212 = t4
s11 = stack_s11
s5 = stack_s5
s1 = stack_s1
s3 = stack_s3
s6 = stack_s6
s2 = stack_s2
s8 = stack_s8
s7 = stack_s7
s10 = stack_s10
s10 = stack_s10
s4 = stack_s4
s6 = stack_s6
s4 = stack_s4
s1 = stack_s1
s11 = stack_s11
s8 = stack_s8
s7 = stack_s7
s3 = stack_s3
s8 = stack_s8
s2 = stack_s2
s6 = stack_s6
s1 = stack_s1
s9 = stack_s9
s1 = stack_s1
s7 = stack_s7
s5 = stack_s5
s2 = stack_s2
s4 = stack_s4
s8 = stack_s8
s3 = stack_s3
s11 = stack_s11
s3 = stack_s3
s5 = stack_s5
s4 = stack_s4
s2 = stack_s2
s9 = stack_s9
s10 = stack_s10
s9 = stack_s9
s10 = stack_s10
s9 = stack_s9
s5 = stack_s5
s6 = stack_s6
s7 = stack_s7
s4 = stack_s4
s11 = stack_s11
s2 = stack_s2
t0 = v212
return v212
func B_calculate()
stack_s4 = s4
stack_s8 = s8
stack_s6 = s6
stack_s7 = s7
stack_s10 = s10
stack_s9 = s9
stack_s5 = s5
stack_s8 = s8
stack_s1 = s1
stack_s5 = s5
stack_s2 = s2
stack_s9 = s9
stack_s3 = s3
stack_s7 = s7
stack_s6 = s6
stack_s2 = s2
stack_s10 = s10
stack_s11 = s11
stack_s4 = s4
stack_s1 = s1
stack_s11 = s11
stack_s10 = s10
stack_s6 = s6
stack_s4 = s4
stack_s8 = s8
stack_s2 = s2
stack_s8 = s8
stack_s7 = s7
stack_s3 = s3
stack_s9 = s9
stack_s6 = s6
stack_s5 = s5
stack_s1 = s1
stack_s4 = s4
stack_s1 = s1
stack_s7 = s7
stack_s9 = s9
stack_s3 = s3
stack_s2 = s2
stack_s2 = s2
stack_s3 = s3
stack_s11 = s11
stack_s5 = s5
stack_s10 = s10
stack_s4 = s4
stack_s11 = s11
if0 a3 goto lbl_NullPtr_226
t2 = [a3 + 0]
t2 = [t2 + 12]
stack_a2 = a2
a2 = a3
t4 = call t2()
a2 = stack_a2
goto lbl_GoodPtr_227
lbl_NullPtr_226:
error ("null pointer")
lbl_GoodPtr_227:
if0 a4 goto lbl_NullPtr_230
t5 = [a4 + 0]
t5 = [t5 + 12]
stack_t4 = t4
stack_a2 = a2
a2 = a4
t3 = call t5()
a2 = stack_a2
t4 = stack_t4
goto lbl_GoodPtr_231
lbl_NullPtr_230:
error ("null pointer")
lbl_GoodPtr_231:
t0 =t4 * t3
v223 = t0
if0 a5 goto lbl_NullPtr_235
s2 = [a5 + 0]
s2 = [s2 + 12]
stack_a2 = a2
a2 = a5
s3 = call s2()
a2 = stack_a2
goto lbl_GoodPtr_236
lbl_NullPtr_235:
error ("null pointer")
lbl_GoodPtr_236:
if0 a6 goto lbl_NullPtr_239
s4 = [a6 + 0]
s4 = [s4 + 12]
stack_a2 = a2
a2 = a6
s1 = call s4()
a2 = stack_a2
goto lbl_GoodPtr_240
lbl_NullPtr_239:
error ("null pointer")
lbl_GoodPtr_240:
s5 = s3 * s1
t0 = v223
s6 = t0 * s5
if0 a7 goto lbl_NullPtr_243
s7 = [a7 + 0]
s7 = [s7 + 12]
stack_a2 = a2
a2 = a7
s8 = call s7()
a2 = stack_a2
goto lbl_GoodPtr_244
lbl_NullPtr_243:
error ("null pointer")
lbl_GoodPtr_244:
s9 = s6 * s8
[a2 + 24] =s9
if0 a3 goto lbl_NullPtr_250
s10 = [a3 + 0]
s10 = [s10 + 8]
stack_a2 = a2
a2 = a3
s11 = call s10()
a2 = stack_a2
goto lbl_GoodPtr_251
lbl_NullPtr_250:
error ("null pointer")
lbl_GoodPtr_251:
if0 a4 goto lbl_NullPtr_254
t2 = [a4 + 0]
t2 = [t2 + 8]
stack_a2 = a2
a2 = a4
t5 = call t2()
a2 = stack_a2
goto lbl_GoodPtr_255
lbl_NullPtr_254:
error ("null pointer")
lbl_GoodPtr_255:
t0 =s11 * t5
v247 = t0
if0 a5 goto lbl_NullPtr_259
t3 = [a5 + 0]
t3 = [t3 + 8]
stack_a2 = a2
a2 = a5
s2 = call t3()
a2 = stack_a2
goto lbl_GoodPtr_260
lbl_NullPtr_259:
error ("null pointer")
lbl_GoodPtr_260:
if0 a6 goto lbl_NullPtr_263
s4 = [a6 + 0]
s4 = [s4 + 8]
stack_a2 = a2
a2 = a6
t4 = call s4()
a2 = stack_a2
goto lbl_GoodPtr_264
lbl_NullPtr_263:
error ("null pointer")
lbl_GoodPtr_264:
s3 = s2 * t4
t0 = v247
s1 = t0 * s3
if0 a7 goto lbl_NullPtr_267
s5 = [a7 + 0]
s5 = [s5 + 8]
stack_a2 = a2
a2 = a7
s7 = call s5()
a2 = stack_a2
goto lbl_GoodPtr_268
lbl_NullPtr_267:
error ("null pointer")
lbl_GoodPtr_268:
s6 = s1 * s7
[a2 + 28] =s6
s8 = 0
[a2 + 32] =s8
if0 a3 goto lbl_NullPtr_274
s9 = [a3 + 0]
s9 = [s9 + 4]
stack_a2 = a2
a2 = a3
s10 = call s9()
a2 = stack_a2
goto lbl_GoodPtr_275
lbl_NullPtr_274:
error ("null pointer")
lbl_GoodPtr_275:
if0 s10 goto lbl_Else_270
t2 = [a2 + 32]
s11 = 1
t5 = t2 + s11
[a2 + 32] =t5
goto lbl_IfEnd_271
lbl_Else_270:
lbl_IfEnd_271:
if0 a4 goto lbl_NullPtr_283
t3 = [a4 + 0]
t3 = [t3 + 4]
stack_a2 = a2
a2 = a4
s4 = call t3()
a2 = stack_a2
goto lbl_GoodPtr_284
lbl_NullPtr_283:
error ("null pointer")
lbl_GoodPtr_284:
if0 s4 goto lbl_Else_279
s2 = [a2 + 32]
t4 = 1
s3 = s2 + t4
[a2 + 32] =s3
goto lbl_IfEnd_280
lbl_Else_279:
lbl_IfEnd_280:
if0 a5 goto lbl_NullPtr_292
s5 = [a5 + 0]
s5 = [s5 + 4]
stack_a2 = a2
a2 = a5
s1 = call s5()
a2 = stack_a2
goto lbl_GoodPtr_293
lbl_NullPtr_292:
error ("null pointer")
lbl_GoodPtr_293:
if0 s1 goto lbl_Else_288
s7 = [a2 + 32]
s6 = 1
s8 = s7 + s6
[a2 + 32] =s8
goto lbl_IfEnd_289
lbl_Else_288:
lbl_IfEnd_289:
if0 a6 goto lbl_NullPtr_301
s9 = [a6 + 0]
s9 = [s9 + 4]
stack_a2 = a2
a2 = a6
s10 = call s9()
a2 = stack_a2
goto lbl_GoodPtr_302
lbl_NullPtr_301:
error ("null pointer")
lbl_GoodPtr_302:
if0 s10 goto lbl_Else_297
t2 = [a2 + 32]
s11 = 1
t5 = t2 + s11
[a2 + 32] =t5
goto lbl_IfEnd_298
lbl_Else_297:
lbl_IfEnd_298:
if0 a7 goto lbl_NullPtr_310
t3 = [a7 + 0]
t3 = [t3 + 4]
stack_a2 = a2
a2 = a7
s4 = call t3()
a2 = stack_a2
goto lbl_GoodPtr_311
lbl_NullPtr_310:
error ("null pointer")
lbl_GoodPtr_311:
if0 s4 goto lbl_Else_306
s2 = [a2 + 32]
t4 = 1
s3 = s2 + t4
[a2 + 32] =s3
goto lbl_IfEnd_307
lbl_Else_306:
lbl_IfEnd_307:
s5 = [a2 + 24]
s1 = [a2 + 28]
s7 = s5 * s1
[a2 + 36] =s7
s6 = [a2 + 36]
s8 = [a2 + 32]
s9 = s6 + s8
[a2 + 40] =s9
s10 = [a2 + 24]
t2 = [a2 + 28]
s11 = s10 + t2
t5 = [a2 + 32]
t3 = [a2 + 36]
t0 =t5 + t3
v326 = t0
t1 = v326
s4 = s11 + t1
s2 = [a2 + 40]
t4 = s4 + s2
v321 = t4
s4 = stack_s4
s8 = stack_s8
s6 = stack_s6
s7 = stack_s7
s10 = stack_s10
s9 = stack_s9
s5 = stack_s5
s8 = stack_s8
s1 = stack_s1
s5 = stack_s5
s2 = stack_s2
s9 = stack_s9
s3 = stack_s3
s7 = stack_s7
s6 = stack_s6
s2 = stack_s2
s10 = stack_s10
s11 = stack_s11
s4 = stack_s4
s1 = stack_s1
s11 = stack_s11
s10 = stack_s10
s6 = stack_s6
s4 = stack_s4
s8 = stack_s8
s2 = stack_s2
s8 = stack_s8
s7 = stack_s7
s3 = stack_s3
s9 = stack_s9
s6 = stack_s6
s5 = stack_s5
s1 = stack_s1
s4 = stack_s4
s1 = stack_s1
s7 = stack_s7
s9 = stack_s9
s3 = stack_s3
s2 = stack_s2
s2 = stack_s2
s3 = stack_s3
s11 = stack_s11
s5 = stack_s5
s10 = stack_s10
s4 = stack_s4
s11 = stack_s11
t0 = v321
return v321
