func main()
stack_s3 = s3
stack_s4 = s4
stack_s5 = s5
stack_s5 = s5
stack_s9 = s9
stack_s2 = s2
stack_s1 = s1
stack_s10 = s10
stack_s3 = s3
stack_s7 = s7
stack_s6 = s6
stack_s8 = s8
stack_s9 = s9
stack_s10 = s10
stack_s11 = s11
stack_s1 = s1
stack_s3 = s3
stack_s9 = s9
stack_s2 = s2
stack_s8 = s8
stack_s7 = s7
stack_s5 = s5
stack_s6 = s6
stack_s11 = s11
stack_s1 = s1
stack_s4 = s4
stack_s2 = s2
stack_s4 = s4
stack_s3 = s3
stack_s5 = s5
stack_s10 = s10
stack_s10 = s10
stack_s11 = s11
stack_s8 = s8
stack_s7 = s7
stack_s4 = s4
stack_s6 = s6
stack_s11 = s11
stack_s7 = s7
stack_s1 = s1
stack_s2 = s2
t2 = 16
t3 = 20
t4 = alloc(t2)
t5 = alloc(t3)
s1 = @Element_Init
[t5 + 0] =s1
s2 = @Element_GetFlag
[t5 + 4] =s2
s3 = @Element_GetID
[t5 + 8] =s3
s4 = @Element_getMutualSum
[t5 + 12] =s4
s5 = @Element_GetValue
[t5 + 16] =s5
[t4 + 0] =t5
if0 t4 goto lbl_NullPtr_9
goto lbl_GoodPtr_10
lbl_NullPtr_9:
error ("null pointer")
lbl_GoodPtr_10:
t1 = t4
e1= t1
t0 = e1
if0 t0 goto lbl_NullPtr_13
t0 = e1
s7 = [t0 + 0]
s7 = [s7 + 0]
s8 = 10
s6 = 100
t0 = 1
v17 = t0
stack_a2 = a2
stack_a3 = a3
stack_a4 = a4
stack_a5 = a5
stack_a6 = a6
stack_a7 = a7
v15 = s8
v16 = s6
t1 = call s7(e1 v15 v16 v17)
v12 = t1
a2 = stack_a2
a3 = stack_a3
a4 = stack_a4
a5 = stack_a5
a6 = stack_a6
a7 = stack_a7
goto lbl_GoodPtr_14
lbl_NullPtr_13:
error ("null pointer")
lbl_GoodPtr_14:
t0 = v12
t1 = t0
rt= t1
s10 = 16
s11 = 20
s9 = alloc(s10)
a2 = alloc(s11)
a3 = @Element_Init
[a2 + 0] =a3
a4 = @Element_GetFlag
[a2 + 4] =a4
a5 = @Element_GetID
[a2 + 8] =a5
a6 = @Element_getMutualSum
[a2 + 12] =a6
a7 = @Element_GetValue
[a2 + 16] =a7
[s9 + 0] =a2
if0 s9 goto lbl_NullPtr_27
goto lbl_GoodPtr_28
lbl_NullPtr_27:
error ("null pointer")
lbl_GoodPtr_28:
t1 = s9
e2= t1
t0 = e2
if0 t0 goto lbl_NullPtr_31
t0 = e2
t3 = [t0 + 0]
t3 = [t3 + 0]
s1 = 20
t2 = 200
t0 = 0
v35 = t0
stack_a2 = a2
stack_a3 = a3
stack_a4 = a4
stack_a5 = a5
stack_a6 = a6
stack_a7 = a7
v33 = s1
v34 = t2
t1 = call t3(e2 v33 v34 v35)
v30 = t1
a2 = stack_a2
a3 = stack_a3
a4 = stack_a4
a5 = stack_a5
a6 = stack_a6
a7 = stack_a7
goto lbl_GoodPtr_32
lbl_NullPtr_31:
error ("null pointer")
lbl_GoodPtr_32:
t0 = v30
t1 = t0
rt= t1
s2 = 16
s3 = 20
s4 = alloc(s2)
s5 = alloc(s3)
t5 = @Element_Init
[s5 + 0] =t5
t4 = @Element_GetFlag
[s5 + 4] =t4
s7 = @Element_GetID
[s5 + 8] =s7
s8 = @Element_getMutualSum
[s5 + 12] =s8
s6 = @Element_GetValue
[s5 + 16] =s6
[s4 + 0] =s5
if0 s4 goto lbl_NullPtr_45
goto lbl_GoodPtr_46
lbl_NullPtr_45:
error ("null pointer")
lbl_GoodPtr_46:
t1 = s4
e3= t1
t0 = e3
if0 t0 goto lbl_NullPtr_49
t0 = e3
s11 = [t0 + 0]
s11 = [s11 + 0]
a3 = 30
s10 = 300
t0 = 1
v53 = t0
stack_a2 = a2
stack_a3 = a3
stack_a4 = a4
stack_a5 = a5
stack_a6 = a6
stack_a7 = a7
v51 = a3
v52 = s10
t1 = call s11(e3 v51 v52 v53)
v48 = t1
a2 = stack_a2
a3 = stack_a3
a4 = stack_a4
a5 = stack_a5
a6 = stack_a6
a7 = stack_a7
goto lbl_GoodPtr_50
lbl_NullPtr_49:
error ("null pointer")
lbl_GoodPtr_50:
t0 = v48
t1 = t0
rt= t1
a4 = 16
a5 = 20
a6 = alloc(a4)
a7 = alloc(a5)
a2 = @Element_Init
[a7 + 0] =a2
s9 = @Element_GetFlag
[a7 + 4] =s9
t3 = @Element_GetID
[a7 + 8] =t3
s1 = @Element_getMutualSum
[a7 + 12] =s1
t2 = @Element_GetValue
[a7 + 16] =t2
[a6 + 0] =a7
if0 a6 goto lbl_NullPtr_63
goto lbl_GoodPtr_64
lbl_NullPtr_63:
error ("null pointer")
lbl_GoodPtr_64:
t1 = a6
e4= t1
t0 = e4
if0 t0 goto lbl_NullPtr_67
t0 = e4
s3 = [t0 + 0]
s3 = [s3 + 0]
t5 = 40
s2 = 400
t0 = 0
v71 = t0
stack_a2 = a2
stack_a3 = a3
stack_a4 = a4
stack_a5 = a5
stack_a6 = a6
stack_a7 = a7
v69 = t5
v70 = s2
t1 = call s3(e4 v69 v70 v71)
v66 = t1
a2 = stack_a2
a3 = stack_a3
a4 = stack_a4
a5 = stack_a5
a6 = stack_a6
a7 = stack_a7
goto lbl_GoodPtr_68
lbl_NullPtr_67:
error ("null pointer")
lbl_GoodPtr_68:
t0 = v66
t1 = t0
rt= t1
t4 = 16
s7 = 20
s8 = alloc(t4)
s6 = alloc(s7)
s5 = @Element_Init
[s6 + 0] =s5
s4 = @Element_GetFlag
[s6 + 4] =s4
s11 = @Element_GetID
[s6 + 8] =s11
a3 = @Element_getMutualSum
[s6 + 12] =a3
s10 = @Element_GetValue
[s6 + 16] =s10
[s8 + 0] =s6
if0 s8 goto lbl_NullPtr_81
goto lbl_GoodPtr_82
lbl_NullPtr_81:
error ("null pointer")
lbl_GoodPtr_82:
t1 = s8
e5= t1
t0 = e5
if0 t0 goto lbl_NullPtr_85
t0 = e5
a5 = [t0 + 0]
a5 = [a5 + 0]
a2 = 50
a4 = 500
t0 = 1
v89 = t0
stack_a2 = a2
stack_a3 = a3
stack_a4 = a4
stack_a5 = a5
stack_a6 = a6
stack_a7 = a7
v87 = a2
v88 = a4
t1 = call a5(e5 v87 v88 v89)
v84 = t1
a2 = stack_a2
a3 = stack_a3
a4 = stack_a4
a5 = stack_a5
a6 = stack_a6
a7 = stack_a7
goto lbl_GoodPtr_86
lbl_NullPtr_85:
error ("null pointer")
lbl_GoodPtr_86:
t0 = v84
t1 = t0
rt= t1
s9 = 24
t3 = 4
s1 = alloc(s9)
t2 = alloc(t3)
a7 = @X_compute
[t2 + 0] =a7
[s1 + 0] =t2
if0 s1 goto lbl_NullPtr_95
goto lbl_GoodPtr_96
lbl_NullPtr_95:
error ("null pointer")
lbl_GoodPtr_96:
t1 = s1
x= t1
s3 = 44
t5 = 4
a6 = alloc(s3)
s2 = alloc(t5)
t4 = @Y_compute
[s2 + 0] =t4
[a6 + 0] =s2
if0 a6 goto lbl_NullPtr_102
goto lbl_GoodPtr_103
lbl_NullPtr_102:
error ("null pointer")
lbl_GoodPtr_103:
s7 = a6
t0 = x
if0 t0 goto lbl_NullPtr_106
t0 = x
s5 = [t0 + 0]
s5 = [s5 + 0]
stack_a2 = a2
stack_a3 = a3
stack_a4 = a4
stack_a5 = a5
stack_a6 = a6
stack_a7 = a7
s4 = call s5(x e1 e2 e3 e4 e5)
a2 = stack_a2
a3 = stack_a3
a4 = stack_a4
a5 = stack_a5
a6 = stack_a6
a7 = stack_a7
goto lbl_GoodPtr_107
lbl_NullPtr_106:
error ("null pointer")
lbl_GoodPtr_107:
t1 = s4
result= t1
t0 = result
print (t0)
if0 s7 goto lbl_NullPtr_110
a3 = [s7 + 0]
a3 = [a3 + 0]
stack_a2 = a2
stack_a3 = a3
stack_a4 = a4
stack_a5 = a5
stack_a6 = a6
stack_a7 = a7
y = s7
s11 = call a3(y e1 e2 e3 e4 e5)
a2 = stack_a2
a3 = stack_a3
a4 = stack_a4
a5 = stack_a5
a6 = stack_a6
a7 = stack_a7
goto lbl_GoodPtr_111
lbl_NullPtr_110:
error ("null pointer")
lbl_GoodPtr_111:
t1 = s11
result= t1
t0 = result
print (t0)
s10 = 0
v112 = s10
s3 = stack_s3
s4 = stack_s4
s5 = stack_s5
s5 = stack_s5
s9 = stack_s9
s2 = stack_s2
s1 = stack_s1
s10 = stack_s10
s3 = stack_s3
s7 = stack_s7
s6 = stack_s6
s8 = stack_s8
s9 = stack_s9
s10 = stack_s10
s11 = stack_s11
s1 = stack_s1
s3 = stack_s3
s9 = stack_s9
s2 = stack_s2
s8 = stack_s8
s7 = stack_s7
s5 = stack_s5
s6 = stack_s6
s11 = stack_s11
s1 = stack_s1
s4 = stack_s4
s2 = stack_s2
s4 = stack_s4
s3 = stack_s3
s5 = stack_s5
s10 = stack_s10
s10 = stack_s10
s11 = stack_s11
s8 = stack_s8
s7 = stack_s7
s4 = stack_s4
s6 = stack_s6
s11 = stack_s11
s7 = stack_s7
s1 = stack_s1
s2 = stack_s2
return v112
func Element_Init(this v i f)
t2 = v
t4 = i
t3 = f
t0 = this
[t0 + 12] =t2
t0 = this
[t0 + 8] =t4
t0 = this
[t0 + 4] =t3
t5 = 1
v113 = t5
return v113
func Element_GetValue(this)
t2 = this
t3 = [t2 + 12]
v114 = t3
return v114
func Element_GetID(this)
t2 = this
t3 = [t2 + 8]
v115 = t3
return v115
func Element_GetFlag(this)
t2 = this
t3 = [t2 + 4]
v116 = t3
return v116
func Element_getMutualSum(this x y)
t2 = this
t3 = x
stack_s2 = s2
stack_s1 = s1
if0 t3 goto lbl_NullPtr_120
t4 = [t3 + 0]
t4 = [t4 + 0]
stack_a2 = a2
stack_a3 = a3
stack_a4 = a4
stack_a5 = a5
stack_a6 = a6
stack_a7 = a7
stacks_t2 = t2
x = t3
this = t2
this = t2
this = t2
this = t2
this = t2
t1 = call t4(x this this this this this)
v119 = t1
a2 = stack_a2
a3 = stack_a3
a4 = stack_a4
a5 = stack_a5
a6 = stack_a6
a7 = stack_a7
t2 = stacks_t2
goto lbl_GoodPtr_121
lbl_NullPtr_120:
error ("null pointer")
lbl_GoodPtr_121:
t0 = y
if0 t0 goto lbl_NullPtr_124
t0 = y
t5 = [t0 + 0]
t5 = [t5 + 0]
stack_a2 = a2
stack_a3 = a3
stack_a4 = a4
stack_a5 = a5
stack_a6 = a6
stack_a7 = a7
this = t2
this = t2
this = t2
this = t2
this = t2
s1 = call t5(y this this this this this)
a2 = stack_a2
a3 = stack_a3
a4 = stack_a4
a5 = stack_a5
a6 = stack_a6
a7 = stack_a7
goto lbl_GoodPtr_125
lbl_NullPtr_124:
error ("null pointer")
lbl_GoodPtr_125:
t0 = v119
s2 = t0 + s1
v117 = s2
s2 = stack_s2
s1 = stack_s1
return v117
func X_compute(this e1 e2 e3 e4 e5)
t3 = e1
t4 = e2
stack_s1 = s1
stack_s5 = s5
stack_s6 = s6
stack_s9 = s9
stack_s10 = s10
stack_s5 = s5
stack_s6 = s6
stack_s2 = s2
stack_s3 = s3
stack_s4 = s4
stack_s7 = s7
stack_s4 = s4
stack_s3 = s3
stack_s1 = s1
stack_s2 = s2
stack_s11 = s11
stack_s8 = s8
t2 = 0
t1 = t2
result= t1
if0 t3 goto lbl_NullPtr_132
t5 = [t3 + 0]
t5 = [t5 + 16]
stack_a2 = a2
stack_a3 = a3
stack_a4 = a4
stack_a5 = a5
stack_a6 = a6
stack_a7 = a7
stacks_t4 = t4
e1 = t3
t1 = call t5(e1)
v131 = t1
a2 = stack_a2
a3 = stack_a3
a4 = stack_a4
a5 = stack_a5
a6 = stack_a6
a7 = stack_a7
t4 = stacks_t4
goto lbl_GoodPtr_133
lbl_NullPtr_132:
error ("null pointer")
lbl_GoodPtr_133:
if0 t4 goto lbl_NullPtr_136
s1 = [t4 + 0]
s1 = [s1 + 16]
stack_a2 = a2
stack_a3 = a3
stack_a4 = a4
stack_a5 = a5
stack_a6 = a6
stack_a7 = a7
e2 = t4
s2 = call s1(e2)
a2 = stack_a2
a3 = stack_a3
a4 = stack_a4
a5 = stack_a5
a6 = stack_a6
a7 = stack_a7
goto lbl_GoodPtr_137
lbl_NullPtr_136:
error ("null pointer")
lbl_GoodPtr_137:
t0 = v131
t0 =t0 + s2
v129 = t0
t0 = e3
if0 t0 goto lbl_NullPtr_141
t0 = e3
s4 = [t0 + 0]
s4 = [s4 + 16]
stack_a2 = a2
stack_a3 = a3
stack_a4 = a4
stack_a5 = a5
stack_a6 = a6
stack_a7 = a7
s5 = call s4(e3)
a2 = stack_a2
a3 = stack_a3
a4 = stack_a4
a5 = stack_a5
a6 = stack_a6
a7 = stack_a7
goto lbl_GoodPtr_142
lbl_NullPtr_141:
error ("null pointer")
lbl_GoodPtr_142:
t0 = e4
if0 t0 goto lbl_NullPtr_145
t0 = e4
s6 = [t0 + 0]
s6 = [s6 + 16]
stack_a2 = a2
stack_a3 = a3
stack_a4 = a4
stack_a5 = a5
stack_a6 = a6
stack_a7 = a7
s3 = call s6(e4)
a2 = stack_a2
a3 = stack_a3
a4 = stack_a4
a5 = stack_a5
a6 = stack_a6
a7 = stack_a7
goto lbl_GoodPtr_146
lbl_NullPtr_145:
error ("null pointer")
lbl_GoodPtr_146:
s7 = s5 + s3
t0 = v129
s8 = t0 + s7
t0 = e5
if0 t0 goto lbl_NullPtr_149
t0 = e5
s9 = [t0 + 0]
s9 = [s9 + 16]
stack_a2 = a2
stack_a3 = a3
stack_a4 = a4
stack_a5 = a5
stack_a6 = a6
stack_a7 = a7
s10 = call s9(e5)
a2 = stack_a2
a3 = stack_a3
a4 = stack_a4
a5 = stack_a5
a6 = stack_a6
a7 = stack_a7
goto lbl_GoodPtr_150
lbl_NullPtr_149:
error ("null pointer")
lbl_GoodPtr_150:
s11 = s8 + s10
t1 = s11
result= t1
t0 = this
t1 = result
[t0 + 4] =t1
a2 = 1
t0 = result
a3 = t0 + a2
t0 = this
[t0 + 8] =a3
a4 = 2
t0 = result
a5 = t0 + a4
t0 = this
[t0 + 12] =a5
a6 = 3
t0 = result
a7 = t0 + a6
t0 = this
[t0 + 16] =a7
t2 = 4
t0 = result
t3 = t0 + t2
t0 = this
[t0 + 20] =t3
t0 = this
t5 = [t0 + 4]
t0 = this
t4 = [t0 + 8]
s1 = t5 + t4
t0 = this
s2 = [t0 + 12]
t0 = this
s4 = [t0 + 16]
t0 =s2 + s4
v164 = t0
t1 = v164
s6 = s1 + t1
t0 = this
s5 = [t0 + 20]
s3 = s6 + s5
v159 = s3
s1 = stack_s1
s5 = stack_s5
s6 = stack_s6
s9 = stack_s9
s10 = stack_s10
s5 = stack_s5
s6 = stack_s6
s2 = stack_s2
s3 = stack_s3
s4 = stack_s4
s7 = stack_s7
s4 = stack_s4
s3 = stack_s3
s1 = stack_s1
s2 = stack_s2
s11 = stack_s11
s8 = stack_s8
return v159
func Y_compute(this e1 e2 e3 e4 e5)
t3 = e1
t4 = e2
stack_s4 = s4
stack_s5 = s5
stack_s7 = s7
stack_s11 = s11
stack_s6 = s6
stack_s1 = s1
stack_s9 = s9
stack_s3 = s3
stack_s6 = s6
stack_s3 = s3
stack_s8 = s8
stack_s10 = s10
stack_s1 = s1
stack_s2 = s2
stack_s4 = s4
stack_s5 = s5
stack_s2 = s2
t2 = 1
t1 = t2
result= t1
if0 t3 goto lbl_NullPtr_174
t5 = [t3 + 0]
t5 = [t5 + 8]
stack_a2 = a2
stack_a3 = a3
stack_a4 = a4
stack_a5 = a5
stack_a6 = a6
stack_a7 = a7
stacks_t4 = t4
e1 = t3
t1 = call t5(e1)
v173 = t1
a2 = stack_a2
a3 = stack_a3
a4 = stack_a4
a5 = stack_a5
a6 = stack_a6
a7 = stack_a7
t4 = stacks_t4
goto lbl_GoodPtr_175
lbl_NullPtr_174:
error ("null pointer")
lbl_GoodPtr_175:
if0 t4 goto lbl_NullPtr_178
s1 = [t4 + 0]
s1 = [s1 + 8]
stack_a2 = a2
stack_a3 = a3
stack_a4 = a4
stack_a5 = a5
stack_a6 = a6
stack_a7 = a7
e2 = t4
s2 = call s1(e2)
a2 = stack_a2
a3 = stack_a3
a4 = stack_a4
a5 = stack_a5
a6 = stack_a6
a7 = stack_a7
goto lbl_GoodPtr_179
lbl_NullPtr_178:
error ("null pointer")
lbl_GoodPtr_179:
t0 = v173
t0 =t0 * s2
v171 = t0
t0 = e3
if0 t0 goto lbl_NullPtr_183
t0 = e3
s4 = [t0 + 0]
s4 = [s4 + 8]
stack_a2 = a2
stack_a3 = a3
stack_a4 = a4
stack_a5 = a5
stack_a6 = a6
stack_a7 = a7
s5 = call s4(e3)
a2 = stack_a2
a3 = stack_a3
a4 = stack_a4
a5 = stack_a5
a6 = stack_a6
a7 = stack_a7
goto lbl_GoodPtr_184
lbl_NullPtr_183:
error ("null pointer")
lbl_GoodPtr_184:
t0 = e4
if0 t0 goto lbl_NullPtr_187
t0 = e4
s6 = [t0 + 0]
s6 = [s6 + 8]
stack_a2 = a2
stack_a3 = a3
stack_a4 = a4
stack_a5 = a5
stack_a6 = a6
stack_a7 = a7
s3 = call s6(e4)
a2 = stack_a2
a3 = stack_a3
a4 = stack_a4
a5 = stack_a5
a6 = stack_a6
a7 = stack_a7
goto lbl_GoodPtr_188
lbl_NullPtr_187:
error ("null pointer")
lbl_GoodPtr_188:
s7 = s5 * s3
t0 = v171
s8 = t0 * s7
t0 = e5
if0 t0 goto lbl_NullPtr_191
t0 = e5
s9 = [t0 + 0]
s9 = [s9 + 8]
stack_a2 = a2
stack_a3 = a3
stack_a4 = a4
stack_a5 = a5
stack_a6 = a6
stack_a7 = a7
s10 = call s9(e5)
a2 = stack_a2
a3 = stack_a3
a4 = stack_a4
a5 = stack_a5
a6 = stack_a6
a7 = stack_a7
goto lbl_GoodPtr_192
lbl_NullPtr_191:
error ("null pointer")
lbl_GoodPtr_192:
s11 = s8 * s10
t1 = s11
result= t1
t0 = this
t1 = result
[t0 + 24] =t1
a2 = 1
t0 = result
a3 = t0 + a2
t0 = this
[t0 + 28] =a3
a4 = 2
t0 = result
a5 = t0 + a4
t0 = this
[t0 + 32] =a5
a6 = 3
t0 = result
a7 = t0 + a6
t0 = this
[t0 + 36] =a7
t2 = 4
t0 = result
t3 = t0 + t2
t0 = this
[t0 + 40] =t3
t0 = this
t5 = [t0 + 24]
t0 = this
t4 = [t0 + 28]
s1 = t5 + t4
t0 = this
s2 = [t0 + 32]
t0 = this
s4 = [t0 + 36]
t0 =s2 + s4
v206 = t0
t1 = v206
s6 = s1 + t1
t0 = this
s5 = [t0 + 40]
s3 = s6 + s5
v201 = s3
s4 = stack_s4
s5 = stack_s5
s7 = stack_s7
s11 = stack_s11
s6 = stack_s6
s1 = stack_s1
s9 = stack_s9
s3 = stack_s3
s6 = stack_s6
s3 = stack_s3
s8 = stack_s8
s10 = stack_s10
s1 = stack_s1
s2 = stack_s2
s4 = stack_s4
s5 = stack_s5
s2 = stack_s2
return v201
