func main()
t2 = 16
t3 = 20
t4 = alloc(t2)
t5 = alloc(t3)
t2 = @Element_Init
[t5 + 0] =t2
t3 = @Element_sumWithOthers
[t5 + 4] =t3
t2 = @Element_GetFlag
[t5 + 8] =t2
t3 = @Element_GetID
[t5 + 12] =t3
t2 = @Element_GetValue
[t5 + 16] =t2
[t4 + 0] =t5
if0 t4 goto lbl_NullPtr_9
goto lbl_GoodPtr_10
lbl_NullPtr_9:
error ("null pointer")
lbl_GoodPtr_10:
t3 = t4
if0 t3 goto lbl_NullPtr_13
t2 = [t3 + 0]
t2 = [t2 + 0]
t5 = 1
t4 = 10
s1 = 1
stack_t3 = t3
a5 = s1
a2 = t3
a4 = t4
a3 = t5
s2 = call t2()
t3 = stack_t3
goto lbl_GoodPtr_14
lbl_NullPtr_13:
error ("null pointer")
lbl_GoodPtr_14:
t2 = s2
t5 = 16
t4 = 20
s3 = alloc(t5)
t5 = alloc(t4)
t4 = @Element_Init
[t5 + 0] =t4
t4 = @Element_sumWithOthers
[t5 + 4] =t4
t4 = @Element_GetFlag
[t5 + 8] =t4
t4 = @Element_GetID
[t5 + 12] =t4
t4 = @Element_GetValue
[t5 + 16] =t4
[s3 + 0] =t5
if0 s3 goto lbl_NullPtr_27
goto lbl_GoodPtr_28
lbl_NullPtr_27:
error ("null pointer")
lbl_GoodPtr_28:
t4 = s3
if0 t4 goto lbl_NullPtr_31
t5 = [t4 + 0]
t5 = [t5 + 0]
s4 = 2
s5 = 20
s6 = 0
stack_t2 = t2
stack_t3 = t3
stack_t4 = t4
a5 = s6
a2 = t4
a4 = s5
a3 = s4
s7 = call t5()
t2 = stack_t2
t3 = stack_t3
t4 = stack_t4
goto lbl_GoodPtr_32
lbl_NullPtr_31:
error ("null pointer")
lbl_GoodPtr_32:
t2 = s7
t5 = 16
s8 = 20
s9 = alloc(t5)
t5 = alloc(s8)
s10 = @Element_Init
[t5 + 0] =s10
s11 = @Element_sumWithOthers
[t5 + 4] =s11
s1 = @Element_GetFlag
[t5 + 8] =s1
s2 = @Element_GetID
[t5 + 12] =s2
s3 = @Element_GetValue
[t5 + 16] =s3
[s9 + 0] =t5
if0 s9 goto lbl_NullPtr_45
goto lbl_GoodPtr_46
lbl_NullPtr_45:
error ("null pointer")
lbl_GoodPtr_46:
t5 = s9
if0 t5 goto lbl_NullPtr_49
s4 = [t5 + 0]
s4 = [s4 + 0]
s5 = 3
s6 = 30
s7 = 1
stack_t2 = t2
stack_t3 = t3
stack_t4 = t4
stack_t5 = t5
a5 = s7
a2 = t5
a4 = s6
a3 = s5
s8 = call s4()
t2 = stack_t2
t3 = stack_t3
t4 = stack_t4
t5 = stack_t5
goto lbl_GoodPtr_50
lbl_NullPtr_49:
error ("null pointer")
lbl_GoodPtr_50:
t2 = s8
s10 = 16
s11 = 20
s1 = alloc(s10)
s2 = alloc(s11)
s3 = @Element_Init
[s2 + 0] =s3
s9 = @Element_sumWithOthers
[s2 + 4] =s9
s4 = @Element_GetFlag
[s2 + 8] =s4
s5 = @Element_GetID
[s2 + 12] =s5
s6 = @Element_GetValue
[s2 + 16] =s6
[s1 + 0] =s2
if0 s1 goto lbl_NullPtr_63
goto lbl_GoodPtr_64
lbl_NullPtr_63:
error ("null pointer")
lbl_GoodPtr_64:
s7 = s1
if0 s7 goto lbl_NullPtr_67
s8 = [s7 + 0]
s8 = [s8 + 0]
s10 = 4
s11 = 40
s3 = 0
stack_t2 = t2
stack_t3 = t3
stack_t4 = t4
stack_t5 = t5
a5 = s3
a2 = s7
a4 = s11
a3 = s10
s9 = call s8()
t2 = stack_t2
t3 = stack_t3
t4 = stack_t4
t5 = stack_t5
goto lbl_GoodPtr_68
lbl_NullPtr_67:
error ("null pointer")
lbl_GoodPtr_68:
t2 = s9
s4 = 16
s5 = 20
s6 = alloc(s4)
s2 = alloc(s5)
s1 = @Element_Init
[s2 + 0] =s1
s8 = @Element_sumWithOthers
[s2 + 4] =s8
s10 = @Element_GetFlag
[s2 + 8] =s10
s11 = @Element_GetID
[s2 + 12] =s11
s3 = @Element_GetValue
[s2 + 16] =s3
[s6 + 0] =s2
if0 s6 goto lbl_NullPtr_81
goto lbl_GoodPtr_82
lbl_NullPtr_81:
error ("null pointer")
lbl_GoodPtr_82:
s9 = s6
if0 s9 goto lbl_NullPtr_85
s4 = [s9 + 0]
s4 = [s4 + 0]
s5 = 5
s1 = 50
s8 = 1
stack_t2 = t2
stack_t3 = t3
stack_t4 = t4
stack_t5 = t5
a5 = s8
a2 = s9
a4 = s1
a3 = s5
s10 = call s4()
t2 = stack_t2
t3 = stack_t3
t4 = stack_t4
t5 = stack_t5
goto lbl_GoodPtr_86
lbl_NullPtr_85:
error ("null pointer")
lbl_GoodPtr_86:
t2 = s10
t2 = 24
s11 = 4
s3 = alloc(t2)
t2 = alloc(s11)
s2 = @M_sum
[t2 + 0] =s2
[s3 + 0] =t2
if0 s3 goto lbl_NullPtr_95
goto lbl_GoodPtr_96
lbl_NullPtr_95:
error ("null pointer")
lbl_GoodPtr_96:
t2 = s3
s6 = 44
s4 = 4
s5 = alloc(s6)
s1 = alloc(s4)
s8 = @N_sum
[s1 + 0] =s8
[s5 + 0] =s1
if0 s5 goto lbl_NullPtr_102
goto lbl_GoodPtr_103
lbl_NullPtr_102:
error ("null pointer")
lbl_GoodPtr_103:
s10 = s5
if0 t2 goto lbl_NullPtr_106
s11 = [t2 + 0]
s11 = [s11 + 0]
stack_t3 = t3
stack_t4 = t4
stack_t5 = t5
a6 = s7
a5 = t5
a7 = s9
a2 = t2
a4 = t4
a3 = t3
s2 = call s11()
t3 = stack_t3
t4 = stack_t4
t5 = stack_t5
goto lbl_GoodPtr_107
lbl_NullPtr_106:
error ("null pointer")
lbl_GoodPtr_107:
t2 = s2
print (t2)
if0 s10 goto lbl_NullPtr_110
s3 = [s10 + 0]
s3 = [s3 + 0]
stack_t2 = t2
a6 = s7
a5 = t5
a7 = s9
a2 = s10
a4 = t4
a3 = t3
s6 = call s3()
t2 = stack_t2
goto lbl_GoodPtr_111
lbl_NullPtr_110:
error ("null pointer")
lbl_GoodPtr_111:
t2 = s6
print (t2)
t3 = 0
v112 = t3
s11 = stack_s11
s8 = stack_s8
s1 = stack_s1
s3 = stack_s3
s11 = stack_s11
s2 = stack_s2
s6 = stack_s6
s5 = stack_s5
s10 = stack_s10
s4 = stack_s4
s7 = stack_s7
s6 = stack_s6
s2 = stack_s2
s1 = stack_s1
s11 = stack_s11
s5 = stack_s5
s3 = stack_s3
s2 = stack_s2
s9 = stack_s9
s1 = stack_s1
s5 = stack_s5
s4 = stack_s4
s6 = stack_s6
s8 = stack_s8
s3 = stack_s3
s9 = stack_s9
s10 = stack_s10
s11 = stack_s11
s4 = stack_s4
s3 = stack_s3
s7 = stack_s7
s6 = stack_s6
s5 = stack_s5
s1 = stack_s1
s2 = stack_s2
s5 = stack_s5
s10 = stack_s10
s4 = stack_s4
s8 = stack_s8
s6 = stack_s6
s11 = stack_s11
s9 = stack_s9
s8 = stack_s8
s10 = stack_s10
s7 = stack_s7
s3 = stack_s3
s9 = stack_s9
s4 = stack_s4
s11 = stack_s11
s6 = stack_s6
s10 = stack_s10
s10 = stack_s10
s2 = stack_s2
s5 = stack_s5
s1 = stack_s1
s3 = stack_s3
s8 = stack_s8
s2 = stack_s2
s3 = stack_s3
s1 = stack_s1
s4 = stack_s4
s8 = stack_s8
return v112
func Element_Init()
[a2 + 12] =a3
[a2 + 8] =a4
[a2 + 4] =a5
t2 = 1
v113 = t2
return v113
func Element_GetValue()
t3 = [a2 + 12]
v114 = t3
return v114
func Element_GetID()
t3 = [a2 + 8]
v115 = t3
return v115
func Element_GetFlag()
t3 = [a2 + 4]
v116 = t3
return v116
func Element_sumWithOthers()
stack_s1 = s1
if0 a3 goto lbl_NullPtr_120
t5 = [a3 + 0]
t5 = [t5 + 0]
stack_a6 = a6
a6 = a2
stack_a5 = a5
a5 = a2
stack_a7 = a7
a7 = a2
stack_a4 = a4
a4 = a2
t0 = a3
stack_a3 = a3
a3 = a2
stack_a2 = a2
a2 = t0
s1 = call t5()
a2 = stack_a2
a3 = stack_a3
a4 = stack_a4
a5 = stack_a5
a6 = stack_a6
a7 = stack_a7
goto lbl_GoodPtr_121
lbl_NullPtr_120:
error ("null pointer")
lbl_GoodPtr_121:
if0 a4 goto lbl_NullPtr_124
t3 = [a4 + 0]
t3 = [t3 + 0]
stack_a6 = a6
a6 = a2
stack_a5 = a5
a5 = a2
stack_a7 = a7
a7 = a2
stack_a3 = a3
a3 = a2
t0 = a4
stack_a4 = a4
a4 = a2
stack_a2 = a2
a2 = t0
t5 = call t3()
a2 = stack_a2
a3 = stack_a3
a4 = stack_a4
a5 = stack_a5
a6 = stack_a6
a7 = stack_a7
goto lbl_GoodPtr_125
lbl_NullPtr_124:
error ("null pointer")
lbl_GoodPtr_125:
t2 = s1 + t5
v117 = t2
s1 = stack_s1
return v117
func M_sum()
stack_s7 = s7
stack_s6 = s6
stack_s5 = s5
stack_s4 = s4
stack_s3 = s3
if0 a3 goto lbl_NullPtr_131
s3 = [a3 + 0]
s3 = [s3 + 16]
stack_a2 = a2
a2 = a3
s4 = call s3()
a2 = stack_a2
goto lbl_GoodPtr_132
lbl_NullPtr_131:
error ("null pointer")
lbl_GoodPtr_132:
if0 a4 goto lbl_NullPtr_135
t3 = [a4 + 0]
t3 = [t3 + 16]
stack_a2 = a2
a2 = a4
s5 = call t3()
a2 = stack_a2
goto lbl_GoodPtr_136
lbl_NullPtr_135:
error ("null pointer")
lbl_GoodPtr_136:
t4 = s4 + s5
if0 a5 goto lbl_NullPtr_140
t3 = [a5 + 0]
t3 = [t3 + 16]
stack_t4 = t4
stack_a2 = a2
a2 = a5
s6 = call t3()
a2 = stack_a2
t4 = stack_t4
goto lbl_GoodPtr_141
lbl_NullPtr_140:
error ("null pointer")
lbl_GoodPtr_141:
if0 a6 goto lbl_NullPtr_144
t5 = [a6 + 0]
t5 = [t5 + 16]
stack_t4 = t4
stack_a2 = a2
a2 = a6
t3 = call t5()
a2 = stack_a2
t4 = stack_t4
goto lbl_GoodPtr_145
lbl_NullPtr_144:
error ("null pointer")
lbl_GoodPtr_145:
t5 = s6 + t3
t3 = t4 + t5
if0 a7 goto lbl_NullPtr_148
t4 = [a7 + 0]
t4 = [t4 + 16]
stack_t3 = t3
stack_a2 = a2
a2 = a7
t5 = call t4()
a2 = stack_a2
t3 = stack_t3
goto lbl_GoodPtr_149
lbl_NullPtr_148:
error ("null pointer")
lbl_GoodPtr_149:
t4 = t3 + t5
t3 = t4
[a2 + 12] =t3
t5 = 1
t4 = t3 + t5
[a2 + 16] =t4
t5 = 2
t4 = t3 + t5
[a2 + 20] =t4
t5 = 3
t4 = t3 + t5
[a2 + 8] =t4
t5 = 4
t4 = t3 + t5
[a2 + 4] =t4
t3 = [a2 + 12]
t5 = [a2 + 16]
t4 = t3 + t5
t3 = [a2 + 20]
t5 = [a2 + 8]
s7 = t3 + t5
t3 = t4 + s7
t5 = [a2 + 4]
t4 = t3 + t5
v158 = t4
s7 = stack_s7
s6 = stack_s6
s5 = stack_s5
s4 = stack_s4
s3 = stack_s3
return v158
func N_sum()
stack_s6 = s6
stack_s3 = s3
stack_s4 = s4
stack_s5 = s5
stack_s7 = s7
if0 a3 goto lbl_NullPtr_172
s3 = [a3 + 0]
s3 = [s3 + 12]
stack_a2 = a2
a2 = a3
s4 = call s3()
a2 = stack_a2
goto lbl_GoodPtr_173
lbl_NullPtr_172:
error ("null pointer")
lbl_GoodPtr_173:
if0 a4 goto lbl_NullPtr_176
t3 = [a4 + 0]
t3 = [t3 + 12]
stack_a2 = a2
a2 = a4
s5 = call t3()
a2 = stack_a2
goto lbl_GoodPtr_177
lbl_NullPtr_176:
error ("null pointer")
lbl_GoodPtr_177:
t4 = s4 + s5
if0 a5 goto lbl_NullPtr_181
t3 = [a5 + 0]
t3 = [t3 + 12]
stack_t4 = t4
stack_a2 = a2
a2 = a5
s6 = call t3()
a2 = stack_a2
t4 = stack_t4
goto lbl_GoodPtr_182
lbl_NullPtr_181:
error ("null pointer")
lbl_GoodPtr_182:
if0 a6 goto lbl_NullPtr_185
t5 = [a6 + 0]
t5 = [t5 + 12]
stack_t4 = t4
stack_a2 = a2
a2 = a6
t3 = call t5()
a2 = stack_a2
t4 = stack_t4
goto lbl_GoodPtr_186
lbl_NullPtr_185:
error ("null pointer")
lbl_GoodPtr_186:
t5 = s6 + t3
t3 = t4 + t5
if0 a7 goto lbl_NullPtr_189
t4 = [a7 + 0]
t4 = [t4 + 12]
stack_t3 = t3
stack_a2 = a2
a2 = a7
t5 = call t4()
a2 = stack_a2
t3 = stack_t3
goto lbl_GoodPtr_190
lbl_NullPtr_189:
error ("null pointer")
lbl_GoodPtr_190:
t4 = t3 + t5
t3 = t4
[a2 + 24] =t3
t5 = 1
t4 = t3 + t5
[a2 + 28] =t4
t5 = 2
t4 = t3 + t5
[a2 + 32] =t4
t5 = 3
t4 = t3 + t5
[a2 + 36] =t4
t5 = 4
t4 = t3 + t5
[a2 + 40] =t4
t3 = [a2 + 24]
t5 = [a2 + 28]
t4 = t3 + t5
t3 = [a2 + 32]
t5 = [a2 + 36]
s7 = t3 + t5
t3 = t4 + s7
t5 = [a2 + 40]
t4 = t3 + t5
v199 = t4
s6 = stack_s6
s3 = stack_s3
s4 = stack_s4
s5 = stack_s5
s7 = stack_s7
return v199
