func main()
t2 = 4
t3 = 4
t4 = alloc(t2)
t5 = alloc(t3)
t2 = @A_Fib
[t5 + 0] =t2
[t4 + 0] =t5
if0 t4 goto lbl_NullPtr_5
goto lbl_GoodPtr_6
lbl_NullPtr_5:
error ("null pointer")
lbl_GoodPtr_6:
t3 = t4
if0 t3 goto lbl_NullPtr_9
t2 = [t3 + 0]
t2 = [t2 + 0]
t5 = 20
a2 = t3
a3 = t5
t4 = call t2()
goto lbl_GoodPtr_10
lbl_NullPtr_9:
error ("null pointer")
lbl_GoodPtr_10:
print (t4)
t3 = 0
v12 = t3
return v12
func A_Fib()
stack_s8 = s8
stack_s10 = s10
stack_s6 = s6
stack_s7 = s7
stack_s7 = s7
stack_s9 = s9
stack_s4 = s4
stack_s1 = s1
stack_s1 = s1
stack_s11 = s11
stack_s10 = s10
stack_s11 = s11
stack_s3 = s3
stack_s2 = s2
stack_s3 = s3
stack_s2 = s2
stack_s4 = s4
stack_s4 = s4
stack_s5 = s5
stack_s9 = s9
stack_s5 = s5
stack_s6 = s6
t4 = 4
t5 = 8
s1 = alloc(t4)
t4 = alloc(t5)
t5 = @B_Helper
[t4 + 4] =t5
t5 = @B_Fib
[t4 + 0] =t5
[s1 + 0] =t4
if0 s1 goto lbl_NullPtr_19
goto lbl_GoodPtr_20
lbl_NullPtr_19:
error ("null pointer")
lbl_GoodPtr_20:
t5 = s1
t4 = 4
s2 = 8
s3 = alloc(t4)
t4 = alloc(s2)
s4 = @C_Helper
[t4 + 4] =s4
s5 = @C_Fib
[t4 + 0] =s5
[s3 + 0] =t4
if0 s3 goto lbl_NullPtr_27
goto lbl_GoodPtr_28
lbl_NullPtr_27:
error ("null pointer")
lbl_GoodPtr_28:
t4 = s3
s6 = 3
s7 = a3 < s6
if0 s7 goto lbl_Else_29
s8 = a3
goto lbl_IfEnd_30
lbl_Else_29:
if0 a2 goto lbl_NullPtr_38
s9 = [a2 + 0]
s9 = [s9 + 0]
s10 = 2
s11 = a3 - s10
stack_t5 = t5
stack_t4 = t4
stack_a2 = a2
stack_a3 = a3
a3 = s11
s1 = call s9()
a2 = stack_a2
a3 = stack_a3
t5 = stack_t5
t4 = stack_t4
goto lbl_GoodPtr_39
lbl_NullPtr_38:
error ("null pointer")
lbl_GoodPtr_39:
if0 a2 goto lbl_NullPtr_44
s2 = [a2 + 0]
s2 = [s2 + 0]
s4 = 1
s5 = a3 - s4
stack_t5 = t5
stack_t4 = t4
stack_a2 = a2
stack_a3 = a3
a3 = s5
s3 = call s2()
a2 = stack_a2
a3 = stack_a3
t5 = stack_t5
t4 = stack_t4
goto lbl_GoodPtr_45
lbl_NullPtr_44:
error ("null pointer")
lbl_GoodPtr_45:
t2 = s1 + s3
if0 t5 goto lbl_NullPtr_50
s6 = [t5 + 0]
s6 = [s6 + 0]
s7 = 1
s10 = a3 - s7
stack_t2 = t2
stack_t4 = t4
stack_a2 = a2
a2 = t5
stack_a3 = a3
a3 = s10
s9 = call s6()
a2 = stack_a2
a3 = stack_a3
t2 = stack_t2
t4 = stack_t4
goto lbl_GoodPtr_51
lbl_NullPtr_50:
error ("null pointer")
lbl_GoodPtr_51:
t5 = t2 + s9
if0 t4 goto lbl_NullPtr_56
t2 = [t4 + 0]
t2 = [t2 + 0]
s11 = 1
s4 = a3 - s11
stack_t5 = t5
stack_a2 = a2
a2 = t4
stack_a3 = a3
a3 = s4
t3 = call t2()
a2 = stack_a2
a3 = stack_a3
t5 = stack_t5
goto lbl_GoodPtr_57
lbl_NullPtr_56:
error ("null pointer")
lbl_GoodPtr_57:
t4 = t5 + t3
s8 = t4
lbl_IfEnd_30:
rt = s8
s8 = stack_s8
s10 = stack_s10
s6 = stack_s6
s7 = stack_s7
s7 = stack_s7
s9 = stack_s9
s4 = stack_s4
s1 = stack_s1
s1 = stack_s1
s11 = stack_s11
s10 = stack_s10
s11 = stack_s11
s3 = stack_s3
s2 = stack_s2
s3 = stack_s3
s2 = stack_s2
s4 = stack_s4
s4 = stack_s4
s5 = stack_s5
s9 = stack_s9
s5 = stack_s5
s6 = stack_s6
return rt
func B_Fib()
stack_s1 = s1
stack_s4 = s4
stack_s3 = s3
stack_s2 = s2
t4 = 3
t5 = a3 < t4
if0 t5 goto lbl_Else_60
t4 = a3
goto lbl_IfEnd_61
lbl_Else_60:
if0 a2 goto lbl_NullPtr_67
t5 = [a2 + 0]
t5 = [t5 + 0]
s1 = 2
s2 = a3 - s1
stack_t4 = t4
stack_a2 = a2
stack_a3 = a3
a3 = s2
s3 = call t5()
a2 = stack_a2
a3 = stack_a3
t4 = stack_t4
goto lbl_GoodPtr_68
lbl_NullPtr_67:
error ("null pointer")
lbl_GoodPtr_68:
if0 a2 goto lbl_NullPtr_73
t5 = [a2 + 0]
t5 = [t5 + 4]
stack_t4 = t4
stack_a2 = a2
stack_a3 = a3
s4 = call t5()
a2 = stack_a2
a3 = stack_a3
t4 = stack_t4
goto lbl_GoodPtr_74
lbl_NullPtr_73:
error ("null pointer")
lbl_GoodPtr_74:
t2 = s3 + s4
t4 = t2
lbl_IfEnd_61:
rt = t4
s1 = stack_s1
s4 = stack_s4
s3 = stack_s3
s2 = stack_s2
return rt
func B_Helper()
stack_s1 = s1
if0 a2 goto lbl_NullPtr_77
t4 = [a2 + 0]
t4 = [t4 + 0]
t5 = 2
s1 = a3 - t5
stack_a2 = a2
stack_a3 = a3
a3 = s1
t3 = call t4()
a2 = stack_a2
a3 = stack_a3
goto lbl_GoodPtr_78
lbl_NullPtr_77:
error ("null pointer")
lbl_GoodPtr_78:
t5 = t3
result = t5
s1 = stack_s1
return result
func C_Fib()
stack_s9 = s9
stack_s8 = s8
stack_s1 = s1
stack_s2 = s2
stack_s6 = s6
stack_s4 = s4
stack_s5 = s5
stack_s3 = s3
stack_s7 = s7
t4 = 4
t5 = a3 < t4
if0 t5 goto lbl_Else_81
t4 = a3
goto lbl_IfEnd_82
lbl_Else_81:
if0 a2 goto lbl_NullPtr_89
t5 = [a2 + 0]
t5 = [t5 + 4]
s1 = 2
s2 = a3 - s1
stack_t4 = t4
stack_a2 = a2
stack_a3 = a3
a3 = s2
s3 = call t5()
a2 = stack_a2
a3 = stack_a3
t4 = stack_t4
goto lbl_GoodPtr_90
lbl_NullPtr_89:
error ("null pointer")
lbl_GoodPtr_90:
if0 a2 goto lbl_NullPtr_95
t5 = [a2 + 0]
t5 = [t5 + 4]
s4 = 1
s5 = a3 - s4
stack_t4 = t4
stack_a2 = a2
stack_a3 = a3
a3 = s5
s6 = call t5()
a2 = stack_a2
a3 = stack_a3
t4 = stack_t4
goto lbl_GoodPtr_96
lbl_NullPtr_95:
error ("null pointer")
lbl_GoodPtr_96:
t5 = s3 + s6
if0 a2 goto lbl_NullPtr_101
s7 = [a2 + 0]
s7 = [s7 + 0]
s8 = 3
s9 = a3 - s8
stack_t4 = t4
stack_t5 = t5
stack_a2 = a2
stack_a3 = a3
a3 = s9
t3 = call s7()
a2 = stack_a2
a3 = stack_a3
t4 = stack_t4
t5 = stack_t5
goto lbl_GoodPtr_102
lbl_NullPtr_101:
error ("null pointer")
lbl_GoodPtr_102:
t2 = t5 + t3
t4 = t2
lbl_IfEnd_82:
rt = t4
s9 = stack_s9
s8 = stack_s8
s1 = stack_s1
s2 = stack_s2
s6 = stack_s6
s4 = stack_s4
s5 = stack_s5
s3 = stack_s3
s7 = stack_s7
return rt
func C_Helper()
stack_s1 = s1
if0 a2 goto lbl_NullPtr_107
t4 = [a2 + 0]
t4 = [t4 + 0]
t5 = 2
s1 = a3 - t5
stack_a2 = a2
stack_a3 = a3
a3 = s1
t3 = call t4()
a2 = stack_a2
a3 = stack_a3
goto lbl_GoodPtr_108
lbl_NullPtr_107:
error ("null pointer")
lbl_GoodPtr_108:
t5 = t3
result = t5
s1 = stack_s1
return result
