func main()
t2 = 28
t3 = 16
t4 = alloc(t2)
t5 = alloc(t3)
t2 = @B_init
[t5 + 8] =t2
t3 = @A_run
[t5 + 0] =t3
t2 = @A_printb
[t5 + 4] =t2
t3 = @B_changex
[t5 + 12] =t3
[t4 + 0] =t5
if0 t4 goto lbl_NullPtr_8
goto lbl_GoodPtr_9
lbl_NullPtr_8:
error ("null pointer")
lbl_GoodPtr_9:
t2 = t4
if0 t2 goto lbl_NullPtr_12
t3 = [t2 + 0]
t3 = [t3 + 8]
stack_t2 = t2
a2 = t2
t5 = call t3()
t2 = stack_t2
goto lbl_GoodPtr_13
lbl_NullPtr_12:
error ("null pointer")
lbl_GoodPtr_13:
print (t5)
if0 t2 goto lbl_NullPtr_16
t4 = [t2 + 0]
t4 = [t4 + 0]
stack_t2 = t2
a2 = t2
t3 = call t4()
t2 = stack_t2
goto lbl_GoodPtr_17
lbl_NullPtr_16:
error ("null pointer")
lbl_GoodPtr_17:
print (t3)
if0 t2 goto lbl_NullPtr_20
t5 = [t2 + 0]
t5 = [t5 + 4]
a2 = t2
t4 = call t5()
goto lbl_GoodPtr_21
lbl_NullPtr_20:
error ("null pointer")
lbl_GoodPtr_21:
print (t4)
t3 = 0
v22 = t3
return v22
func B_init()
t3 = 0
[a2 + 16] =t3
t4 = 1
t5 = t4
if0 a2 goto lbl_NullPtr_27
t3 = [a2 + 0]
t3 = [t3 + 12]
stack_t5 = t5
stack_a2 = a2
stack_a3 = a3
a3 = t5
t4 = call t3()
a2 = stack_a2
a3 = stack_a3
t5 = stack_t5
goto lbl_GoodPtr_28
lbl_NullPtr_27:
error ("null pointer")
lbl_GoodPtr_28:
t2 = t4
x = t5
return x
func B_changex()
t4 = [a2 + 16]
if0 t4 goto lbl_Else_29
t5 = 5000
a3 = t5
t4 = 10000000
[a2 + 24] =t4
goto lbl_IfEnd_30
lbl_Else_29:
t5 = 2500
a3 = t5
t4 = 8000
[a2 + 24] =t4
lbl_IfEnd_30:
t2 = 0
v36 = t2
return v36
func A_run()
t3 = [a2 + 8]
print (t3)
t4 = [a2 + 8]
v38 = t4
return v38
func A_printb()
t3 = [a2 + 12]
print (t3)
t4 = [a2 + 12]
v40 = t4
return v40
func C_run()
t3 = [a2 + 8]
print (t3)
t4 = 9
v42 = t4
return v42
