func main()
v0 = 2
v1 = 4
v2 = v0 * v1
v3 = alloc(v2)
v4 = 12
vmt_A = alloc(v4)
[v3 + 0] = vmt_A
v5 = @A_bar
[vmt_A + 4] = v5
v6 = @A_foo
[vmt_A + 0] = v6
v7 = @A_baz
[vmt_A + 8] = v7
if0 v3 goto v3Error
goto v3End
v3Error:
error("null pointer")
v3End:
v8 = v3
a_obj = v8
v9 = 2
v10 = 4
v11 = v9 * v10
v12 = alloc(v11)
v13 = 12
vmt_B = alloc(v13)
[v12 + 0] = vmt_B
v14 = @A_bar
[vmt_B + 4] = v14
v15 = @B_foo
[vmt_B + 0] = v15
v16 = @B_baz
[vmt_B + 8] = v16
if0 v12 goto v12Error
goto v12End
v12Error:
error("null pointer")
v12End:
v17 = v12
b_obj = v17
if0 a_obj goto v18Error
goto v18Continue
v18Error:
error("null pointer")
v18Continue:
v19 = [a_obj + 0]
v20 = [v19 + 0]
v21 = 5
v22 = call v20(a_obj v21)
v23 = v22
result1 = v23
if0 b_obj goto v24Error
goto v24Continue
v24Error:
error("null pointer")
v24Continue:
v25 = [b_obj + 0]
v26 = [v25 + 0]
v27 = 5
v28 = call v26(b_obj v27)
v29 = v28
result2 = v29
print(result1)
print(result2)
if0 b_obj goto v30Error
goto v30Continue
v30Error:
error("null pointer")
v30Continue:
v31 = [b_obj + 0]
v32 = [v31 + 8]
v33 = call v32(b_obj)
print(v33)
v34 = 0
return v34
func A_foo(this a_param)
return a_param
func A_bar(this)
v35 = 0
v36 = v35
a_local = v36
return a_local
func A_baz(this)
v37 = [this + 4]
return v37
func B_foo(this a_param)
v38 = 2
v39=a_param * v38
v40 = v39
result = v40
return result
func B_baz(this)
v41 = 42
v42 = v41
result = v42
return result
